Archive member included to satisfy reference by file (symbol)

/opt/st/stm32cubeide_1.12.0/plugins/com.st.stm32cube.ide.mcu.externaltools.gnu-tools-for-stm32.10.3-2021.10.linux64_1.0.200.202301161003/tools/bin/../lib/gcc/arm-none-eabi/10.3.1/../../../../arm-none-eabi/lib/thumb/v7e-m+fp/hard/libc_nano.a(lib_a-errno.o)
                              ./Core/Src/syscalls.o (__errno)
/opt/st/stm32cubeide_1.12.0/plugins/com.st.stm32cube.ide.mcu.externaltools.gnu-tools-for-stm32.10.3-2021.10.linux64_1.0.200.202301161003/tools/bin/../lib/gcc/arm-none-eabi/10.3.1/../../../../arm-none-eabi/lib/thumb/v7e-m+fp/hard/libc_nano.a(lib_a-exit.o)
                              /opt/st/stm32cubeide_1.12.0/plugins/com.st.stm32cube.ide.mcu.externaltools.gnu-tools-for-stm32.10.3-2021.10.linux64_1.0.200.202301161003/tools/bin/../lib/gcc/arm-none-eabi/10.3.1/../../../../arm-none-eabi/lib/thumb/v7e-m+fp/hard/crt0.o (exit)
/opt/st/stm32cubeide_1.12.0/plugins/com.st.stm32cube.ide.mcu.externaltools.gnu-tools-for-stm32.10.3-2021.10.linux64_1.0.200.202301161003/tools/bin/../lib/gcc/arm-none-eabi/10.3.1/../../../../arm-none-eabi/lib/thumb/v7e-m+fp/hard/libc_nano.a(lib_a-fclose.o)
                              ./Core/Src/midi.o (fclose)
/opt/st/stm32cubeide_1.12.0/plugins/com.st.stm32cube.ide.mcu.externaltools.gnu-tools-for-stm32.10.3-2021.10.linux64_1.0.200.202301161003/tools/bin/../lib/gcc/arm-none-eabi/10.3.1/../../../../arm-none-eabi/lib/thumb/v7e-m+fp/hard/libc_nano.a(lib_a-fflush.o)
                              /opt/st/stm32cubeide_1.12.0/plugins/com.st.stm32cube.ide.mcu.externaltools.gnu-tools-for-stm32.10.3-2021.10.linux64_1.0.200.202301161003/tools/bin/../lib/gcc/arm-none-eabi/10.3.1/../../../../arm-none-eabi/lib/thumb/v7e-m+fp/hard/libc_nano.a(lib_a-fclose.o) (__sflush_r)
/opt/st/stm32cubeide_1.12.0/plugins/com.st.stm32cube.ide.mcu.externaltools.gnu-tools-for-stm32.10.3-2021.10.linux64_1.0.200.202301161003/tools/bin/../lib/gcc/arm-none-eabi/10.3.1/../../../../arm-none-eabi/lib/thumb/v7e-m+fp/hard/libc_nano.a(lib_a-findfp.o)
                              /opt/st/stm32cubeide_1.12.0/plugins/com.st.stm32cube.ide.mcu.externaltools.gnu-tools-for-stm32.10.3-2021.10.linux64_1.0.200.202301161003/tools/bin/../lib/gcc/arm-none-eabi/10.3.1/../../../../arm-none-eabi/lib/thumb/v7e-m+fp/hard/libc_nano.a(lib_a-fclose.o) (__sfp_lock_acquire)
/opt/st/stm32cubeide_1.12.0/plugins/com.st.stm32cube.ide.mcu.externaltools.gnu-tools-for-stm32.10.3-2021.10.linux64_1.0.200.202301161003/tools/bin/../lib/gcc/arm-none-eabi/10.3.1/../../../../arm-none-eabi/lib/thumb/v7e-m+fp/hard/libc_nano.a(lib_a-fopen.o)
                              ./Core/Src/midi.o (fopen)
/opt/st/stm32cubeide_1.12.0/plugins/com.st.stm32cube.ide.mcu.externaltools.gnu-tools-for-stm32.10.3-2021.10.linux64_1.0.200.202301161003/tools/bin/../lib/gcc/arm-none-eabi/10.3.1/../../../../arm-none-eabi/lib/thumb/v7e-m+fp/hard/libc_nano.a(lib_a-fread.o)
                              ./Core/Src/midi.o (fread)
/opt/st/stm32cubeide_1.12.0/plugins/com.st.stm32cube.ide.mcu.externaltools.gnu-tools-for-stm32.10.3-2021.10.linux64_1.0.200.202301161003/tools/bin/../lib/gcc/arm-none-eabi/10.3.1/../../../../arm-none-eabi/lib/thumb/v7e-m+fp/hard/libc_nano.a(lib_a-fseek.o)
                              /opt/st/stm32cubeide_1.12.0/plugins/com.st.stm32cube.ide.mcu.externaltools.gnu-tools-for-stm32.10.3-2021.10.linux64_1.0.200.202301161003/tools/bin/../lib/gcc/arm-none-eabi/10.3.1/../../../../arm-none-eabi/lib/thumb/v7e-m+fp/hard/libc_nano.a(lib_a-fopen.o) (_fseek_r)
/opt/st/stm32cubeide_1.12.0/plugins/com.st.stm32cube.ide.mcu.externaltools.gnu-tools-for-stm32.10.3-2021.10.linux64_1.0.200.202301161003/tools/bin/../lib/gcc/arm-none-eabi/10.3.1/../../../../arm-none-eabi/lib/thumb/v7e-m+fp/hard/libc_nano.a(lib_a-fseeko.o)
                              /opt/st/stm32cubeide_1.12.0/plugins/com.st.stm32cube.ide.mcu.externaltools.gnu-tools-for-stm32.10.3-2021.10.linux64_1.0.200.202301161003/tools/bin/../lib/gcc/arm-none-eabi/10.3.1/../../../../arm-none-eabi/lib/thumb/v7e-m+fp/hard/libc_nano.a(lib_a-fseek.o) (_fseeko_r)
/opt/st/stm32cubeide_1.12.0/plugins/com.st.stm32cube.ide.mcu.externaltools.gnu-tools-for-stm32.10.3-2021.10.linux64_1.0.200.202301161003/tools/bin/../lib/gcc/arm-none-eabi/10.3.1/../../../../arm-none-eabi/lib/thumb/v7e-m+fp/hard/libc_nano.a(lib_a-ftell.o)
                              ./Core/Src/midi.o (ftell)
/opt/st/stm32cubeide_1.12.0/plugins/com.st.stm32cube.ide.mcu.externaltools.gnu-tools-for-stm32.10.3-2021.10.linux64_1.0.200.202301161003/tools/bin/../lib/gcc/arm-none-eabi/10.3.1/../../../../arm-none-eabi/lib/thumb/v7e-m+fp/hard/libc_nano.a(lib_a-ftello.o)
                              /opt/st/stm32cubeide_1.12.0/plugins/com.st.stm32cube.ide.mcu.externaltools.gnu-tools-for-stm32.10.3-2021.10.linux64_1.0.200.202301161003/tools/bin/../lib/gcc/arm-none-eabi/10.3.1/../../../../arm-none-eabi/lib/thumb/v7e-m+fp/hard/libc_nano.a(lib_a-ftell.o) (_ftello_r)
[...]
Memory Configuration

Name             Origin             Length             Attributes
CCMRAM           0x0000000010000000 0x0000000000010000 xrw
RAM              0x0000000020000000 0x0000000000020000 xrw
FLASH            0x0000000008000000 0x0000000000100000 xr
*default*        0x0000000000000000 0xffffffffffffffff

Linker script and memory map

LOAD /opt/st/stm32cubeide_1.12.0/plugins/com.st.stm32cube.ide.mcu.externaltools.gnu-tools-for-stm32.10.3-2021.10.linux64_1.0.200.202301161003/tools/bin/../lib/gcc/arm-none-eabi/10.3.1/thumb/v7e-m+fp/hard/crti.o
LOAD /opt/st/stm32cubeide_1.12.0/plugins/com.st.stm32cube.ide.mcu.externaltools.gnu-tools-for-stm32.10.3-2021.10.linux64_1.0.200.202301161003/tools/bin/../lib/gcc/arm-none-eabi/10.3.1/thumb/v7e-m+fp/hard/crtbegin.o
LOAD /opt/st/stm32cubeide_1.12.0/plugins/com.st.stm32cube.ide.mcu.externaltools.gnu-tools-for-stm32.10.3-2021.10.linux64_1.0.200.202301161003/tools/bin/../lib/gcc/arm-none-eabi/10.3.1/../../../../arm-none-eabi/lib/thumb/v7e-m+fp/hard/crt0.o
LOAD ./Core/Src/fatfs_sd.o
LOAD ./Core/Src/main.o
LOAD ./Core/Src/midi.o
LOAD ./Core/Src/stm32f4xx_hal_msp.o
LOAD ./Core/Src/stm32f4xx_it.o
LOAD ./Core/Src/syscalls.o
LOAD ./Core/Src/sysmem.o
LOAD ./Core/Src/system_stm32f4xx.o
LOAD ./Core/Startup/startup_stm32f407vgtx.o
LOAD ./Drivers/STM32F4xx_HAL_Driver/Src/stm32f4xx_hal.o
LOAD ./Drivers/STM32F4xx_HAL_Driver/Src/stm32f4xx_hal_cortex.o
LOAD ./Drivers/STM32F4xx_HAL_Driver/Src/stm32f4xx_hal_dma.o
LOAD ./Drivers/STM32F4xx_HAL_Driver/Src/stm32f4xx_hal_dma_ex.o
LOAD ./Drivers/STM32F4xx_HAL_Driver/Src/stm32f4xx_hal_exti.o
LOAD ./Drivers/STM32F4xx_HAL_Driver/Src/stm32f4xx_hal_flash.o
LOAD ./Drivers/STM32F4xx_HAL_Driver/Src/stm32f4xx_hal_flash_ex.o
LOAD ./Drivers/STM32F4xx_HAL_Driver/Src/stm32f4xx_hal_flash_ramfunc.o
LOAD ./Drivers/STM32F4xx_HAL_Driver/Src/stm32f4xx_hal_gpio.o
LOAD ./Drivers/STM32F4xx_HAL_Driver/Src/stm32f4xx_hal_pwr.o
LOAD ./Drivers/STM32F4xx_HAL_Driver/Src/stm32f4xx_hal_pwr_ex.o
LOAD ./Drivers/STM32F4xx_HAL_Driver/Src/stm32f4xx_hal_rcc.o
LOAD ./Drivers/STM32F4xx_HAL_Driver/Src/stm32f4xx_hal_rcc_ex.o
LOAD ./Drivers/STM32F4xx_HAL_Driver/Src/stm32f4xx_hal_spi.o
LOAD ./Drivers/STM32F4xx_HAL_Driver/Src/stm32f4xx_hal_tim.o
LOAD ./Drivers/STM32F4xx_HAL_Driver/Src/stm32f4xx_hal_tim_ex.o
LOAD ./Drivers/STM32F4xx_HAL_Driver/Src/stm32f4xx_hal_uart.o
LOAD ./FATFS/App/fatfs.o
LOAD ./FATFS/Target/user_diskio.o
LOAD ./Middlewares/Third_Party/FatFs/src/diskio.o
LOAD ./Middlewares/Third_Party/FatFs/src/ff.o
LOAD ./Middlewares/Third_Party/FatFs/src/ff_gen_drv.o
LOAD ./Middlewares/Third_Party/FatFs/src/option/ccsbcs.o
LOAD ./Middlewares/Third_Party/FatFs/src/option/syscall.o
START GROUP
LOAD /opt/st/stm32cubeide_1.12.0/plugins/com.st.stm32cube.ide.mcu.externaltools.gnu-tools-for-stm32.10.3-2021.10.linux64_1.0.200.202301161003/tools/bin/../lib/gcc/arm-none-eabi/10.3.1/../../../../arm-none-eabi/lib/thumb/v7e-m+fp/hard/libc_nano.a
LOAD /opt/st/stm32cubeide_1.12.0/plugins/com.st.stm32cube.ide.mcu.externaltools.gnu-tools-for-stm32.10.3-2021.10.linux64_1.0.200.202301161003/tools/bin/../lib/gcc/arm-none-eabi/10.3.1/../../../../arm-none-eabi/lib/thumb/v7e-m+fp/hard/libm.a
END GROUP
START GROUP
LOAD /opt/st/stm32cubeide_1.12.0/plugins/com.st.stm32cube.ide.mcu.externaltools.gnu-tools-for-stm32.10.3-2021.10.linux64_1.0.200.202301161003/tools/bin/../lib/gcc/arm-none-eabi/10.3.1/thumb/v7e-m+fp/hard/libgcc.a
LOAD /opt/st/stm32cubeide_1.12.0/plugins/com.st.stm32cube.ide.mcu.externaltools.gnu-tools-for-stm32.10.3-2021.10.linux64_1.0.200.202301161003/tools/bin/../lib/gcc/arm-none-eabi/10.3.1/../../../../arm-none-eabi/lib/thumb/v7e-m+fp/hard/libc_nano.a
END GROUP
START GROUP
LOAD /opt/st/stm32cubeide_1.12.0/plugins/com.st.stm32cube.ide.mcu.externaltools.gnu-tools-for-stm32.10.3-2021.10.linux64_1.0.200.202301161003/tools/bin/../lib/gcc/arm-none-eabi/10.3.1/thumb/v7e-m+fp/hard/libgcc.a
LOAD /opt/st/stm32cubeide_1.12.0/plugins/com.st.stm32cube.ide.mcu.externaltools.gnu-tools-for-stm32.10.3-2021.10.linux64_1.0.200.202301161003/tools/bin/../lib/gcc/arm-none-eabi/10.3.1/../../../../arm-none-eabi/lib/thumb/v7e-m+fp/hard/libc_nano.a
LOAD /opt/st/stm32cubeide_1.12.0/plugins/com.st.stm32cube.ide.mcu.externaltools.gnu-tools-for-stm32.10.3-2021.10.linux64_1.0.200.202301161003/tools/bin/../lib/gcc/arm-none-eabi/10.3.1/../../../../arm-none-eabi/lib/thumb/v7e-m+fp/hard/libnosys.a
END GROUP
START GROUP
LOAD /opt/st/stm32cubeide_1.12.0/plugins/com.st.stm32cube.ide.mcu.externaltools.gnu-tools-for-stm32.10.3-2021.10.linux64_1.0.200.202301161003/tools/bin/../lib/gcc/arm-none-eabi/10.3.1/thumb/v7e-m+fp/hard/libgcc.a
LOAD /opt/st/stm32cubeide_1.12.0/plugins/com.st.stm32cube.ide.mcu.externaltools.gnu-tools-for-stm32.10.3-2021.10.linux64_1.0.200.202301161003/tools/bin/../lib/gcc/arm-none-eabi/10.3.1/../../../../arm-none-eabi/lib/thumb/v7e-m+fp/hard/libc_nano.a
LOAD /opt/st/stm32cubeide_1.12.0/plugins/com.st.stm32cube.ide.mcu.externaltools.gnu-tools-for-stm32.10.3-2021.10.linux64_1.0.200.202301161003/tools/bin/../lib/gcc/arm-none-eabi/10.3.1/../../../../arm-none-eabi/lib/thumb/v7e-m+fp/hard/libnosys.a
END GROUP
LOAD /opt/st/stm32cubeide_1.12.0/plugins/com.st.stm32cube.ide.mcu.externaltools.gnu-tools-for-stm32.10.3-2021.10.linux64_1.0.200.202301161003/tools/bin/../lib/gcc/arm-none-eabi/10.3.1/thumb/v7e-m+fp/hard/crtend.o
LOAD /opt/st/stm32cubeide_1.12.0/plugins/com.st.stm32cube.ide.mcu.externaltools.gnu-tools-for-stm32.10.3-2021.10.linux64_1.0.200.202301161003/tools/bin/../lib/gcc/arm-none-eabi/10.3.1/thumb/v7e-m+fp/hard/crtn.o
                0x0000000020020000                _estack = (ORIGIN (RAM) + LENGTH (RAM))
                0x0000000000000200                _Min_Heap_Size = 0x200
                0x0000000000000400                _Min_Stack_Size = 0x400

.isr_vector     0x0000000008000000      0x188
                0x0000000008000000                . = ALIGN (0x4)
 *(.isr_vector)
 .isr_vector    0x0000000008000000      0x188 ./Core/Startup/startup_stm32f407vgtx.o
                0x0000000008000000                g_pfnVectors
                0x0000000008000188                . = ALIGN (0x4)

.text           0x0000000008000190     0x880c
                0x0000000008000190                . = ALIGN (0x4)
 *(.text)
 .text          0x0000000008000190       0x40 /opt/st/stm32cubeide_1.12.0/plugins/com.st.stm32cube.ide.mcu.externaltools.gnu-tools-for-stm32.10.3-2021.10.linux64_1.0.200.202301161003/tools/bin/../lib/gcc/arm-none-eabi/10.3.1/thumb/v7e-m+fp/hard/crtbegin.o
 .text          0x00000000080001d0       0x10 /opt/st/stm32cubeide_1.12.0/plugins/com.st.stm32cube.ide.mcu.externaltools.gnu-tools-for-stm32.10.3-2021.10.linux64_1.0.200.202301161003/tools/bin/../lib/gcc/arm-none-eabi/10.3.1/../../../../arm-none-eabi/lib/thumb/v7e-m+fp/hard/libc_nano.a(lib_a-strlen.o)
                0x00000000080001d0                strlen
 .text          0x00000000080001e0       0xa0 /opt/st/stm32cubeide_1.12.0/plugins/com.st.stm32cube.ide.mcu.externaltools.gnu-tools-for-stm32.10.3-2021.10.linux64_1.0.200.202301161003/tools/bin/../lib/gcc/arm-none-eabi/10.3.1/../../../../arm-none-eabi/lib/thumb/v7e-m+fp/hard/libc_nano.a(lib_a-memchr.o)
                0x00000000080001e0                memchr
 .text          0x0000000008000280      0x21c /opt/st/stm32cubeide_1.12.0/plugins/com.st.stm32cube.ide.mcu.externaltools.gnu-tools-for-stm32.10.3-2021.10.linux64_1.0.200.202301161003/tools/bin/../lib/gcc/arm-none-eabi/10.3.1/thumb/v7e-m+fp/hard/libgcc.a(_arm_addsubsf3.o)
                0x0000000008000280                __aeabi_frsub
                0x0000000008000288                __subsf3
                0x0000000008000288                __aeabi_fsub
                0x000000000800028c                __aeabi_fadd
                0x000000000800028c                __addsf3
                0x00000000080003ec                __aeabi_ui2f
                0x00000000080003ec                __floatunsisf
                0x00000000080003f4                __aeabi_i2f
                0x00000000080003f4                __floatsisf
                0x0000000008000410                __floatundisf
                0x0000000008000410                __aeabi_ul2f
                0x0000000008000420                __floatdisf
                0x0000000008000420                __aeabi_l2f
 .text          0x000000000800049c       0x30 /opt/st/stm32cubeide_1.12.0/plugins/com.st.stm32cube.ide.mcu.externaltools.gnu-tools-for-stm32.10.3-2021.10.linux64_1.0.200.202301161003/tools/bin/../lib/gcc/arm-none-eabi/10.3.1/thumb/v7e-m+fp/hard/libgcc.a(_aeabi_uldivmod.o)
                0x000000000800049c                __aeabi_uldivmod
 .text          0x00000000080004cc      0x2d0 /opt/st/stm32cubeide_1.12.0/plugins/com.st.stm32cube.ide.mcu.externaltools.gnu-tools-for-stm32.10.3-2021.10.linux64_1.0.200.202301161003/tools/bin/../lib/gcc/arm-none-eabi/10.3.1/thumb/v7e-m+fp/hard/libgcc.a(_udivmoddi4.o)
                0x00000000080004cc                __udivmoddi4
 .text          0x000000000800079c        0x4 /opt/st/stm32cubeide_1.12.0/plugins/com.st.stm32cube.ide.mcu.externaltools.gnu-tools-for-stm32.10.3-2021.10.linux64_1.0.200.202301161003/tools/bin/../lib/gcc/arm-none-eabi/10.3.1/thumb/v7e-m+fp/hard/libgcc.a(_dvmd_tls.o)
                0x000000000800079c                __aeabi_ldiv0
                0x000000000800079c                __aeabi_idiv0
 *(.text*)
 .text.SELECT   0x00000000080007a0       0x20 ./Core/Src/fatfs_sd.o
 .text.DESELECT
                0x00000000080007c0       0x20 ./Core/Src/fatfs_sd.o
 .text.SPI_TxByte
                0x00000000080007e0       0x34 ./Core/Src/fatfs_sd.o
 .text.SPI_TxBuffer
                0x0000000008000814       0x34 ./Core/Src/fatfs_sd.o
 .text.SPI_RxByte
                0x0000000008000848       0x38 ./Core/Src/fatfs_sd.o
 .text.SPI_RxBytePtr
                0x0000000008000880       0x1c ./Core/Src/fatfs_sd.o
 .text.SD_ReadyWait
                0x000000000800089c       0x34 ./Core/Src/fatfs_sd.o
 .text.SD_PowerOn
                0x00000000080008d0       0x84 ./Core/Src/fatfs_sd.o
 .text.SD_PowerOff
                0x0000000008000954       0x18 ./Core/Src/fatfs_sd.o
 .text.SD_CheckPower
                0x000000000800096c       0x18 ./Core/Src/fatfs_sd.o
 .text.SD_RxDataBlock
                0x0000000008000984       0x60 ./Core/Src/fatfs_sd.o
 .text.SD_TxDataBlock
                0x00000000080009e4       0x86 ./Core/Src/fatfs_sd.o
 .text.SD_SendCmd
                0x0000000008000a6a       0xa8 ./Core/Src/fatfs_sd.o
 *fill*         0x0000000008000b12        0x2 
 .text.SD_disk_initialize
                0x0000000008000b14      0x1d8 ./Core/Src/fatfs_sd.o
                0x0000000008000b14                SD_disk_initialize
 .text.SD_disk_status
                0x0000000008000cec       0x2c ./Core/Src/fatfs_sd.o
                0x0000000008000cec                SD_disk_status
 .text.SD_disk_read
                0x0000000008000d18       0xd4 ./Core/Src/fatfs_sd.o
                0x0000000008000d18                SD_disk_read
 .text.SD_disk_write
                0x0000000008000dec      0x108 ./Core/Src/fatfs_sd.o
                0x0000000008000dec                SD_disk_write
 .text.SD_disk_ioctl
                0x0000000008000ef4      0x258 ./Core/Src/fatfs_sd.o
                0x0000000008000ef4                SD_disk_ioctl
 .text.shift_reg_init
                0x000000000800114c       0x28 ./Core/Src/main.o
                0x000000000800114c                shift_reg_init
 .text.put_val_to_shift_reg
                0x0000000008001174       0x6c ./Core/Src/main.o
                0x0000000008001174                put_val_to_shift_reg
 .text.clear_shift_reg
                0x00000000080011e0       0x38 ./Core/Src/main.o
                0x00000000080011e0                clear_shift_reg
 .text.send_uart
                0x0000000008001218       0x30 ./Core/Src/main.o
                0x0000000008001218                send_uart
 .text.get_sd_dirs
                0x0000000008001248      0x164 ./Core/Src/main.o
                0x0000000008001248                get_sd_dirs
 .text.test_midi_play
                0x00000000080013ac      0x3c0 ./Core/Src/main.o
                0x00000000080013ac                test_midi_play
 .text.main     0x000000000800176c       0xa4 ./Core/Src/main.o
                0x000000000800176c                main
 .text.SystemClock_Config
                0x0000000008001810       0xd4 ./Core/Src/main.o
                0x0000000008001810                SystemClock_Config
 .text.MX_SPI3_Init
                0x00000000080018e4       0x6c ./Core/Src/main.o
 .text.MX_TIM2_Init
                0x0000000008001950       0x9c ./Core/Src/main.o
 .text.MX_UART4_Init
                0x00000000080019ec       0x54 ./Core/Src/main.o
 .text.MX_GPIO_Init
                0x0000000008001a40      0x11c ./Core/Src/main.o
 .text.Error_Handler
                0x0000000008001b5c        0xa ./Core/Src/main.o
                0x0000000008001b5c                Error_Handler
 .text.parse_midi
                0x0000000008001b66      0x1ae ./Core/Src/midi.o
                0x0000000008001b66                parse_midi
 .text.events_post_proccessing
                0x0000000008001d14      0x1ea ./Core/Src/midi.o
                0x0000000008001d14                events_post_proccessing
 .text.AddDelayForAllExcept
                0x0000000008001efe       0x64 ./Core/Src/midi.o
                0x0000000008001efe                AddDelayForAllExcept
 .text.MidiSwap
                0x0000000008001f62       0x76 ./Core/Src/midi.o
                0x0000000008001f62                MidiSwap
 .text.get_note_ticks_delay
                0x0000000008001fd8       0x58 ./Core/Src/midi.o
                0x0000000008001fd8                get_note_ticks_delay
 .text.count_ticks_of_delay
                0x0000000008002030       0xc0 ./Core/Src/midi.o
                0x0000000008002030                count_ticks_of_delay
 .text.HAL_MspInit
                0x00000000080020f0       0x50 ./Core/Src/stm32f4xx_hal_msp.o
                0x00000000080020f0                HAL_MspInit
 .text.HAL_SPI_MspInit
                0x0000000008002140       0x90 ./Core/Src/stm32f4xx_hal_msp.o
                0x0000000008002140                HAL_SPI_MspInit
 .text.HAL_TIM_Base_MspInit
                0x00000000080021d0       0x4c ./Core/Src/stm32f4xx_hal_msp.o
                0x00000000080021d0                HAL_TIM_Base_MspInit
 .text.HAL_UART_MspInit
                0x000000000800221c       0x90 ./Core/Src/stm32f4xx_hal_msp.o
                0x000000000800221c                HAL_UART_MspInit
 .text.NMI_Handler
                0x00000000080022ac        0x6 ./Core/Src/stm32f4xx_it.o
                0x00000000080022ac                NMI_Handler
 .text.HardFault_Handler
                0x00000000080022b2        0x6 ./Core/Src/stm32f4xx_it.o
                0x00000000080022b2                HardFault_Handler
 .text.MemManage_Handler
                0x00000000080022b8        0x6 ./Core/Src/stm32f4xx_it.o
                0x00000000080022b8                MemManage_Handler
 .text.BusFault_Handler
                0x00000000080022be        0x6 ./Core/Src/stm32f4xx_it.o
                0x00000000080022be                BusFault_Handler
 .text.UsageFault_Handler
                0x00000000080022c4        0x6 ./Core/Src/stm32f4xx_it.o
                0x00000000080022c4                UsageFault_Handler
 .text.SVC_Handler
                0x00000000080022ca        0xe ./Core/Src/stm32f4xx_it.o
                0x00000000080022ca                SVC_Handler
 .text.DebugMon_Handler
                0x00000000080022d8        0xe ./Core/Src/stm32f4xx_it.o
                0x00000000080022d8                DebugMon_Handler
 .text.PendSV_Handler
                0x00000000080022e6        0xe ./Core/Src/stm32f4xx_it.o
                0x00000000080022e6                PendSV_Handler
 .text.SysTick_Handler
                0x00000000080022f4        0xc ./Core/Src/stm32f4xx_it.o
                0x00000000080022f4                SysTick_Handler
 .text.TIM2_IRQHandler
                0x0000000008002300       0x14 ./Core/Src/stm32f4xx_it.o
                0x0000000008002300                TIM2_IRQHandler
 .text._sbrk    0x0000000008002314       0x6c ./Core/Src/sysmem.o
                0x0000000008002314                _sbrk
 .text.SystemInit
                0x0000000008002380       0x24 ./Core/Src/system_stm32f4xx.o
                0x0000000008002380                SystemInit
 .text.Reset_Handler
                0x00000000080023a4       0x50 ./Core/Startup/startup_stm32f407vgtx.o
                0x00000000080023a4                Reset_Handler
 .text.Default_Handler
                0x00000000080023f4        0x2 ./Core/Startup/startup_stm32f407vgtx.o
                0x00000000080023f4                RTC_Alarm_IRQHandler
                0x00000000080023f4                HASH_RNG_IRQHandler
                0x00000000080023f4                EXTI2_IRQHandler
                0x00000000080023f4                TIM8_CC_IRQHandler
                0x00000000080023f4                TIM1_CC_IRQHandler
                0x00000000080023f4                DMA2_Stream5_IRQHandler
                0x00000000080023f4                DMA1_Stream5_IRQHandler
                0x00000000080023f4                PVD_IRQHandler
                0x00000000080023f4                SDIO_IRQHandler
                0x00000000080023f4                TAMP_STAMP_IRQHandler
                0x00000000080023f4                CAN2_RX1_IRQHandler
                0x00000000080023f4                EXTI3_IRQHandler
                0x00000000080023f4                TIM8_TRG_COM_TIM14_IRQHandler
                0x00000000080023f4                TIM1_UP_TIM10_IRQHandler
                0x00000000080023f4                TIM8_UP_TIM13_IRQHandler
                0x00000000080023f4                I2C3_ER_IRQHandler
                0x00000000080023f4                EXTI0_IRQHandler
                0x00000000080023f4                I2C2_EV_IRQHandler
                0x00000000080023f4                DMA1_Stream2_IRQHandler
                0x00000000080023f4                CAN1_RX0_IRQHandler
                0x00000000080023f4                FPU_IRQHandler
                0x00000000080023f4                OTG_HS_WKUP_IRQHandler
                0x00000000080023f4                CAN2_SCE_IRQHandler
                0x00000000080023f4                DMA2_Stream2_IRQHandler
                0x00000000080023f4                SPI1_IRQHandler
                0x00000000080023f4                TIM6_DAC_IRQHandler
                0x00000000080023f4                TIM1_BRK_TIM9_IRQHandler
                0x00000000080023f4                DCMI_IRQHandler
                0x00000000080023f4                CAN2_RX0_IRQHandler
                0x00000000080023f4                DMA2_Stream3_IRQHandler
                0x00000000080023f4                USART6_IRQHandler
                0x00000000080023f4                USART3_IRQHandler
                0x00000000080023f4                CAN1_RX1_IRQHandler
                0x00000000080023f4                UART5_IRQHandler
                0x00000000080023f4                DMA2_Stream0_IRQHandler
                0x00000000080023f4                TIM4_IRQHandler
                0x00000000080023f4                I2C1_EV_IRQHandler
                0x00000000080023f4                DMA1_Stream6_IRQHandler
                0x00000000080023f4                DMA1_Stream1_IRQHandler
                0x00000000080023f4                UART4_IRQHandler
                0x00000000080023f4                TIM3_IRQHandler
                0x00000000080023f4                RCC_IRQHandler
                0x00000000080023f4                TIM8_BRK_TIM12_IRQHandler
                0x00000000080023f4                Default_Handler
                0x00000000080023f4                EXTI15_10_IRQHandler
                0x00000000080023f4                ADC_IRQHandler
                0x00000000080023f4                DMA1_Stream7_IRQHandler
                0x00000000080023f4                TIM7_IRQHandler
                0x00000000080023f4                CAN2_TX_IRQHandler
                0x00000000080023f4                TIM5_IRQHandler
                0x00000000080023f4                DMA2_Stream7_IRQHandler
                0x00000000080023f4                I2C3_EV_IRQHandler
                0x00000000080023f4                EXTI9_5_IRQHandler
                0x00000000080023f4                RTC_WKUP_IRQHandler
                0x00000000080023f4                ETH_WKUP_IRQHandler
                0x00000000080023f4                SPI2_IRQHandler
                0x00000000080023f4                OTG_HS_EP1_IN_IRQHandler
                0x00000000080023f4                DMA1_Stream0_IRQHandler
                0x00000000080023f4                CAN1_TX_IRQHandler
                0x00000000080023f4                EXTI4_IRQHandler
                0x00000000080023f4                FSMC_IRQHandler
                0x00000000080023f4                ETH_IRQHandler
                0x00000000080023f4                OTG_HS_EP1_OUT_IRQHandler
                0x00000000080023f4                WWDG_IRQHandler
                0x00000000080023f4                OTG_FS_WKUP_IRQHandler
                0x00000000080023f4                TIM1_TRG_COM_TIM11_IRQHandler
                0x00000000080023f4                OTG_HS_IRQHandler
                0x00000000080023f4                EXTI1_IRQHandler
                0x00000000080023f4                USART2_IRQHandler
                0x00000000080023f4                I2C2_ER_IRQHandler
                0x00000000080023f4                DMA2_Stream1_IRQHandler
                0x00000000080023f4                CAN1_SCE_IRQHandler
                0x00000000080023f4                FLASH_IRQHandler
                0x00000000080023f4                DMA2_Stream4_IRQHandler
                0x00000000080023f4                USART1_IRQHandler
                0x00000000080023f4                OTG_FS_IRQHandler
                0x00000000080023f4                SPI3_IRQHandler
                0x00000000080023f4                DMA1_Stream4_IRQHandler
                0x00000000080023f4                I2C1_ER_IRQHandler
                0x00000000080023f4                DMA2_Stream6_IRQHandler
                0x00000000080023f4                DMA1_Stream3_IRQHandler
 *fill*         0x00000000080023f6        0x2 
 .text.HAL_Init
                0x00000000080023f8       0x44 ./Drivers/STM32F4xx_HAL_Driver/Src/stm32f4xx_hal.o
                0x00000000080023f8                HAL_Init
 .text.HAL_InitTick
                0x000000000800243c       0x60 ./Drivers/STM32F4xx_HAL_Driver/Src/stm32f4xx_hal.o
                0x000000000800243c                HAL_InitTick
 .text.HAL_IncTick
                0x000000000800249c       0x28 ./Drivers/STM32F4xx_HAL_Driver/Src/stm32f4xx_hal.o
                0x000000000800249c                HAL_IncTick
 .text.HAL_GetTick
                0x00000000080024c4       0x18 ./Drivers/STM32F4xx_HAL_Driver/Src/stm32f4xx_hal.o
                0x00000000080024c4                HAL_GetTick
 .text.HAL_Delay
                0x00000000080024dc       0x48 ./Drivers/STM32F4xx_HAL_Driver/Src/stm32f4xx_hal.o
                0x00000000080024dc                HAL_Delay
 .text.__NVIC_SetPriorityGrouping
                0x0000000008002524       0x48 ./Drivers/STM32F4xx_HAL_Driver/Src/stm32f4xx_hal_cortex.o
 .text.__NVIC_GetPriorityGrouping
                0x000000000800256c       0x1c ./Drivers/STM32F4xx_HAL_Driver/Src/stm32f4xx_hal_cortex.o
 .text.__NVIC_EnableIRQ
                0x0000000008002588       0x3c ./Drivers/STM32F4xx_HAL_Driver/Src/stm32f4xx_hal_cortex.o
 .text.__NVIC_SetPriority
                0x00000000080025c4       0x54 ./Drivers/STM32F4xx_HAL_Driver/Src/stm32f4xx_hal_cortex.o
 .text.NVIC_EncodePriority
                0x0000000008002618       0x66 ./Drivers/STM32F4xx_HAL_Driver/Src/stm32f4xx_hal_cortex.o
 *fill*         0x000000000800267e        0x2 
 .text.SysTick_Config
                0x0000000008002680       0x44 ./Drivers/STM32F4xx_HAL_Driver/Src/stm32f4xx_hal_cortex.o
 .text.HAL_NVIC_SetPriorityGrouping
                0x00000000080026c4       0x16 ./Drivers/STM32F4xx_HAL_Driver/Src/stm32f4xx_hal_cortex.o
                0x00000000080026c4                HAL_NVIC_SetPriorityGrouping
 .text.HAL_NVIC_SetPriority
                0x00000000080026da       0x38 ./Drivers/STM32F4xx_HAL_Driver/Src/stm32f4xx_hal_cortex.o
                0x00000000080026da                HAL_NVIC_SetPriority
 .text.HAL_NVIC_EnableIRQ
                0x0000000008002712       0x1c ./Drivers/STM32F4xx_HAL_Driver/Src/stm32f4xx_hal_cortex.o
                0x0000000008002712                HAL_NVIC_EnableIRQ
 .text.HAL_SYSTICK_Config
                0x000000000800272e       0x18 ./Drivers/STM32F4xx_HAL_Driver/Src/stm32f4xx_hal_cortex.o
                0x000000000800272e                HAL_SYSTICK_Config
 *fill*         0x0000000008002746        0x2 
 .text.HAL_GPIO_Init
                0x0000000008002748      0x338 ./Drivers/STM32F4xx_HAL_Driver/Src/stm32f4xx_hal_gpio.o
                0x0000000008002748                HAL_GPIO_Init
 .text.HAL_GPIO_WritePin
                0x0000000008002a80       0x32 ./Drivers/STM32F4xx_HAL_Driver/Src/stm32f4xx_hal_gpio.o
                0x0000000008002a80                HAL_GPIO_WritePin
 *fill*         0x0000000008002ab2        0x2 
 .text.HAL_RCC_OscConfig
                0x0000000008002ab4      0x4f0 ./Drivers/STM32F4xx_HAL_Driver/Src/stm32f4xx_hal_rcc.o
                0x0000000008002ab4                HAL_RCC_OscConfig
 .text.HAL_RCC_ClockConfig
                0x0000000008002fa4      0x1cc ./Drivers/STM32F4xx_HAL_Driver/Src/stm32f4xx_hal_rcc.o
                0x0000000008002fa4                HAL_RCC_ClockConfig
 .text.HAL_RCC_GetSysClockFreq
                0x0000000008003170      0x20c ./Drivers/STM32F4xx_HAL_Driver/Src/stm32f4xx_hal_rcc.o
                0x0000000008003170                HAL_RCC_GetSysClockFreq
 .text.HAL_RCC_GetHCLKFreq
                0x000000000800337c       0x18 ./Drivers/STM32F4xx_HAL_Driver/Src/stm32f4xx_hal_rcc.o
                0x000000000800337c                HAL_RCC_GetHCLKFreq
 .text.HAL_RCC_GetPCLK1Freq
                0x0000000008003394       0x28 ./Drivers/STM32F4xx_HAL_Driver/Src/stm32f4xx_hal_rcc.o
                0x0000000008003394                HAL_RCC_GetPCLK1Freq
 .text.HAL_RCC_GetPCLK2Freq
                0x00000000080033bc       0x28 ./Drivers/STM32F4xx_HAL_Driver/Src/stm32f4xx_hal_rcc.o
                0x00000000080033bc                HAL_RCC_GetPCLK2Freq
 .text.HAL_SPI_Init
                0x00000000080033e4      0x112 ./Drivers/STM32F4xx_HAL_Driver/Src/stm32f4xx_hal_spi.o
                0x00000000080033e4                HAL_SPI_Init
 .text.HAL_SPI_Transmit
                0x00000000080034f6      0x278 ./Drivers/STM32F4xx_HAL_Driver/Src/stm32f4xx_hal_spi.o
                0x00000000080034f6                HAL_SPI_Transmit
 .text.HAL_SPI_TransmitReceive
                0x000000000800376e      0x344 ./Drivers/STM32F4xx_HAL_Driver/Src/stm32f4xx_hal_spi.o
                0x000000000800376e                HAL_SPI_TransmitReceive
 *fill*         0x0000000008003ab2        0x2 
 .text.SPI_WaitFlagStateUntilTimeout
                0x0000000008003ab4      0x110 ./Drivers/STM32F4xx_HAL_Driver/Src/stm32f4xx_hal_spi.o
 .text.SPI_EndRxTxTransaction
                0x0000000008003bc4       0x84 ./Drivers/STM32F4xx_HAL_Driver/Src/stm32f4xx_hal_spi.o
 .text.HAL_TIM_Base_Init
                0x0000000008003c48       0x9e ./Drivers/STM32F4xx_HAL_Driver/Src/stm32f4xx_hal_tim.o
                0x0000000008003c48                HAL_TIM_Base_Init
 .text.HAL_TIM_IRQHandler
                0x0000000008003ce6      0x210 ./Drivers/STM32F4xx_HAL_Driver/Src/stm32f4xx_hal_tim.o
                0x0000000008003ce6                HAL_TIM_IRQHandler
 .text.HAL_TIM_ConfigClockSource
                0x0000000008003ef6      0x18e ./Drivers/STM32F4xx_HAL_Driver/Src/stm32f4xx_hal_tim.o
                0x0000000008003ef6                HAL_TIM_ConfigClockSource
 .text.HAL_TIM_PeriodElapsedCallback
                0x0000000008004084       0x14 ./Drivers/STM32F4xx_HAL_Driver/Src/stm32f4xx_hal_tim.o
                0x0000000008004084                HAL_TIM_PeriodElapsedCallback
 .text.HAL_TIM_OC_DelayElapsedCallback
                0x0000000008004098       0x14 ./Drivers/STM32F4xx_HAL_Driver/Src/stm32f4xx_hal_tim.o
                0x0000000008004098                HAL_TIM_OC_DelayElapsedCallback
 .text.HAL_TIM_IC_CaptureCallback
                0x00000000080040ac       0x14 ./Drivers/STM32F4xx_HAL_Driver/Src/stm32f4xx_hal_tim.o
                0x00000000080040ac                HAL_TIM_IC_CaptureCallback
 .text.HAL_TIM_PWM_PulseFinishedCallback
                0x00000000080040c0       0x14 ./Drivers/STM32F4xx_HAL_Driver/Src/stm32f4xx_hal_tim.o
                0x00000000080040c0                HAL_TIM_PWM_PulseFinishedCallback
 .text.HAL_TIM_TriggerCallback
                0x00000000080040d4       0x14 ./Drivers/STM32F4xx_HAL_Driver/Src/stm32f4xx_hal_tim.o
                0x00000000080040d4                HAL_TIM_TriggerCallback
 .text.TIM_Base_SetConfig
                0x00000000080040e8      0x140 ./Drivers/STM32F4xx_HAL_Driver/Src/stm32f4xx_hal_tim.o
                0x00000000080040e8                TIM_Base_SetConfig
 .text.TIM_TI1_ConfigInputStage
                0x0000000008004228       0x5e ./Drivers/STM32F4xx_HAL_Driver/Src/stm32f4xx_hal_tim.o
 .text.TIM_TI2_ConfigInputStage
                0x0000000008004286       0x60 ./Drivers/STM32F4xx_HAL_Driver/Src/stm32f4xx_hal_tim.o
 .text.TIM_ITRx_SetConfig
                0x00000000080042e6       0x36 ./Drivers/STM32F4xx_HAL_Driver/Src/stm32f4xx_hal_tim.o
 .text.TIM_ETR_SetConfig
                0x000000000800431c       0x40 ./Drivers/STM32F4xx_HAL_Driver/Src/stm32f4xx_hal_tim.o
                0x000000000800431c                TIM_ETR_SetConfig
 .text.HAL_TIMEx_MasterConfigSynchronization
                0x000000000800435c       0xf8 ./Drivers/STM32F4xx_HAL_Driver/Src/stm32f4xx_hal_tim_ex.o
                0x000000000800435c                HAL_TIMEx_MasterConfigSynchronization
 .text.HAL_TIMEx_CommutCallback
                0x0000000008004454       0x14 ./Drivers/STM32F4xx_HAL_Driver/Src/stm32f4xx_hal_tim_ex.o
                0x0000000008004454                HAL_TIMEx_CommutCallback
 .text.HAL_TIMEx_BreakCallback
                0x0000000008004468       0x14 ./Drivers/STM32F4xx_HAL_Driver/Src/stm32f4xx_hal_tim_ex.o
                0x0000000008004468                HAL_TIMEx_BreakCallback
 .text.HAL_UART_Init
                0x000000000800447c       0x9a ./Drivers/STM32F4xx_HAL_Driver/Src/stm32f4xx_hal_uart.o
                0x000000000800447c                HAL_UART_Init
 .text.HAL_UART_Transmit
                0x0000000008004516      0x124 ./Drivers/STM32F4xx_HAL_Driver/Src/stm32f4xx_hal_uart.o
                0x0000000008004516                HAL_UART_Transmit
 .text.UART_WaitOnFlagUntilTimeout
                0x000000000800463a       0xdc ./Drivers/STM32F4xx_HAL_Driver/Src/stm32f4xx_hal_uart.o
 *fill*         0x0000000008004716        0x2 
 .text.UART_SetConfig
                0x0000000008004718      0x4e8 ./Drivers/STM32F4xx_HAL_Driver/Src/stm32f4xx_hal_uart.o
 .text.MX_FATFS_Init
                0x0000000008004c00       0x24 ./FATFS/App/fatfs.o
                0x0000000008004c00                MX_FATFS_Init
 .text.get_fattime
                0x0000000008004c24       0x10 ./FATFS/App/fatfs.o
                0x0000000008004c24                get_fattime
 .text.USER_initialize
                0x0000000008004c34       0x1e ./FATFS/Target/user_diskio.o
                0x0000000008004c34                USER_initialize
 .text.USER_status
                0x0000000008004c52       0x1e ./FATFS/Target/user_diskio.o
                0x0000000008004c52                USER_status
 .text.USER_read
                0x0000000008004c70       0x28 ./FATFS/Target/user_diskio.o
                0x0000000008004c70                USER_read
 .text.USER_write
                0x0000000008004c98       0x28 ./FATFS/Target/user_diskio.o
                0x0000000008004c98                USER_write
 .text.USER_ioctl
                0x0000000008004cc0       0x28 ./FATFS/Target/user_diskio.o
                0x0000000008004cc0                USER_ioctl
 .text.disk_status
                0x0000000008004ce8       0x34 ./Middlewares/Third_Party/FatFs/src/diskio.o
                0x0000000008004ce8                disk_status
 .text.disk_initialize
                0x0000000008004d1c       0x4c ./Middlewares/Third_Party/FatFs/src/diskio.o
                0x0000000008004d1c                disk_initialize
 .text.disk_read
                0x0000000008004d68       0x40 ./Middlewares/Third_Party/FatFs/src/diskio.o
                0x0000000008004d68                disk_read
 .text.disk_write
                0x0000000008004da8       0x40 ./Middlewares/Third_Party/FatFs/src/diskio.o
                0x0000000008004da8                disk_write
 .text.disk_ioctl
                0x0000000008004de8       0x3c ./Middlewares/Third_Party/FatFs/src/diskio.o
                0x0000000008004de8                disk_ioctl
 .text.ld_word  0x0000000008004e24       0x30 ./Middlewares/Third_Party/FatFs/src/ff.o
 .text.ld_dword
                0x0000000008004e54       0x46 ./Middlewares/Third_Party/FatFs/src/ff.o
 .text.st_word  0x0000000008004e9a       0x36 ./Middlewares/Third_Party/FatFs/src/ff.o
 .text.st_dword
                0x0000000008004ed0       0x58 ./Middlewares/Third_Party/FatFs/src/ff.o
 .text.mem_cpy  0x0000000008004f28       0x42 ./Middlewares/Third_Party/FatFs/src/ff.o
 .text.mem_set  0x0000000008004f6a       0x36 ./Middlewares/Third_Party/FatFs/src/ff.o
 .text.mem_cmp  0x0000000008004fa0       0x4e ./Middlewares/Third_Party/FatFs/src/ff.o
 .text.chk_chr  0x0000000008004fee       0x36 ./Middlewares/Third_Party/FatFs/src/ff.o
 .text.chk_lock
                0x0000000008005024       0xb8 ./Middlewares/Third_Party/FatFs/src/ff.o
 .text.enq_lock
                0x00000000080050dc       0x44 ./Middlewares/Third_Party/FatFs/src/ff.o
 .text.inc_lock
                0x0000000008005120      0x11c ./Middlewares/Third_Party/FatFs/src/ff.o
 .text.dec_lock
                0x000000000800523c       0x78 ./Middlewares/Third_Party/FatFs/src/ff.o
 .text.clear_lock
                0x00000000080052b4       0x48 ./Middlewares/Third_Party/FatFs/src/ff.o
 .text.sync_window
                0x00000000080052fc       0x88 ./Middlewares/Third_Party/FatFs/src/ff.o
 .text.move_window
                0x0000000008005384       0x5a ./Middlewares/Third_Party/FatFs/src/ff.o
 *fill*         0x00000000080053de        0x2 
 .text.sync_fs  0x00000000080053e0       0xe0 ./Middlewares/Third_Party/FatFs/src/ff.o
 .text.clust2sect
                0x00000000080054c0       0x3e ./Middlewares/Third_Party/FatFs/src/ff.o
 .text.get_fat  0x00000000080054fe      0x1a8 ./Middlewares/Third_Party/FatFs/src/ff.o
 .text.put_fat  0x00000000080056a6      0x238 ./Middlewares/Third_Party/FatFs/src/ff.o
 .text.remove_chain
                0x00000000080058de       0xca ./Middlewares/Third_Party/FatFs/src/ff.o
 .text.create_chain
                0x00000000080059a8      0x130 ./Middlewares/Third_Party/FatFs/src/ff.o
 .text.clmt_clust
                0x0000000008005ad8       0x70 ./Middlewares/Third_Party/FatFs/src/ff.o
 .text.dir_sdi  0x0000000008005b48      0x112 ./Middlewares/Third_Party/FatFs/src/ff.o
 .text.dir_next
                0x0000000008005c5a      0x1ac ./Middlewares/Third_Party/FatFs/src/ff.o
 .text.dir_alloc
                0x0000000008005e06       0x8e ./Middlewares/Third_Party/FatFs/src/ff.o
 .text.ld_clust
                0x0000000008005e94       0x3e ./Middlewares/Third_Party/FatFs/src/ff.o
 .text.st_clust
                0x0000000008005ed2       0x40 ./Middlewares/Third_Party/FatFs/src/ff.o
 *fill*         0x0000000008005f12        0x2 
 .text.cmp_lfn  0x0000000008005f14       0xe0 ./Middlewares/Third_Party/FatFs/src/ff.o
 .text.pick_lfn
                0x0000000008005ff4       0xc8 ./Middlewares/Third_Party/FatFs/src/ff.o
 .text.put_lfn  0x00000000080060bc       0xd0 ./Middlewares/Third_Party/FatFs/src/ff.o
 .text.gen_numname
                0x000000000800618c      0x11c ./Middlewares/Third_Party/FatFs/src/ff.o
 .text.sum_sfn  0x00000000080062a8       0x42 ./Middlewares/Third_Party/FatFs/src/ff.o
 .text.dir_read
                0x00000000080062ea      0x14e ./Middlewares/Third_Party/FatFs/src/ff.o
 .text.dir_find
                0x0000000008006438      0x180 ./Middlewares/Third_Party/FatFs/src/ff.o
 .text.dir_register
                0x00000000080065b8      0x1f0 ./Middlewares/Third_Party/FatFs/src/ff.o
 .text.get_fileinfo
                0x00000000080067a8      0x1ba ./Middlewares/Third_Party/FatFs/src/ff.o
 *fill*         0x0000000008006962        0x2 
 .text.create_name
                0x0000000008006964      0x370 ./Middlewares/Third_Party/FatFs/src/ff.o
 .text.follow_path
                0x0000000008006cd4       0xec ./Middlewares/Third_Party/FatFs/src/ff.o
 .text.get_ldnumber
                0x0000000008006dc0       0x88 ./Middlewares/Third_Party/FatFs/src/ff.o
 .text.check_fs
                0x0000000008006e48       0xac ./Middlewares/Third_Party/FatFs/src/ff.o
 .text.find_volume
                0x0000000008006ef4      0x50c ./Middlewares/Third_Party/FatFs/src/ff.o
 .text.validate
                0x0000000008007400       0x6a ./Middlewares/Third_Party/FatFs/src/ff.o
 *fill*         0x000000000800746a        0x2 
 .text.f_mount  0x000000000800746c       0x8c ./Middlewares/Third_Party/FatFs/src/ff.o
                0x000000000800746c                f_mount
 .text.f_open   0x00000000080074f8      0x398 ./Middlewares/Third_Party/FatFs/src/ff.o
                0x00000000080074f8                f_open
 .text.f_read   0x0000000008007890      0x2be ./Middlewares/Third_Party/FatFs/src/ff.o
                0x0000000008007890                f_read
 .text.f_sync   0x0000000008007b4e       0xfc ./Middlewares/Third_Party/FatFs/src/ff.o
                0x0000000008007b4e                f_sync
 .text.f_close  0x0000000008007c4a       0x54 ./Middlewares/Third_Party/FatFs/src/ff.o
                0x0000000008007c4a                f_close
 .text.f_opendir
                0x0000000008007c9e       0xe6 ./Middlewares/Third_Party/FatFs/src/ff.o
                0x0000000008007c9e                f_opendir
 .text.f_readdir
                0x0000000008007d84       0x7a ./Middlewares/Third_Party/FatFs/src/ff.o
                0x0000000008007d84                f_readdir
 *fill*         0x0000000008007dfe        0x2 
 .text.FATFS_LinkDriverEx
                0x0000000008007e00       0x98 ./Middlewares/Third_Party/FatFs/src/ff_gen_drv.o
                0x0000000008007e00                FATFS_LinkDriverEx
 .text.FATFS_LinkDriver
                0x0000000008007e98       0x1e ./Middlewares/Third_Party/FatFs/src/ff_gen_drv.o
                0x0000000008007e98                FATFS_LinkDriver
 *fill*         0x0000000008007eb6        0x2 
 .text.ff_convert
                0x0000000008007eb8       0x78 ./Middlewares/Third_Party/FatFs/src/option/ccsbcs.o
                0x0000000008007eb8                ff_convert
 .text.ff_wtoupper
                0x0000000008007f30      0x114 ./Middlewares/Third_Party/FatFs/src/option/ccsbcs.o
                0x0000000008007f30                ff_wtoupper
 .text.__errno  0x0000000008008044        0xc /opt/st/stm32cubeide_1.12.0/plugins/com.st.stm32cube.ide.mcu.externaltools.gnu-tools-for-stm32.10.3-2021.10.linux64_1.0.200.202301161003/tools/bin/../lib/gcc/arm-none-eabi/10.3.1/../../../../arm-none-eabi/lib/thumb/v7e-m+fp/hard/libc_nano.a(lib_a-errno.o)
                0x0000000008008044                __errno
 .text.__libc_init_array
                0x0000000008008050       0x48 /opt/st/stm32cubeide_1.12.0/plugins/com.st.stm32cube.ide.mcu.externaltools.gnu-tools-for-stm32.10.3-2021.10.linux64_1.0.200.202301161003/tools/bin/../lib/gcc/arm-none-eabi/10.3.1/../../../../arm-none-eabi/lib/thumb/v7e-m+fp/hard/libc_nano.a(lib_a-init.o)
                0x0000000008008050                __libc_init_array
 .text.__retarget_lock_acquire_recursive
                0x0000000008008098        0x2 /opt/st/stm32cubeide_1.12.0/plugins/com.st.stm32cube.ide.mcu.externaltools.gnu-tools-for-stm32.10.3-2021.10.linux64_1.0.200.202301161003/tools/bin/../lib/gcc/arm-none-eabi/10.3.1/../../../../arm-none-eabi/lib/thumb/v7e-m+fp/hard/libc_nano.a(lib_a-lock.o)
                0x0000000008008098                __retarget_lock_acquire_recursive
 .text.__retarget_lock_release_recursive
                0x000000000800809a        0x2 /opt/st/stm32cubeide_1.12.0/plugins/com.st.stm32cube.ide.mcu.externaltools.gnu-tools-for-stm32.10.3-2021.10.linux64_1.0.200.202301161003/tools/bin/../lib/gcc/arm-none-eabi/10.3.1/../../../../arm-none-eabi/lib/thumb/v7e-m+fp/hard/libc_nano.a(lib_a-lock.o)
                0x000000000800809a                __retarget_lock_release_recursive
 .text.memcpy   0x000000000800809c       0x1c /opt/st/stm32cubeide_1.12.0/plugins/com.st.stm32cube.ide.mcu.externaltools.gnu-tools-for-stm32.10.3-2021.10.linux64_1.0.200.202301161003/tools/bin/../lib/gcc/arm-none-eabi/10.3.1/../../../../arm-none-eabi/lib/thumb/v7e-m+fp/hard/libc_nano.a(lib_a-memcpy-stub.o)
                0x000000000800809c                memcpy
 .text.memset   0x00000000080080b8       0x10 /opt/st/stm32cubeide_1.12.0/plugins/com.st.stm32cube.ide.mcu.externaltools.gnu-tools-for-stm32.10.3-2021.10.linux64_1.0.200.202301161003/tools/bin/../lib/gcc/arm-none-eabi/10.3.1/../../../../arm-none-eabi/lib/thumb/v7e-m+fp/hard/libc_nano.a(lib_a-memset.o)
                0x00000000080080b8                memset
 .text._free_r  0x00000000080080c8       0x98 /opt/st/stm32cubeide_1.12.0/plugins/com.st.stm32cube.ide.mcu.externaltools.gnu-tools-for-stm32.10.3-2021.10.linux64_1.0.200.202301161003/tools/bin/../lib/gcc/arm-none-eabi/10.3.1/../../../../arm-none-eabi/lib/thumb/v7e-m+fp/hard/libc_nano.a(lib_a-nano-freer.o)
                0x00000000080080c8                _free_r
 .text.sbrk_aligned
                0x0000000008008160       0x40 /opt/st/stm32cubeide_1.12.0/plugins/com.st.stm32cube.ide.mcu.externaltools.gnu-tools-for-stm32.10.3-2021.10.linux64_1.0.200.202301161003/tools/bin/../lib/gcc/arm-none-eabi/10.3.1/../../../../arm-none-eabi/lib/thumb/v7e-m+fp/hard/libc_nano.a(lib_a-nano-mallocr.o)
 .text._malloc_r
                0x00000000080081a0       0xe8 /opt/st/stm32cubeide_1.12.0/plugins/com.st.stm32cube.ide.mcu.externaltools.gnu-tools-for-stm32.10.3-2021.10.linux64_1.0.200.202301161003/tools/bin/../lib/gcc/arm-none-eabi/10.3.1/../../../../arm-none-eabi/lib/thumb/v7e-m+fp/hard/libc_nano.a(lib_a-nano-mallocr.o)
                0x00000000080081a0                _malloc_r
 .text._sbrk_r  0x0000000008008288       0x20 /opt/st/stm32cubeide_1.12.0/plugins/com.st.stm32cube.ide.mcu.externaltools.gnu-tools-for-stm32.10.3-2021.10.linux64_1.0.200.202301161003/tools/bin/../lib/gcc/arm-none-eabi/10.3.1/../../../../arm-none-eabi/lib/thumb/v7e-m+fp/hard/libc_nano.a(lib_a-sbrkr.o)
                0x0000000008008288                _sbrk_r
 .text.sprintf  0x00000000080082a8       0x40 /opt/st/stm32cubeide_1.12.0/plugins/com.st.stm32cube.ide.mcu.externaltools.gnu-tools-for-stm32.10.3-2021.10.linux64_1.0.200.202301161003/tools/bin/../lib/gcc/arm-none-eabi/10.3.1/../../../../arm-none-eabi/lib/thumb/v7e-m+fp/hard/libc_nano.a(lib_a-sprintf.o)
                0x00000000080082a8                sprintf
                0x00000000080082a8                siprintf
 .text.__malloc_lock
                0x00000000080082e8        0xc /opt/st/stm32cubeide_1.12.0/plugins/com.st.stm32cube.ide.mcu.externaltools.gnu-tools-for-stm32.10.3-2021.10.linux64_1.0.200.202301161003/tools/bin/../lib/gcc/arm-none-eabi/10.3.1/../../../../arm-none-eabi/lib/thumb/v7e-m+fp/hard/libc_nano.a(lib_a-mlock.o)
                0x00000000080082e8                __malloc_lock
 .text.__malloc_unlock
                0x00000000080082f4        0xc /opt/st/stm32cubeide_1.12.0/plugins/com.st.stm32cube.ide.mcu.externaltools.gnu-tools-for-stm32.10.3-2021.10.linux64_1.0.200.202301161003/tools/bin/../lib/gcc/arm-none-eabi/10.3.1/../../../../arm-none-eabi/lib/thumb/v7e-m+fp/hard/libc_nano.a(lib_a-mlock.o)
                0x00000000080082f4                __malloc_unlock
 .text.__ssputs_r
                0x0000000008008300       0xb6 /opt/st/stm32cubeide_1.12.0/plugins/com.st.stm32cube.ide.mcu.externaltools.gnu-tools-for-stm32.10.3-2021.10.linux64_1.0.200.202301161003/tools/bin/../lib/gcc/arm-none-eabi/10.3.1/../../../../arm-none-eabi/lib/thumb/v7e-m+fp/hard/libc_nano.a(lib_a-nano-svfprintf.o)
                0x0000000008008300                __ssputs_r
 *fill*         0x00000000080083b6        0x2 
 .text._svfprintf_r
                0x00000000080083b8      0x200 /opt/st/stm32cubeide_1.12.0/plugins/com.st.stm32cube.ide.mcu.externaltools.gnu-tools-for-stm32.10.3-2021.10.linux64_1.0.200.202301161003/tools/bin/../lib/gcc/arm-none-eabi/10.3.1/../../../../arm-none-eabi/lib/thumb/v7e-m+fp/hard/libc_nano.a(lib_a-nano-svfprintf.o)
                0x00000000080083b8                _svfprintf_r
                0x00000000080083b8                _svfiprintf_r
 .text._printf_common
                0x00000000080085b8       0xda /opt/st/stm32cubeide_1.12.0/plugins/com.st.stm32cube.ide.mcu.externaltools.gnu-tools-for-stm32.10.3-2021.10.linux64_1.0.200.202301161003/tools/bin/../lib/gcc/arm-none-eabi/10.3.1/../../../../arm-none-eabi/lib/thumb/v7e-m+fp/hard/libc_nano.a(lib_a-nano-vfprintf_i.o)
                0x00000000080085b8                _printf_common
 *fill*         0x0000000008008692        0x2 
 .text._printf_i
                0x0000000008008694      0x24c /opt/st/stm32cubeide_1.12.0/plugins/com.st.stm32cube.ide.mcu.externaltools.gnu-tools-for-stm32.10.3-2021.10.linux64_1.0.200.202301161003/tools/bin/../lib/gcc/arm-none-eabi/10.3.1/../../../../arm-none-eabi/lib/thumb/v7e-m+fp/hard/libc_nano.a(lib_a-nano-vfprintf_i.o)
                0x0000000008008694                _printf_i
 .text.memmove  0x00000000080088e0       0x34 /opt/st/stm32cubeide_1.12.0/plugins/com.st.stm32cube.ide.mcu.externaltools.gnu-tools-for-stm32.10.3-2021.10.linux64_1.0.200.202301161003/tools/bin/../lib/gcc/arm-none-eabi/10.3.1/../../../../arm-none-eabi/lib/thumb/v7e-m+fp/hard/libc_nano.a(lib_a-memmove.o)
                0x00000000080088e0                memmove
 .text._realloc_r
                0x0000000008008914       0x5e /opt/st/stm32cubeide_1.12.0/plugins/com.st.stm32cube.ide.mcu.externaltools.gnu-tools-for-stm32.10.3-2021.10.linux64_1.0.200.202301161003/tools/bin/../lib/gcc/arm-none-eabi/10.3.1/../../../../arm-none-eabi/lib/thumb/v7e-m+fp/hard/libc_nano.a(lib_a-nano-reallocr.o)
                0x0000000008008914                _realloc_r
 .text._malloc_usable_size_r
                0x0000000008008972       0x10 /opt/st/stm32cubeide_1.12.0/plugins/com.st.stm32cube.ide.mcu.externaltools.gnu-tools-for-stm32.10.3-2021.10.linux64_1.0.200.202301161003/tools/bin/../lib/gcc/arm-none-eabi/10.3.1/../../../../arm-none-eabi/lib/thumb/v7e-m+fp/hard/libc_nano.a(lib_a-nano-msizer.o)
                0x0000000008008972                _malloc_usable_size_r
 *(.glue_7)
 .glue_7        0x0000000008008982        0x0 linker stubs
 *(.glue_7t)
 .glue_7t       0x0000000008008982        0x0 linker stubs
 *(.eh_frame)
 *fill*         0x0000000008008982        0x2 
 .eh_frame      0x0000000008008984        0x0 /opt/st/stm32cubeide_1.12.0/plugins/com.st.stm32cube.ide.mcu.externaltools.gnu-tools-for-stm32.10.3-2021.10.linux64_1.0.200.202301161003/tools/bin/../lib/gcc/arm-none-eabi/10.3.1/thumb/v7e-m+fp/hard/crtbegin.o
 *(.init)
 .init          0x0000000008008984        0x4 /opt/st/stm32cubeide_1.12.0/plugins/com.st.stm32cube.ide.mcu.externaltools.gnu-tools-for-stm32.10.3-2021.10.linux64_1.0.200.202301161003/tools/bin/../lib/gcc/arm-none-eabi/10.3.1/thumb/v7e-m+fp/hard/crti.o
                0x0000000008008984                _init
 .init          0x0000000008008988        0x8 /opt/st/stm32cubeide_1.12.0/plugins/com.st.stm32cube.ide.mcu.externaltools.gnu-tools-for-stm32.10.3-2021.10.linux64_1.0.200.202301161003/tools/bin/../lib/gcc/arm-none-eabi/10.3.1/thumb/v7e-m+fp/hard/crtn.o
 *(.fini)
 .fini          0x0000000008008990        0x4 /opt/st/stm32cubeide_1.12.0/plugins/com.st.stm32cube.ide.mcu.externaltools.gnu-tools-for-stm32.10.3-2021.10.linux64_1.0.200.202301161003/tools/bin/../lib/gcc/arm-none-eabi/10.3.1/thumb/v7e-m+fp/hard/crti.o
                0x0000000008008990                _fini
 .fini          0x0000000008008994        0x8 /opt/st/stm32cubeide_1.12.0/plugins/com.st.stm32cube.ide.mcu.externaltools.gnu-tools-for-stm32.10.3-2021.10.linux64_1.0.200.202301161003/tools/bin/../lib/gcc/arm-none-eabi/10.3.1/thumb/v7e-m+fp/hard/crtn.o
                0x000000000800899c                . = ALIGN (0x4)
                0x000000000800899c                _etext = .

.vfp11_veneer   0x000000000800899c        0x0
 .vfp11_veneer  0x000000000800899c        0x0 linker stubs

.v4_bx          0x000000000800899c        0x0
 .v4_bx         0x000000000800899c        0x0 linker stubs

.iplt           0x000000000800899c        0x0
 .iplt          0x000000000800899c        0x0 /opt/st/stm32cubeide_1.12.0/plugins/com.st.stm32cube.ide.mcu.externaltools.gnu-tools-for-stm32.10.3-2021.10.linux64_1.0.200.202301161003/tools/bin/../lib/gcc/arm-none-eabi/10.3.1/thumb/v7e-m+fp/hard/crtbegin.o

.rodata         0x000000000800899c      0x758
                0x000000000800899c                . = ALIGN (0x4)
 *(.rodata)
 .rodata        0x000000000800899c      0x197 ./Core/Src/main.o
 *fill*         0x0000000008008b33        0x1 
 .rodata        0x0000000008008b34       0x8c ./Core/Src/midi.o
 .rodata        0x0000000008008bc0       0x48 ./Middlewares/Third_Party/FatFs/src/ff.o
 *(.rodata*)
 .rodata.AHBPrescTable
                0x0000000008008c08       0x10 ./Core/Src/system_stm32f4xx.o
                0x0000000008008c08                AHBPrescTable
 .rodata.APBPrescTable
                0x0000000008008c18        0x8 ./Core/Src/system_stm32f4xx.o
                0x0000000008008c18                APBPrescTable
 .rodata.ExCvt  0x0000000008008c20       0x80 ./Middlewares/Third_Party/FatFs/src/ff.o
 .rodata.LfnOfs
                0x0000000008008ca0        0xd ./Middlewares/Third_Party/FatFs/src/ff.o
 *fill*         0x0000000008008cad        0x3 
 .rodata.Tbl    0x0000000008008cb0      0x100 ./Middlewares/Third_Party/FatFs/src/option/ccsbcs.o
 .rodata.cvt1.1
                0x0000000008008db0      0x1f2 ./Middlewares/Third_Party/FatFs/src/option/ccsbcs.o
 *fill*         0x0000000008008fa2        0x2 
 .rodata.cvt2.0
                0x0000000008008fa4       0xbc ./Middlewares/Third_Party/FatFs/src/option/ccsbcs.o
 .rodata.__sf_fake_stderr
                0x0000000008009060       0x20 /opt/st/stm32cubeide_1.12.0/plugins/com.st.stm32cube.ide.mcu.externaltools.gnu-tools-for-stm32.10.3-2021.10.linux64_1.0.200.202301161003/tools/bin/../lib/gcc/arm-none-eabi/10.3.1/../../../../arm-none-eabi/lib/thumb/v7e-m+fp/hard/libc_nano.a(lib_a-findfp.o)
                0x0000000008009060                __sf_fake_stderr
 .rodata.__sf_fake_stdin
                0x0000000008009080       0x20 /opt/st/stm32cubeide_1.12.0/plugins/com.st.stm32cube.ide.mcu.externaltools.gnu-tools-for-stm32.10.3-2021.10.linux64_1.0.200.202301161003/tools/bin/../lib/gcc/arm-none-eabi/10.3.1/../../../../arm-none-eabi/lib/thumb/v7e-m+fp/hard/libc_nano.a(lib_a-findfp.o)
                0x0000000008009080                __sf_fake_stdin
 .rodata.__sf_fake_stdout
                0x00000000080090a0       0x20 /opt/st/stm32cubeide_1.12.0/plugins/com.st.stm32cube.ide.mcu.externaltools.gnu-tools-for-stm32.10.3-2021.10.linux64_1.0.200.202301161003/tools/bin/../lib/gcc/arm-none-eabi/10.3.1/../../../../arm-none-eabi/lib/thumb/v7e-m+fp/hard/libc_nano.a(lib_a-findfp.o)
                0x00000000080090a0                __sf_fake_stdout
 .rodata._svfprintf_r.str1.1
                0x00000000080090c0       0x11 /opt/st/stm32cubeide_1.12.0/plugins/com.st.stm32cube.ide.mcu.externaltools.gnu-tools-for-stm32.10.3-2021.10.linux64_1.0.200.202301161003/tools/bin/../lib/gcc/arm-none-eabi/10.3.1/../../../../arm-none-eabi/lib/thumb/v7e-m+fp/hard/libc_nano.a(lib_a-nano-svfprintf.o)
 .rodata._printf_i.str1.1
                0x00000000080090d1       0x22 /opt/st/stm32cubeide_1.12.0/plugins/com.st.stm32cube.ide.mcu.externaltools.gnu-tools-for-stm32.10.3-2021.10.linux64_1.0.200.202301161003/tools/bin/../lib/gcc/arm-none-eabi/10.3.1/../../../../arm-none-eabi/lib/thumb/v7e-m+fp/hard/libc_nano.a(lib_a-nano-vfprintf_i.o)
                0x00000000080090f4                . = ALIGN (0x4)
 *fill*         0x00000000080090f3        0x1 

.ARM.extab      0x00000000080090f4        0x0
                0x00000000080090f4                . = ALIGN (0x4)
 *(.ARM.extab* .gnu.linkonce.armextab.*)
                0x00000000080090f4                . = ALIGN (0x4)

.ARM            0x00000000080090f4        0x8
                0x00000000080090f4                . = ALIGN (0x4)
                0x00000000080090f4                __exidx_start = .
 *(.ARM.exidx*)
 .ARM.exidx     0x00000000080090f4        0x8 /opt/st/stm32cubeide_1.12.0/plugins/com.st.stm32cube.ide.mcu.externaltools.gnu-tools-for-stm32.10.3-2021.10.linux64_1.0.200.202301161003/tools/bin/../lib/gcc/arm-none-eabi/10.3.1/thumb/v7e-m+fp/hard/libgcc.a(_udivmoddi4.o)
                0x00000000080090fc                __exidx_end = .
                0x00000000080090fc                . = ALIGN (0x4)

.rel.dyn        0x00000000080090fc        0x0
 .rel.iplt      0x00000000080090fc        0x0 /opt/st/stm32cubeide_1.12.0/plugins/com.st.stm32cube.ide.mcu.externaltools.gnu-tools-for-stm32.10.3-2021.10.linux64_1.0.200.202301161003/tools/bin/../lib/gcc/arm-none-eabi/10.3.1/thumb/v7e-m+fp/hard/crtbegin.o

.preinit_array  0x00000000080090fc        0x0
                0x00000000080090fc                . = ALIGN (0x4)
                0x00000000080090fc                PROVIDE (__preinit_array_start = .)
 *(.preinit_array*)
                0x00000000080090fc                PROVIDE (__preinit_array_end = .)
                0x00000000080090fc                . = ALIGN (0x4)

.init_array     0x00000000080090fc        0x4
                0x00000000080090fc                . = ALIGN (0x4)
                0x00000000080090fc                PROVIDE (__init_array_start = .)
 *(SORT_BY_NAME(.init_array.*))
 *(.init_array*)
 .init_array    0x00000000080090fc        0x4 /opt/st/stm32cubeide_1.12.0/plugins/com.st.stm32cube.ide.mcu.externaltools.gnu-tools-for-stm32.10.3-2021.10.linux64_1.0.200.202301161003/tools/bin/../lib/gcc/arm-none-eabi/10.3.1/thumb/v7e-m+fp/hard/crtbegin.o
                0x0000000008009100                PROVIDE (__init_array_end = .)
                0x0000000008009100                . = ALIGN (0x4)

.fini_array     0x0000000008009100        0x4
                0x0000000008009100                . = ALIGN (0x4)
                [!provide]                        PROVIDE (__fini_array_start = .)
 *(SORT_BY_NAME(.fini_array.*))
 *(.fini_array*)
 .fini_array    0x0000000008009100        0x4 /opt/st/stm32cubeide_1.12.0/plugins/com.st.stm32cube.ide.mcu.externaltools.gnu-tools-for-stm32.10.3-2021.10.linux64_1.0.200.202301161003/tools/bin/../lib/gcc/arm-none-eabi/10.3.1/thumb/v7e-m+fp/hard/crtbegin.o
                [!provide]                        PROVIDE (__fini_array_end = .)
                0x0000000008009104                . = ALIGN (0x4)
                0x0000000008009104                _sidata = LOADADDR (.data)

.data           0x0000000020000000       0x88 load address 0x0000000008009104
                0x0000000020000000                . = ALIGN (0x4)
                0x0000000020000000                _sdata = .
 *(.data)
 *(.data*)
 .data.Stat     0x0000000020000000        0x1 ./Core/Src/fatfs_sd.o
 *fill*         0x0000000020000001        0x3 
 .data.SystemCoreClock
                0x0000000020000004        0x4 ./Core/Src/system_stm32f4xx.o
                0x0000000020000004                SystemCoreClock
 .data.uwTickPrio
                0x0000000020000008        0x4 ./Drivers/STM32F4xx_HAL_Driver/Src/stm32f4xx_hal.o
                0x0000000020000008                uwTickPrio
 .data.uwTickFreq
                0x000000002000000c        0x1 ./Drivers/STM32F4xx_HAL_Driver/Src/stm32f4xx_hal.o
                0x000000002000000c                uwTickFreq
 *fill*         0x000000002000000d        0x3 
 .data.USER_Driver
                0x0000000020000010       0x14 ./FATFS/Target/user_diskio.o
                0x0000000020000010                USER_Driver
 .data._impure_ptr
                0x0000000020000024        0x4 /opt/st/stm32cubeide_1.12.0/plugins/com.st.stm32cube.ide.mcu.externaltools.gnu-tools-for-stm32.10.3-2021.10.linux64_1.0.200.202301161003/tools/bin/../lib/gcc/arm-none-eabi/10.3.1/../../../../arm-none-eabi/lib/thumb/v7e-m+fp/hard/libc_nano.a(lib_a-impure.o)
                0x0000000020000024                _impure_ptr
 .data.impure_data
                0x0000000020000028       0x60 /opt/st/stm32cubeide_1.12.0/plugins/com.st.stm32cube.ide.mcu.externaltools.gnu-tools-for-stm32.10.3-2021.10.linux64_1.0.200.202301161003/tools/bin/../lib/gcc/arm-none-eabi/10.3.1/../../../../arm-none-eabi/lib/thumb/v7e-m+fp/hard/libc_nano.a(lib_a-impure.o)
 *(.RamFunc)
 *(.RamFunc*)
                0x0000000020000088                . = ALIGN (0x4)
                0x0000000020000088                _edata = .
                0x000000000800918c                _siccmram = LOADADDR (.ccmram)

.igot.plt       0x0000000020000088        0x0 load address 0x000000000800918c
 .igot.plt      0x0000000020000088        0x0 /opt/st/stm32cubeide_1.12.0/plugins/com.st.stm32cube.ide.mcu.externaltools.gnu-tools-for-stm32.10.3-2021.10.linux64_1.0.200.202301161003/tools/bin/../lib/gcc/arm-none-eabi/10.3.1/thumb/v7e-m+fp/hard/crtbegin.o

.ccmram         0x0000000010000000        0x0 load address 0x000000000800918c
                0x0000000010000000                . = ALIGN (0x4)
                0x0000000010000000                _sccmram = .
 *(.ccmram)
 *(.ccmram*)
                0x0000000010000000                . = ALIGN (0x4)
                0x0000000010000000                _eccmram = .
                0x0000000010000000                . = ALIGN (0x4)

.bss            0x0000000020000088     0x1394
                0x0000000020000088                _sbss = .
                0x0000000020000088                __bss_start__ = _sbss
 *(.bss)
 .bss           0x0000000020000088       0x1c /opt/st/stm32cubeide_1.12.0/plugins/com.st.stm32cube.ide.mcu.externaltools.gnu-tools-for-stm32.10.3-2021.10.linux64_1.0.200.202301161003/tools/bin/../lib/gcc/arm-none-eabi/10.3.1/thumb/v7e-m+fp/hard/crtbegin.o
 *(.bss*)
 .bss.CardType  0x00000000200000a4        0x1 ./Core/Src/fatfs_sd.o
 .bss.PowerFlag
                0x00000000200000a5        0x1 ./Core/Src/fatfs_sd.o
 *fill*         0x00000000200000a6        0x2 
 .bss.hspi3     0x00000000200000a8       0x58 ./Core/Src/main.o
                0x00000000200000a8                hspi3
 .bss.htim2     0x0000000020000100       0x48 ./Core/Src/main.o
                0x0000000020000100                htim2
 .bss.huart4    0x0000000020000148       0x44 ./Core/Src/main.o
                0x0000000020000148                huart4
 .bss.fs        0x000000002000018c     0x1038 ./Core/Src/main.o
                0x000000002000018c                fs
 .bss.fresult   0x00000000200011c4        0x1 ./Core/Src/main.o
                0x00000000200011c4                fresult
 .bss.Timer1    0x00000000200011c5        0x1 ./Core/Src/stm32f4xx_it.o
                0x00000000200011c5                Timer1
 .bss.Timer2    0x00000000200011c6        0x1 ./Core/Src/stm32f4xx_it.o
                0x00000000200011c6                Timer2
 *fill*         0x00000000200011c7        0x1 
 .bss.__sbrk_heap_end
                0x00000000200011c8        0x4 ./Core/Src/sysmem.o
 .bss.uwTick    0x00000000200011cc        0x4 ./Drivers/STM32F4xx_HAL_Driver/Src/stm32f4xx_hal.o
                0x00000000200011cc                uwTick
 .bss.retUSER   0x00000000200011d0        0x1 ./FATFS/App/fatfs.o
                0x00000000200011d0                retUSER
 *fill*         0x00000000200011d1        0x3 
 .bss.USERPath  0x00000000200011d4        0x4 ./FATFS/App/fatfs.o
                0x00000000200011d4                USERPath
 .bss.FatFs     0x00000000200011d8        0x4 ./Middlewares/Third_Party/FatFs/src/ff.o
 .bss.Fsid      0x00000000200011dc        0x2 ./Middlewares/Third_Party/FatFs/src/ff.o
 *fill*         0x00000000200011de        0x2 
 .bss.Files     0x00000000200011e0       0x20 ./Middlewares/Third_Party/FatFs/src/ff.o
 .bss.LfnBuf    0x0000000020001200      0x200 ./Middlewares/Third_Party/FatFs/src/ff.o
 .bss.disk      0x0000000020001400        0xc ./Middlewares/Third_Party/FatFs/src/ff_gen_drv.o
                0x0000000020001400                disk
 .bss.__lock___malloc_recursive_mutex
                0x000000002000140c        0x1 /opt/st/stm32cubeide_1.12.0/plugins/com.st.stm32cube.ide.mcu.externaltools.gnu-tools-for-stm32.10.3-2021.10.linux64_1.0.200.202301161003/tools/bin/../lib/gcc/arm-none-eabi/10.3.1/../../../../arm-none-eabi/lib/thumb/v7e-m+fp/hard/libc_nano.a(lib_a-lock.o)
                0x000000002000140c                __lock___malloc_recursive_mutex
 *fill*         0x000000002000140d        0x3 
 .bss.__malloc_free_list
                0x0000000020001410        0x4 /opt/st/stm32cubeide_1.12.0/plugins/com.st.stm32cube.ide.mcu.externaltools.gnu-tools-for-stm32.10.3-2021.10.linux64_1.0.200.202301161003/tools/bin/../lib/gcc/arm-none-eabi/10.3.1/../../../../arm-none-eabi/lib/thumb/v7e-m+fp/hard/libc_nano.a(lib_a-nano-mallocr.o)
                0x0000000020001410                __malloc_free_list
 .bss.__malloc_sbrk_start
                0x0000000020001414        0x4 /opt/st/stm32cubeide_1.12.0/plugins/com.st.stm32cube.ide.mcu.externaltools.gnu-tools-for-stm32.10.3-2021.10.linux64_1.0.200.202301161003/tools/bin/../lib/gcc/arm-none-eabi/10.3.1/../../../../arm-none-eabi/lib/thumb/v7e-m+fp/hard/libc_nano.a(lib_a-nano-mallocr.o)
                0x0000000020001414                __malloc_sbrk_start
 .bss.errno     0x0000000020001418        0x4 /opt/st/stm32cubeide_1.12.0/plugins/com.st.stm32cube.ide.mcu.externaltools.gnu-tools-for-stm32.10.3-2021.10.linux64_1.0.200.202301161003/tools/bin/../lib/gcc/arm-none-eabi/10.3.1/../../../../arm-none-eabi/lib/thumb/v7e-m+fp/hard/libc_nano.a(lib_a-reent.o)
                0x0000000020001418                errno
 *(COMMON)
                0x000000002000141c                . = ALIGN (0x4)
                0x000000002000141c                _ebss = .
                0x000000002000141c                __bss_end__ = _ebss

._user_heap_stack
                0x000000002000141c      0x604
                0x0000000020001420                . = ALIGN (0x8)
 *fill*         0x000000002000141c        0x4 
                [!provide]                        PROVIDE (end = .)
                0x0000000020001420                PROVIDE (_end = .)
                0x0000000020001620                . = (. + _Min_Heap_Size)
 *fill*         0x0000000020001420      0x200 
                0x0000000020001a20                . = (. + _Min_Stack_Size)
 *fill*         0x0000000020001620      0x400 
                0x0000000020001a20                . = ALIGN (0x8)

/DISCARD/
 libc.a(*)
 libm.a(*)
 libgcc.a(*)

.ARM.attributes
                0x0000000000000000       0x30
 *(.ARM.attributes)
 .ARM.attributes
                0x0000000000000000       0x1e /opt/st/stm32cubeide_1.12.0/plugins/com.st.stm32cube.ide.mcu.externaltools.gnu-tools-for-stm32.10.3-2021.10.linux64_1.0.200.202301161003/tools/bin/../lib/gcc/arm-none-eabi/10.3.1/thumb/v7e-m+fp/hard/crti.o
 .ARM.attributes
                0x000000000000001e       0x34 /opt/st/stm32cubeide_1.12.0/plugins/com.st.stm32cube.ide.mcu.externaltools.gnu-tools-for-stm32.10.3-2021.10.linux64_1.0.200.202301161003/tools/bin/../lib/gcc/arm-none-eabi/10.3.1/thumb/v7e-m+fp/hard/crtbegin.o
 .ARM.attributes
                0x0000000000000052       0x34 ./Core/Src/fatfs_sd.o
 .ARM.attributes
                0x0000000000000086       0x34 ./Core/Src/main.o
 .ARM.attributes
                0x00000000000000ba       0x34 ./Core/Src/midi.o
 .ARM.attributes
                0x00000000000000ee       0x34 ./Core/Src/stm32f4xx_hal_msp.o
 .ARM.attributes
                0x0000000000000122       0x34 ./Core/Src/stm32f4xx_it.o
 .ARM.attributes
                0x0000000000000156       0x34 ./Core/Src/sysmem.o
 .ARM.attributes
                0x000000000000018a       0x34 ./Core/Src/system_stm32f4xx.o
 .ARM.attributes
                0x00000000000001be       0x21 ./Core/Startup/startup_stm32f407vgtx.o
 .ARM.attributes
                0x00000000000001df       0x34 ./Drivers/STM32F4xx_HAL_Driver/Src/stm32f4xx_hal.o
 .ARM.attributes
                0x0000000000000213       0x34 ./Drivers/STM32F4xx_HAL_Driver/Src/stm32f4xx_hal_cortex.o
 .ARM.attributes
                0x0000000000000247       0x34 ./Drivers/STM32F4xx_HAL_Driver/Src/stm32f4xx_hal_gpio.o
 .ARM.attributes
                0x000000000000027b       0x34 ./Drivers/STM32F4xx_HAL_Driver/Src/stm32f4xx_hal_rcc.o
 .ARM.attributes
                0x00000000000002af       0x34 ./Drivers/STM32F4xx_HAL_Driver/Src/stm32f4xx_hal_spi.o
 .ARM.attributes
                0x00000000000002e3       0x34 ./Drivers/STM32F4xx_HAL_Driver/Src/stm32f4xx_hal_tim.o
 .ARM.attributes
                0x0000000000000317       0x34 ./Drivers/STM32F4xx_HAL_Driver/Src/stm32f4xx_hal_tim_ex.o
 .ARM.attributes
                0x000000000000034b       0x34 ./Drivers/STM32F4xx_HAL_Driver/Src/stm32f4xx_hal_uart.o
 .ARM.attributes
                0x000000000000037f       0x34 ./FATFS/App/fatfs.o
 .ARM.attributes
                0x00000000000003b3       0x34 ./FATFS/Target/user_diskio.o
 .ARM.attributes
                0x00000000000003e7       0x34 ./Middlewares/Third_Party/FatFs/src/diskio.o
 .ARM.attributes
                0x000000000000041b       0x34 ./Middlewares/Third_Party/FatFs/src/ff.o
 .ARM.attributes
                0x000000000000044f       0x34 ./Middlewares/Third_Party/FatFs/src/ff_gen_drv.o
 .ARM.attributes
                0x0000000000000483       0x34 ./Middlewares/Third_Party/FatFs/src/option/ccsbcs.o
 .ARM.attributes
                0x00000000000004b7       0x34 /opt/st/stm32cubeide_1.12.0/plugins/com.st.stm32cube.ide.mcu.externaltools.gnu-tools-for-stm32.10.3-2021.10.linux64_1.0.200.202301161003/tools/bin/../lib/gcc/arm-none-eabi/10.3.1/../../../../arm-none-eabi/lib/thumb/v7e-m+fp/hard/libc_nano.a(lib_a-errno.o)
 .ARM.attributes
                0x00000000000004eb       0x34 /opt/st/stm32cubeide_1.12.0/plugins/com.st.stm32cube.ide.mcu.externaltools.gnu-tools-for-stm32.10.3-2021.10.linux64_1.0.200.202301161003/tools/bin/../lib/gcc/arm-none-eabi/10.3.1/../../../../arm-none-eabi/lib/thumb/v7e-m+fp/hard/libc_nano.a(lib_a-findfp.o)
 .ARM.attributes
                0x000000000000051f       0x34 /opt/st/stm32cubeide_1.12.0/plugins/com.st.stm32cube.ide.mcu.externaltools.gnu-tools-for-stm32.10.3-2021.10.linux64_1.0.200.202301161003/tools/bin/../lib/gcc/arm-none-eabi/10.3.1/../../../../arm-none-eabi/lib/thumb/v7e-m+fp/hard/libc_nano.a(lib_a-impure.o)
 .ARM.attributes
                0x0000000000000553       0x34 /opt/st/stm32cubeide_1.12.0/plugins/com.st.stm32cube.ide.mcu.externaltools.gnu-tools-for-stm32.10.3-2021.10.linux64_1.0.200.202301161003/tools/bin/../lib/gcc/arm-none-eabi/10.3.1/../../../../arm-none-eabi/lib/thumb/v7e-m+fp/hard/libc_nano.a(lib_a-init.o)
 .ARM.attributes
                0x0000000000000587       0x34 /opt/st/stm32cubeide_1.12.0/plugins/com.st.stm32cube.ide.mcu.externaltools.gnu-tools-for-stm32.10.3-2021.10.linux64_1.0.200.202301161003/tools/bin/../lib/gcc/arm-none-eabi/10.3.1/../../../../arm-none-eabi/lib/thumb/v7e-m+fp/hard/libc_nano.a(lib_a-lock.o)
 .ARM.attributes
                0x00000000000005bb       0x34 /opt/st/stm32cubeide_1.12.0/plugins/com.st.stm32cube.ide.mcu.externaltools.gnu-tools-for-stm32.10.3-2021.10.linux64_1.0.200.202301161003/tools/bin/../lib/gcc/arm-none-eabi/10.3.1/../../../../arm-none-eabi/lib/thumb/v7e-m+fp/hard/libc_nano.a(lib_a-memcpy-stub.o)
 .ARM.attributes
                0x00000000000005ef       0x34 /opt/st/stm32cubeide_1.12.0/plugins/com.st.stm32cube.ide.mcu.externaltools.gnu-tools-for-stm32.10.3-2021.10.linux64_1.0.200.202301161003/tools/bin/../lib/gcc/arm-none-eabi/10.3.1/../../../../arm-none-eabi/lib/thumb/v7e-m+fp/hard/libc_nano.a(lib_a-memset.o)
 .ARM.attributes
                0x0000000000000623       0x34 /opt/st/stm32cubeide_1.12.0/plugins/com.st.stm32cube.ide.mcu.externaltools.gnu-tools-for-stm32.10.3-2021.10.linux64_1.0.200.202301161003/tools/bin/../lib/gcc/arm-none-eabi/10.3.1/../../../../arm-none-eabi/lib/thumb/v7e-m+fp/hard/libc_nano.a(lib_a-nano-freer.o)
 .ARM.attributes
                0x0000000000000657       0x34 /opt/st/stm32cubeide_1.12.0/plugins/com.st.stm32cube.ide.mcu.externaltools.gnu-tools-for-stm32.10.3-2021.10.linux64_1.0.200.202301161003/tools/bin/../lib/gcc/arm-none-eabi/10.3.1/../../../../arm-none-eabi/lib/thumb/v7e-m+fp/hard/libc_nano.a(lib_a-nano-mallocr.o)
 .ARM.attributes
                0x000000000000068b       0x34 /opt/st/stm32cubeide_1.12.0/plugins/com.st.stm32cube.ide.mcu.externaltools.gnu-tools-for-stm32.10.3-2021.10.linux64_1.0.200.202301161003/tools/bin/../lib/gcc/arm-none-eabi/10.3.1/../../../../arm-none-eabi/lib/thumb/v7e-m+fp/hard/libc_nano.a(lib_a-reent.o)
 .ARM.attributes
                0x00000000000006bf       0x34 /opt/st/stm32cubeide_1.12.0/plugins/com.st.stm32cube.ide.mcu.externaltools.gnu-tools-for-stm32.10.3-2021.10.linux64_1.0.200.202301161003/tools/bin/../lib/gcc/arm-none-eabi/10.3.1/../../../../arm-none-eabi/lib/thumb/v7e-m+fp/hard/libc_nano.a(lib_a-sbrkr.o)
 .ARM.attributes
                0x00000000000006f3       0x34 /opt/st/stm32cubeide_1.12.0/plugins/com.st.stm32cube.ide.mcu.externaltools.gnu-tools-for-stm32.10.3-2021.10.linux64_1.0.200.202301161003/tools/bin/../lib/gcc/arm-none-eabi/10.3.1/../../../../arm-none-eabi/lib/thumb/v7e-m+fp/hard/libc_nano.a(lib_a-sprintf.o)
 .ARM.attributes
                0x0000000000000727       0x17 /opt/st/stm32cubeide_1.12.0/plugins/com.st.stm32cube.ide.mcu.externaltools.gnu-tools-for-stm32.10.3-2021.10.linux64_1.0.200.202301161003/tools/bin/../lib/gcc/arm-none-eabi/10.3.1/../../../../arm-none-eabi/lib/thumb/v7e-m+fp/hard/libc_nano.a(lib_a-strlen.o)
 .ARM.attributes
                0x000000000000073e       0x34 /opt/st/stm32cubeide_1.12.0/plugins/com.st.stm32cube.ide.mcu.externaltools.gnu-tools-for-stm32.10.3-2021.10.linux64_1.0.200.202301161003/tools/bin/../lib/gcc/arm-none-eabi/10.3.1/../../../../arm-none-eabi/lib/thumb/v7e-m+fp/hard/libc_nano.a(lib_a-mlock.o)
 .ARM.attributes
                0x0000000000000772       0x34 /opt/st/stm32cubeide_1.12.0/plugins/com.st.stm32cube.ide.mcu.externaltools.gnu-tools-for-stm32.10.3-2021.10.linux64_1.0.200.202301161003/tools/bin/../lib/gcc/arm-none-eabi/10.3.1/../../../../arm-none-eabi/lib/thumb/v7e-m+fp/hard/libc_nano.a(lib_a-nano-svfprintf.o)
 .ARM.attributes
                0x00000000000007a6       0x34 /opt/st/stm32cubeide_1.12.0/plugins/com.st.stm32cube.ide.mcu.externaltools.gnu-tools-for-stm32.10.3-2021.10.linux64_1.0.200.202301161003/tools/bin/../lib/gcc/arm-none-eabi/10.3.1/../../../../arm-none-eabi/lib/thumb/v7e-m+fp/hard/libc_nano.a(lib_a-nano-vfprintf_i.o)
 .ARM.attributes
                0x00000000000007da       0x1c /opt/st/stm32cubeide_1.12.0/plugins/com.st.stm32cube.ide.mcu.externaltools.gnu-tools-for-stm32.10.3-2021.10.linux64_1.0.200.202301161003/tools/bin/../lib/gcc/arm-none-eabi/10.3.1/../../../../arm-none-eabi/lib/thumb/v7e-m+fp/hard/libc_nano.a(lib_a-memchr.o)
 .ARM.attributes
                0x00000000000007f6       0x34 /opt/st/stm32cubeide_1.12.0/plugins/com.st.stm32cube.ide.mcu.externaltools.gnu-tools-for-stm32.10.3-2021.10.linux64_1.0.200.202301161003/tools/bin/../lib/gcc/arm-none-eabi/10.3.1/../../../../arm-none-eabi/lib/thumb/v7e-m+fp/hard/libc_nano.a(lib_a-memmove.o)
 .ARM.attributes
                0x000000000000082a       0x34 /opt/st/stm32cubeide_1.12.0/plugins/com.st.stm32cube.ide.mcu.externaltools.gnu-tools-for-stm32.10.3-2021.10.linux64_1.0.200.202301161003/tools/bin/../lib/gcc/arm-none-eabi/10.3.1/../../../../arm-none-eabi/lib/thumb/v7e-m+fp/hard/libc_nano.a(lib_a-nano-reallocr.o)
 .ARM.attributes
                0x000000000000085e       0x34 /opt/st/stm32cubeide_1.12.0/plugins/com.st.stm32cube.ide.mcu.externaltools.gnu-tools-for-stm32.10.3-2021.10.linux64_1.0.200.202301161003/tools/bin/../lib/gcc/arm-none-eabi/10.3.1/../../../../arm-none-eabi/lib/thumb/v7e-m+fp/hard/libc_nano.a(lib_a-nano-msizer.o)
 .ARM.attributes
                0x0000000000000892       0x1e /opt/st/stm32cubeide_1.12.0/plugins/com.st.stm32cube.ide.mcu.externaltools.gnu-tools-for-stm32.10.3-2021.10.linux64_1.0.200.202301161003/tools/bin/../lib/gcc/arm-none-eabi/10.3.1/thumb/v7e-m+fp/hard/libgcc.a(_arm_addsubsf3.o)
 .ARM.attributes
                0x00000000000008b0       0x1e /opt/st/stm32cubeide_1.12.0/plugins/com.st.stm32cube.ide.mcu.externaltools.gnu-tools-for-stm32.10.3-2021.10.linux64_1.0.200.202301161003/tools/bin/../lib/gcc/arm-none-eabi/10.3.1/thumb/v7e-m+fp/hard/libgcc.a(_aeabi_uldivmod.o)
 .ARM.attributes
                0x00000000000008ce       0x34 /opt/st/stm32cubeide_1.12.0/plugins/com.st.stm32cube.ide.mcu.externaltools.gnu-tools-for-stm32.10.3-2021.10.linux64_1.0.200.202301161003/tools/bin/../lib/gcc/arm-none-eabi/10.3.1/thumb/v7e-m+fp/hard/libgcc.a(_udivmoddi4.o)
 .ARM.attributes
                0x0000000000000902       0x1e /opt/st/stm32cubeide_1.12.0/plugins/com.st.stm32cube.ide.mcu.externaltools.gnu-tools-for-stm32.10.3-2021.10.linux64_1.0.200.202301161003/tools/bin/../lib/gcc/arm-none-eabi/10.3.1/thumb/v7e-m+fp/hard/libgcc.a(_dvmd_tls.o)
 .ARM.attributes
                0x0000000000000920       0x1e /opt/st/stm32cubeide_1.12.0/plugins/com.st.stm32cube.ide.mcu.externaltools.gnu-tools-for-stm32.10.3-2021.10.linux64_1.0.200.202301161003/tools/bin/../lib/gcc/arm-none-eabi/10.3.1/thumb/v7e-m+fp/hard/crtn.o
OUTPUT(F407_start.elf elf32-littlearm)
LOAD linker stubs
LOAD /opt/st/stm32cubeide_1.12.0/plugins/com.st.stm32cube.ide.mcu.externaltools.gnu-tools-for-stm32.10.3-2021.10.linux64_1.0.200.202301161003/tools/bin/../lib/gcc/arm-none-eabi/10.3.1/../../../../arm-none-eabi/lib/thumb/v7e-m+fp/hard/libc.a
LOAD /opt/st/stm32cubeide_1.12.0/plugins/com.st.stm32cube.ide.mcu.externaltools.gnu-tools-for-stm32.10.3-2021.10.linux64_1.0.200.202301161003/tools/bin/../lib/gcc/arm-none-eabi/10.3.1/../../../../arm-none-eabi/lib/thumb/v7e-m+fp/hard/libm.a
LOAD /opt/st/stm32cubeide_1.12.0/plugins/com.st.stm32cube.ide.mcu.externaltools.gnu-tools-for-stm32.10.3-2021.10.linux64_1.0.200.202301161003/tools/bin/../lib/gcc/arm-none-eabi/10.3.1/thumb/v7e-m+fp/hard/libgcc.a

.debug_info     0x0000000000000000    0x14b4c
 .debug_info    0x0000000000000000      0xccf ./Core/Src/fatfs_sd.o
 .debug_info    0x0000000000000ccf     0x1fef ./Core/Src/main.o
 .debug_info    0x0000000000002cbe      0xfaa ./Core/Src/midi.o
 .debug_info    0x0000000000003c68     0x12a8 ./Core/Src/stm32f4xx_hal_msp.o
 .debug_info    0x0000000000004f10      0x79b ./Core/Src/stm32f4xx_it.o
 .debug_info    0x00000000000056ab      0x171 ./Core/Src/sysmem.o
 .debug_info    0x000000000000581c      0x523 ./Core/Src/system_stm32f4xx.o
 .debug_info    0x0000000000005d3f       0x22 ./Core/Startup/startup_stm32f407vgtx.o
 .debug_info    0x0000000000005d61      0x97c ./Drivers/STM32F4xx_HAL_Driver/Src/stm32f4xx_hal.o
 .debug_info    0x00000000000066dd      0xe1b ./Drivers/STM32F4xx_HAL_Driver/Src/stm32f4xx_hal_cortex.o
 .debug_info    0x00000000000074f8      0x76a ./Drivers/STM32F4xx_HAL_Driver/Src/stm32f4xx_hal_gpio.o
 .debug_info    0x0000000000007c62      0x966 ./Drivers/STM32F4xx_HAL_Driver/Src/stm32f4xx_hal_rcc.o
 .debug_info    0x00000000000085c8     0x1758 ./Drivers/STM32F4xx_HAL_Driver/Src/stm32f4xx_hal_spi.o
 .debug_info    0x0000000000009d20     0x2bbe ./Drivers/STM32F4xx_HAL_Driver/Src/stm32f4xx_hal_tim.o
 .debug_info    0x000000000000c8de     0x15e0 ./Drivers/STM32F4xx_HAL_Driver/Src/stm32f4xx_hal_tim_ex.o
 .debug_info    0x000000000000debe     0x31bc ./Drivers/STM32F4xx_HAL_Driver/Src/stm32f4xx_hal_uart.o
 .debug_info    0x000000000001107a      0x526 ./FATFS/App/fatfs.o
 .debug_info    0x00000000000115a0      0x3dc ./FATFS/Target/user_diskio.o
 .debug_info    0x000000000001197c      0x412 ./Middlewares/Third_Party/FatFs/src/diskio.o
 .debug_info    0x0000000000011d8e     0x284f ./Middlewares/Third_Party/FatFs/src/ff.o
 .debug_info    0x00000000000145dd      0x3a9 ./Middlewares/Third_Party/FatFs/src/ff_gen_drv.o
 .debug_info    0x0000000000014986      0x1c6 ./Middlewares/Third_Party/FatFs/src/option/ccsbcs.o

.debug_abbrev   0x0000000000000000     0x2c04
 .debug_abbrev  0x0000000000000000      0x2c4 ./Core/Src/fatfs_sd.o
 .debug_abbrev  0x00000000000002c4      0x44b ./Core/Src/main.o
 .debug_abbrev  0x000000000000070f      0x2f0 ./Core/Src/midi.o
 .debug_abbrev  0x00000000000009ff      0x1cc ./Core/Src/stm32f4xx_hal_msp.o
 .debug_abbrev  0x0000000000000bcb      0x197 ./Core/Src/stm32f4xx_it.o
 .debug_abbrev  0x0000000000000d62       0xbb ./Core/Src/sysmem.o
 .debug_abbrev  0x0000000000000e1d      0x116 ./Core/Src/system_stm32f4xx.o
 .debug_abbrev  0x0000000000000f33       0x12 ./Core/Startup/startup_stm32f407vgtx.o
 .debug_abbrev  0x0000000000000f45      0x20d ./Drivers/STM32F4xx_HAL_Driver/Src/stm32f4xx_hal.o
 .debug_abbrev  0x0000000000001152      0x316 ./Drivers/STM32F4xx_HAL_Driver/Src/stm32f4xx_hal_cortex.o
 .debug_abbrev  0x0000000000001468      0x1c4 ./Drivers/STM32F4xx_HAL_Driver/Src/stm32f4xx_hal_gpio.o
 .debug_abbrev  0x000000000000162c      0x2aa ./Drivers/STM32F4xx_HAL_Driver/Src/stm32f4xx_hal_rcc.o
 .debug_abbrev  0x00000000000018d6      0x26e ./Drivers/STM32F4xx_HAL_Driver/Src/stm32f4xx_hal_spi.o
 .debug_abbrev  0x0000000000001b44      0x25d ./Drivers/STM32F4xx_HAL_Driver/Src/stm32f4xx_hal_tim.o
 .debug_abbrev  0x0000000000001da1      0x265 ./Drivers/STM32F4xx_HAL_Driver/Src/stm32f4xx_hal_tim_ex.o
 .debug_abbrev  0x0000000000002006      0x2f4 ./Drivers/STM32F4xx_HAL_Driver/Src/stm32f4xx_hal_uart.o
 .debug_abbrev  0x00000000000022fa      0x15a ./FATFS/App/fatfs.o
 .debug_abbrev  0x0000000000002454      0x155 ./FATFS/Target/user_diskio.o
 .debug_abbrev  0x00000000000025a9      0x178 ./Middlewares/Third_Party/FatFs/src/diskio.o
 .debug_abbrev  0x0000000000002721      0x271 ./Middlewares/Third_Party/FatFs/src/ff.o
 .debug_abbrev  0x0000000000002992      0x196 ./Middlewares/Third_Party/FatFs/src/ff_gen_drv.o
 .debug_abbrev  0x0000000000002b28       0xdc ./Middlewares/Third_Party/FatFs/src/option/ccsbcs.o

.debug_aranges  0x0000000000000000     0x1210
 .debug_aranges
                0x0000000000000000       0xa8 ./Core/Src/fatfs_sd.o
 .debug_aranges
                0x00000000000000a8       0xa0 ./Core/Src/main.o
 .debug_aranges
                0x0000000000000148       0x60 ./Core/Src/midi.o
 .debug_aranges
                0x00000000000001a8       0x50 ./Core/Src/stm32f4xx_hal_msp.o
 .debug_aranges
                0x00000000000001f8       0x70 ./Core/Src/stm32f4xx_it.o
 .debug_aranges
                0x0000000000000268       0x20 ./Core/Src/sysmem.o
 .debug_aranges
                0x0000000000000288       0x28 ./Core/Src/system_stm32f4xx.o
 .debug_aranges
                0x00000000000002b0       0x28 ./Core/Startup/startup_stm32f407vgtx.o
 .debug_aranges
                0x00000000000002d8       0xf0 ./Drivers/STM32F4xx_HAL_Driver/Src/stm32f4xx_hal.o
 .debug_aranges
                0x00000000000003c8      0x118 ./Drivers/STM32F4xx_HAL_Driver/Src/stm32f4xx_hal_cortex.o
 .debug_aranges
                0x00000000000004e0       0x58 ./Drivers/STM32F4xx_HAL_Driver/Src/stm32f4xx_hal_gpio.o
 .debug_aranges
                0x0000000000000538       0x88 ./Drivers/STM32F4xx_HAL_Driver/Src/stm32f4xx_hal_rcc.o
 .debug_aranges
                0x00000000000005c0      0x1d0 ./Drivers/STM32F4xx_HAL_Driver/Src/stm32f4xx_hal_spi.o
 .debug_aranges
                0x0000000000000790      0x3d0 ./Drivers/STM32F4xx_HAL_Driver/Src/stm32f4xx_hal_tim.o
 .debug_aranges
                0x0000000000000b60      0x168 ./Drivers/STM32F4xx_HAL_Driver/Src/stm32f4xx_hal_tim_ex.o
 .debug_aranges
                0x0000000000000cc8      0x200 ./Drivers/STM32F4xx_HAL_Driver/Src/stm32f4xx_hal_uart.o
 .debug_aranges
                0x0000000000000ec8       0x28 ./FATFS/App/fatfs.o
 .debug_aranges
                0x0000000000000ef0       0x40 ./FATFS/Target/user_diskio.o
 .debug_aranges
                0x0000000000000f30       0x48 ./Middlewares/Third_Party/FatFs/src/diskio.o
 .debug_aranges
                0x0000000000000f78      0x230 ./Middlewares/Third_Party/FatFs/src/ff.o
 .debug_aranges
                0x00000000000011a8       0x40 ./Middlewares/Third_Party/FatFs/src/ff_gen_drv.o
 .debug_aranges
                0x00000000000011e8       0x28 ./Middlewares/Third_Party/FatFs/src/option/ccsbcs.o

.debug_ranges   0x0000000000000000     0x10e8
 .debug_ranges  0x0000000000000000       0x98 ./Core/Src/fatfs_sd.o
 .debug_ranges  0x0000000000000098       0x90 ./Core/Src/main.o
 .debug_ranges  0x0000000000000128       0x50 ./Core/Src/midi.o
 .debug_ranges  0x0000000000000178       0x40 ./Core/Src/stm32f4xx_hal_msp.o
 .debug_ranges  0x00000000000001b8       0x60 ./Core/Src/stm32f4xx_it.o
 .debug_ranges  0x0000000000000218       0x10 ./Core/Src/sysmem.o
 .debug_ranges  0x0000000000000228       0x18 ./Core/Src/system_stm32f4xx.o
 .debug_ranges  0x0000000000000240       0x20 ./Core/Startup/startup_stm32f407vgtx.o
 .debug_ranges  0x0000000000000260       0xe0 ./Drivers/STM32F4xx_HAL_Driver/Src/stm32f4xx_hal.o
 .debug_ranges  0x0000000000000340      0x108 ./Drivers/STM32F4xx_HAL_Driver/Src/stm32f4xx_hal_cortex.o
 .debug_ranges  0x0000000000000448       0x48 ./Drivers/STM32F4xx_HAL_Driver/Src/stm32f4xx_hal_gpio.o
 .debug_ranges  0x0000000000000490       0x78 ./Drivers/STM32F4xx_HAL_Driver/Src/stm32f4xx_hal_rcc.o
 .debug_ranges  0x0000000000000508      0x1c0 ./Drivers/STM32F4xx_HAL_Driver/Src/stm32f4xx_hal_spi.o
 .debug_ranges  0x00000000000006c8      0x3c0 ./Drivers/STM32F4xx_HAL_Driver/Src/stm32f4xx_hal_tim.o
 .debug_ranges  0x0000000000000a88      0x158 ./Drivers/STM32F4xx_HAL_Driver/Src/stm32f4xx_hal_tim_ex.o
 .debug_ranges  0x0000000000000be0      0x220 ./Drivers/STM32F4xx_HAL_Driver/Src/stm32f4xx_hal_uart.o
 .debug_ranges  0x0000000000000e00       0x18 ./FATFS/App/fatfs.o
 .debug_ranges  0x0000000000000e18       0x30 ./FATFS/Target/user_diskio.o
 .debug_ranges  0x0000000000000e48       0x38 ./Middlewares/Third_Party/FatFs/src/diskio.o
 .debug_ranges  0x0000000000000e80      0x220 ./Middlewares/Third_Party/FatFs/src/ff.o
 .debug_ranges  0x00000000000010a0       0x30 ./Middlewares/Third_Party/FatFs/src/ff_gen_drv.o
 .debug_ranges  0x00000000000010d0       0x18 ./Middlewares/Third_Party/FatFs/src/option/ccsbcs.o

.debug_macro    0x0000000000000000    0x23669
 .debug_macro   0x0000000000000000      0x21d ./Core/Src/fatfs_sd.o
 .debug_macro   0x000000000000021d      0xa78 ./Core/Src/fatfs_sd.o
 .debug_macro   0x0000000000000c95      0x2a1 ./Core/Src/fatfs_sd.o
 .debug_macro   0x0000000000000f36       0x2e ./Core/Src/fatfs_sd.o
 .debug_macro   0x0000000000000f64       0x2f ./Core/Src/fatfs_sd.o
 .debug_macro   0x0000000000000f93       0x22 ./Core/Src/fatfs_sd.o
 .debug_macro   0x0000000000000fb5       0x8e ./Core/Src/fatfs_sd.o
 .debug_macro   0x0000000000001043       0x51 ./Core/Src/fatfs_sd.o
 .debug_macro   0x0000000000001094      0x103 ./Core/Src/fatfs_sd.o
 .debug_macro   0x0000000000001197       0x6a ./Core/Src/fatfs_sd.o
 .debug_macro   0x0000000000001201      0x1df ./Core/Src/fatfs_sd.o
 .debug_macro   0x00000000000013e0       0x1c ./Core/Src/fatfs_sd.o
 .debug_macro   0x00000000000013fc       0x22 ./Core/Src/fatfs_sd.o
 .debug_macro   0x000000000000141e       0xd9 ./Core/Src/fatfs_sd.o
 .debug_macro   0x00000000000014f7     0x102d ./Core/Src/fatfs_sd.o
 .debug_macro   0x0000000000002524      0x11f ./Core/Src/fatfs_sd.o
 .debug_macro   0x0000000000002643    0x15e82 ./Core/Src/fatfs_sd.o
 .debug_macro   0x00000000000184c5       0x6d ./Core/Src/fatfs_sd.o
 .debug_macro   0x0000000000018532     0x367e ./Core/Src/fatfs_sd.o
 .debug_macro   0x000000000001bbb0      0x174 ./Core/Src/fatfs_sd.o
 .debug_macro   0x000000000001bd24       0x5c ./Core/Src/fatfs_sd.o
 .debug_macro   0x000000000001bd80      0x96b ./Core/Src/fatfs_sd.o
 .debug_macro   0x000000000001c6eb      0x9fe ./Core/Src/fatfs_sd.o
 .debug_macro   0x000000000001d0e9      0x115 ./Core/Src/fatfs_sd.o
 .debug_macro   0x000000000001d1fe      0x13e ./Core/Src/fatfs_sd.o
 .debug_macro   0x000000000001d33c       0xa5 ./Core/Src/fatfs_sd.o
 .debug_macro   0x000000000001d3e1      0x174 ./Core/Src/fatfs_sd.o
 .debug_macro   0x000000000001d555      0x287 ./Core/Src/fatfs_sd.o
 .debug_macro   0x000000000001d7dc       0x5f ./Core/Src/fatfs_sd.o
 .debug_macro   0x000000000001d83b      0x236 ./Core/Src/fatfs_sd.o
 .debug_macro   0x000000000001da71      0x12c ./Core/Src/fatfs_sd.o
 .debug_macro   0x000000000001db9d      0x21e ./Core/Src/fatfs_sd.o
 .debug_macro   0x000000000001ddbb       0x2e ./Core/Src/fatfs_sd.o
 .debug_macro   0x000000000001dde9      0x11a ./Core/Src/fatfs_sd.o
 .debug_macro   0x000000000001df03       0x7e ./Core/Src/fatfs_sd.o
 .debug_macro   0x000000000001df81       0x89 ./Core/Src/fatfs_sd.o
 .debug_macro   0x000000000001e00a      0x225 ./Core/Src/fatfs_sd.o
 .debug_macro   0x000000000001e22f      0x8e6 ./Core/Src/fatfs_sd.o
 .debug_macro   0x000000000001eb15       0x47 ./Core/Src/fatfs_sd.o
 .debug_macro   0x000000000001eb5c      0x295 ./Core/Src/fatfs_sd.o
 .debug_macro   0x000000000001edf1      0x12d ./Core/Src/fatfs_sd.o
 .debug_macro   0x000000000001ef1e       0x16 ./Core/Src/fatfs_sd.o
 .debug_macro   0x000000000001ef34       0x7c ./Core/Src/fatfs_sd.o
 .debug_macro   0x000000000001efb0       0x88 ./Core/Src/fatfs_sd.o
 .debug_macro   0x000000000001f038      0x349 ./Core/Src/main.o
 .debug_macro   0x000000000001f381       0x4c ./Core/Src/main.o
 .debug_macro   0x000000000001f3cd       0xeb ./Core/Src/main.o
 .debug_macro   0x000000000001f4b8       0x1e ./Core/Src/main.o
 .debug_macro   0x000000000001f4d6       0x52 ./Core/Src/main.o
 .debug_macro   0x000000000001f528       0x3c ./Core/Src/main.o
 .debug_macro   0x000000000001f564       0x34 ./Core/Src/main.o
 .debug_macro   0x000000000001f598       0x16 ./Core/Src/main.o
 .debug_macro   0x000000000001f5ae       0x35 ./Core/Src/main.o
 .debug_macro   0x000000000001f5e3       0x16 ./Core/Src/main.o
 .debug_macro   0x000000000001f5f9       0x43 ./Core/Src/main.o
 .debug_macro   0x000000000001f63c       0x34 ./Core/Src/main.o
 .debug_macro   0x000000000001f670       0x10 ./Core/Src/main.o
 .debug_macro   0x000000000001f680       0x58 ./Core/Src/main.o
 .debug_macro   0x000000000001f6d8       0x71 ./Core/Src/main.o
 .debug_macro   0x000000000001f749       0x1c ./Core/Src/main.o
 .debug_macro   0x000000000001f765      0x12a ./Core/Src/main.o
 .debug_macro   0x000000000001f88f      0x341 ./Core/Src/main.o
 .debug_macro   0x000000000001fbd0       0x16 ./Core/Src/main.o
 .debug_macro   0x000000000001fbe6       0x29 ./Core/Src/main.o
 .debug_macro   0x000000000001fc0f       0x12 ./Core/Src/main.o
 .debug_macro   0x000000000001fc21       0xe2 ./Core/Src/main.o
 .debug_macro   0x000000000001fd03       0x8e ./Core/Src/main.o
 .debug_macro   0x000000000001fd91       0x16 ./Core/Src/main.o
 .debug_macro   0x000000000001fda7       0x20 ./Core/Src/main.o
 .debug_macro   0x000000000001fdc7      0x229 ./Core/Src/midi.o
 .debug_macro   0x000000000001fff0       0x4c ./Core/Src/midi.o
 .debug_macro   0x000000000002003c       0x94 ./Core/Src/midi.o
 .debug_macro   0x00000000000200d0       0x16 ./Core/Src/midi.o
 .debug_macro   0x00000000000200e6       0x57 ./Core/Src/midi.o
 .debug_macro   0x000000000002013d       0x97 ./Core/Src/midi.o
 .debug_macro   0x00000000000201d4       0xfd ./Core/Src/midi.o
 .debug_macro   0x00000000000202d1       0x10 ./Core/Src/midi.o
 .debug_macro   0x00000000000202e1       0x10 ./Core/Src/midi.o
 .debug_macro   0x00000000000202f1       0x1c ./Core/Src/midi.o
 .debug_macro   0x000000000002030d       0x52 ./Core/Src/midi.o
 .debug_macro   0x000000000002035f       0x22 ./Core/Src/midi.o
 .debug_macro   0x0000000000020381       0x10 ./Core/Src/midi.o
 .debug_macro   0x0000000000020391       0x52 ./Core/Src/midi.o
 .debug_macro   0x00000000000203e3       0xd5 ./Core/Src/midi.o
 .debug_macro   0x00000000000204b8       0x1c ./Core/Src/midi.o
 .debug_macro   0x00000000000204d4       0x3d ./Core/Src/midi.o
 .debug_macro   0x0000000000020511       0x16 ./Core/Src/midi.o
 .debug_macro   0x0000000000020527      0x145 ./Core/Src/midi.o
 .debug_macro   0x000000000002066c      0x1e7 ./Core/Src/stm32f4xx_hal_msp.o
 .debug_macro   0x0000000000020853      0x1f1 ./Core/Src/stm32f4xx_it.o
 .debug_macro   0x0000000000020a44       0xff ./Core/Src/sysmem.o
 .debug_macro   0x0000000000020b43      0x23b ./Core/Src/sysmem.o
 .debug_macro   0x0000000000020d7e      0x1d8 ./Core/Src/system_stm32f4xx.o
 .debug_macro   0x0000000000020f56      0x238 ./Drivers/STM32F4xx_HAL_Driver/Src/stm32f4xx_hal.o
 .debug_macro   0x000000000002118e      0x1d8 ./Drivers/STM32F4xx_HAL_Driver/Src/stm32f4xx_hal_cortex.o
 .debug_macro   0x0000000000021366      0x1de ./Drivers/STM32F4xx_HAL_Driver/Src/stm32f4xx_hal_gpio.o
 .debug_macro   0x0000000000021544      0x1fc ./Drivers/STM32F4xx_HAL_Driver/Src/stm32f4xx_hal_rcc.o
 .debug_macro   0x0000000000021740      0x1e7 ./Drivers/STM32F4xx_HAL_Driver/Src/stm32f4xx_hal_spi.o
 .debug_macro   0x0000000000021927      0x1d9 ./Drivers/STM32F4xx_HAL_Driver/Src/stm32f4xx_hal_tim.o
 .debug_macro   0x0000000000021b00      0x1d8 ./Drivers/STM32F4xx_HAL_Driver/Src/stm32f4xx_hal_tim_ex.o
 .debug_macro   0x0000000000021cd8      0x1d9 ./Drivers/STM32F4xx_HAL_Driver/Src/stm32f4xx_hal_uart.o
 .debug_macro   0x0000000000021eb1      0x30c ./FATFS/App/fatfs.o
 .debug_macro   0x00000000000221bd       0xe5 ./FATFS/App/fatfs.o
 .debug_macro   0x00000000000222a2      0x329 ./FATFS/Target/user_diskio.o
 .debug_macro   0x00000000000225cb       0x10 ./FATFS/Target/user_diskio.o
 .debug_macro   0x00000000000225db       0x56 ./FATFS/Target/user_diskio.o
 .debug_macro   0x0000000000022631      0x2f9 ./Middlewares/Third_Party/FatFs/src/diskio.o
 .debug_macro   0x000000000002292a      0x707 ./Middlewares/Third_Party/FatFs/src/ff.o
 .debug_macro   0x0000000000023031       0x58 ./Middlewares/Third_Party/FatFs/src/ff.o
 .debug_macro   0x0000000000023089      0x2f9 ./Middlewares/Third_Party/FatFs/src/ff_gen_drv.o
 .debug_macro   0x0000000000023382      0x2e7 ./Middlewares/Third_Party/FatFs/src/option/ccsbcs.o

.debug_line     0x0000000000000000    0x1703b
 .debug_line    0x0000000000000000      0xdcc ./Core/Src/fatfs_sd.o
 .debug_line    0x0000000000000dcc      0xe17 ./Core/Src/main.o
 .debug_line    0x0000000000001be3      0xa0f ./Core/Src/midi.o
 .debug_line    0x00000000000025f2      0x78b ./Core/Src/stm32f4xx_hal_msp.o
 .debug_line    0x0000000000002d7d      0x7b7 ./Core/Src/stm32f4xx_it.o
 .debug_line    0x0000000000003534      0x4c7 ./Core/Src/sysmem.o
 .debug_line    0x00000000000039fb      0x738 ./Core/Src/system_stm32f4xx.o
 .debug_line    0x0000000000004133       0x88 ./Core/Startup/startup_stm32f407vgtx.o
 .debug_line    0x00000000000041bb      0x99e ./Drivers/STM32F4xx_HAL_Driver/Src/stm32f4xx_hal.o
 .debug_line    0x0000000000004b59      0xc4d ./Drivers/STM32F4xx_HAL_Driver/Src/stm32f4xx_hal_cortex.o
 .debug_line    0x00000000000057a6      0xb12 ./Drivers/STM32F4xx_HAL_Driver/Src/stm32f4xx_hal_gpio.o
 .debug_line    0x00000000000062b8      0xd1a ./Drivers/STM32F4xx_HAL_Driver/Src/stm32f4xx_hal_rcc.o
 .debug_line    0x0000000000006fd2     0x1c28 ./Drivers/STM32F4xx_HAL_Driver/Src/stm32f4xx_hal_spi.o
 .debug_line    0x0000000000008bfa     0x3692 ./Drivers/STM32F4xx_HAL_Driver/Src/stm32f4xx_hal_tim.o
 .debug_line    0x000000000000c28c     0x199b ./Drivers/STM32F4xx_HAL_Driver/Src/stm32f4xx_hal_tim_ex.o
 .debug_line    0x000000000000dc27     0x2a43 ./Drivers/STM32F4xx_HAL_Driver/Src/stm32f4xx_hal_uart.o
 .debug_line    0x000000000001066a      0x89a ./FATFS/App/fatfs.o
 .debug_line    0x0000000000010f04      0x8f0 ./FATFS/Target/user_diskio.o
 .debug_line    0x00000000000117f4      0x909 ./Middlewares/Third_Party/FatFs/src/diskio.o
 .debug_line    0x00000000000120fd     0x3cb0 ./Middlewares/Third_Party/FatFs/src/ff.o
 .debug_line    0x0000000000015dad      0x927 ./Middlewares/Third_Party/FatFs/src/ff_gen_drv.o
 .debug_line    0x00000000000166d4      0x967 ./Middlewares/Third_Party/FatFs/src/option/ccsbcs.o

.debug_str      0x0000000000000000    0xcf13a
 .debug_str     0x0000000000000000    0xc5257 ./Core/Src/fatfs_sd.o
                                      0xc5568 (size before relaxing)
 .debug_str     0x00000000000c5257     0x4150 ./Core/Src/main.o
                                      0xc95a5 (size before relaxing)
 .debug_str     0x00000000000c93a7     0x1455 ./Core/Src/midi.o
                                       0x843e (size before relaxing)
 .debug_str     0x00000000000ca7fc      0x5da ./Core/Src/stm32f4xx_hal_msp.o
                                      0xc5c87 (size before relaxing)
 .debug_str     0x00000000000cadd6      0x105 ./Core/Src/stm32f4xx_it.o
                                      0xc52bd (size before relaxing)
 .debug_str     0x00000000000caedb      0x4da ./Core/Src/sysmem.o
                                       0x5dc8 (size before relaxing)
 .debug_str     0x00000000000cb3b5       0xdb ./Core/Src/system_stm32f4xx.o
                                      0xc4d62 (size before relaxing)
 .debug_str     0x00000000000cb490       0x36 ./Core/Startup/startup_stm32f407vgtx.o
                                         0x72 (size before relaxing)
 .debug_str     0x00000000000cb4c6      0x5f7 ./Drivers/STM32F4xx_HAL_Driver/Src/stm32f4xx_hal.o
                                      0xc58e6 (size before relaxing)
 .debug_str     0x00000000000cbabd      0x327 ./Drivers/STM32F4xx_HAL_Driver/Src/stm32f4xx_hal_cortex.o
                                      0xc5619 (size before relaxing)
 .debug_str     0x00000000000cbde4      0x11c ./Drivers/STM32F4xx_HAL_Driver/Src/stm32f4xx_hal_gpio.o
                                      0xc4edd (size before relaxing)
 .debug_str     0x00000000000cbf00      0x228 ./Drivers/STM32F4xx_HAL_Driver/Src/stm32f4xx_hal_rcc.o