Archive member included to satisfy reference by file (symbol)

/opt/st/stm32cubeide_1.12.0/plugins/com.st.stm32cube.ide.mcu.externaltools.gnu-tools-for-stm32.10.3-2021.10.linux64_1.0.200.202301161003/tools/bin/../lib/gcc/arm-none-eabi/10.3.1/../../../../arm-none-eabi/lib/thumb/v7e-m+fp/hard/libc_nano.a(lib_a-errno.o)
                              ./Core/Src/syscalls.o (__errno)
/opt/st/stm32cubeide_1.12.0/plugins/com.st.stm32cube.ide.mcu.externaltools.gnu-tools-for-stm32.10.3-2021.10.linux64_1.0.200.202301161003/tools/bin/../lib/gcc/arm-none-eabi/10.3.1/../../../../arm-none-eabi/lib/thumb/v7e-m+fp/hard/libc_nano.a(lib_a-exit.o)
                              /opt/st/stm32cubeide_1.12.0/plugins/com.st.stm32cube.ide.mcu.externaltools.gnu-tools-for-stm32.10.3-2021.10.linux64_1.0.200.202301161003/tools/bin/../lib/gcc/arm-none-eabi/10.3.1/../../../../arm-none-eabi/lib/thumb/v7e-m+fp/hard/crt0.o (exit)
/opt/st/stm32cubeide_1.12.0/plugins/com.st.stm32cube.ide.mcu.externaltools.gnu-tools-for-stm32.10.3-2021.10.linux64_1.0.200.202301161003/tools/bin/../lib/gcc/arm-none-eabi/10.3.1/../../../../arm-none-eabi/lib/thumb/v7e-m+fp/hard/libc_nano.a(lib_a-impure.o)
                              /opt/st/stm32cubeide_1.12.0/plugins/com.st.stm32cube.ide.mcu.externaltools.gnu-tools-for-stm32.10.3-2021.10.linux64_1.0.200.202301161003/tools/bin/../lib/gcc/arm-none-eabi/10.3.1/../../../../arm-none-eabi/lib/thumb/v7e-m+fp/hard/libc_nano.a(lib_a-exit.o) (_global_impure_ptr)
/opt/st/stm32cubeide_1.12.0/plugins/com.st.stm32cube.ide.mcu.externaltools.gnu-tools-for-stm32.10.3-2021.10.linux64_1.0.200.202301161003/tools/bin/../lib/gcc/arm-none-eabi/10.3.1/../../../../arm-none-eabi/lib/thumb/v7e-m+fp/hard/libc_nano.a(lib_a-init.o)
                              /opt/st/stm32cubeide_1.12.0/plugins/com.st.stm32cube.ide.mcu.externaltools.gnu-tools-for-stm32.10.3-2021.10.linux64_1.0.200.202301161003/tools/bin/../lib/gcc/arm-none-eabi/10.3.1/../../../../arm-none-eabi/lib/thumb/v7e-m+fp/hard/crt0.o (__libc_init_array)
/opt/st/stm32cubeide_1.12.0/plugins/com.st.stm32cube.ide.mcu.externaltools.gnu-tools-for-stm32.10.3-2021.10.linux64_1.0.200.202301161003/tools/bin/../lib/gcc/arm-none-eabi/10.3.1/../../../../arm-none-eabi/lib/thumb/v7e-m+fp/hard/libc_nano.a(lib_a-malloc.o)
                              ./Core/Server/Src/Handlers/bell_settings_handlers.o (malloc)
/opt/st/stm32cubeide_1.12.0/plugins/com.st.stm32cube.ide.mcu.externaltools.gnu-tools-for-stm32.10.3-2021.10.linux64_1.0.200.202301161003/tools/bin/../lib/gcc/arm-none-eabi/10.3.1/../../../../arm-none-eabi/lib/thumb/v7e-m+fp/hard/libc_nano.a(lib_a-memcmp.o)
                              ./Core/Src/midi.o (memcmp)
/opt/st/stm32cubeide_1.12.0/plugins/com.st.stm32cube.ide.mcu.externaltools.gnu-tools-for-stm32.10.3-2021.10.linux64_1.0.200.202301161003/tools/bin/../lib/gcc/arm-none-eabi/10.3.1/../../../../arm-none-eabi/lib/thumb/v7e-m+fp/hard/libc_nano.a(lib_a-memcpy-stub.o)
                              ./Core/Server/Src/buffer.o (memcpy)
/opt/st/stm32cubeide_1.12.0/plugins/com.st.stm32cube.ide.mcu.externaltools.gnu-tools-for-stm32.10.3-2021.10.linux64_1.0.200.202301161003/tools/bin/../lib/gcc/arm-none-eabi/10.3.1/../../../../arm-none-eabi/lib/thumb/v7e-m+fp/hard/libc_nano.a(lib_a-memset.o)
                              /opt/st/stm32cubeide_1.12.0/plugins/com.st.stm32cube.ide.mcu.externaltools.gnu-tools-for-stm32.10.3-2021.10.linux64_1.0.200.202301161003/tools/bin/../lib/gcc/arm-none-eabi/10.3.1/../../../../arm-none-eabi/lib/thumb/v7e-m+fp/hard/crt0.o (memset)
/opt/st/stm32cubeide_1.12.0/plugins/com.st.stm32cube.ide.mcu.externaltools.gnu-tools-for-stm32.10.3-2021.10.linux64_1.0.200.202301161003/tools/bin/../lib/gcc/arm-none-eabi/10.3.1/../../../../arm-none-eabi/lib/thumb/v7e-m+fp/hard/libc_nano.a(lib_a-nano-freer.o)
                              /opt/st/stm32cubeide_1.12.0/plugins/com.st.stm32cube.ide.mcu.externaltools.gnu-tools-for-stm32.10.3-2021.10.linux64_1.0.200.202301161003/tools/bin/../lib/gcc/arm-none-eabi/10.3.1/../../../../arm-none-eabi/lib/thumb/v7e-m+fp/hard/libc_nano.a(lib_a-malloc.o) (_free_r)
/opt/st/stm32cubeide_1.12.0/plugins/com.st.stm32cube.ide.mcu.externaltools.gnu-tools-for-stm32.10.3-2021.10.linux64_1.0.200.202301161003/tools/bin/../lib/gcc/arm-none-eabi/10.3.1/../../../../arm-none-eabi/lib/thumb/v7e-m+fp/hard/libc_nano.a(lib_a-nano-mallocr.o)
                              /opt/st/stm32cubeide_1.12.0/plugins/com.st.stm32cube.ide.mcu.externaltools.gnu-tools-for-stm32.10.3-2021.10.linux64_1.0.200.202301161003/tools/bin/../lib/gcc/arm-none-eabi/10.3.1/../../../../arm-none-eabi/lib/thumb/v7e-m+fp/hard/libc_nano.a(lib_a-malloc.o) (_malloc_r)
/opt/st/stm32cubeide_1.12.0/plugins/com.st.stm32cube.ide.mcu.externaltools.gnu-tools-for-stm32.10.3-2021.10.linux64_1.0.200.202301161003/tools/bin/../lib/gcc/arm-none-eabi/10.3.1/../../../../arm-none-eabi/lib/thumb/v7e-m+fp/hard/libc_nano.a(lib_a-puts.o)
                              ./Core/Src/midi.o (puts)
[...]
Memory Configuration

Name             Origin             Length             Attributes
CCMRAM           0x0000000010000000 0x0000000000010000 xrw
RAM              0x0000000020000000 0x0000000000020000 xrw
FLASH            0x0000000008000000 0x0000000000100000 xr
*default*        0x0000000000000000 0xffffffffffffffff

Linker script and memory map

LOAD /opt/st/stm32cubeide_1.12.0/plugins/com.st.stm32cube.ide.mcu.externaltools.gnu-tools-for-stm32.10.3-2021.10.linux64_1.0.200.202301161003/tools/bin/../lib/gcc/arm-none-eabi/10.3.1/thumb/v7e-m+fp/hard/crti.o
LOAD /opt/st/stm32cubeide_1.12.0/plugins/com.st.stm32cube.ide.mcu.externaltools.gnu-tools-for-stm32.10.3-2021.10.linux64_1.0.200.202301161003/tools/bin/../lib/gcc/arm-none-eabi/10.3.1/thumb/v7e-m+fp/hard/crtbegin.o
LOAD /opt/st/stm32cubeide_1.12.0/plugins/com.st.stm32cube.ide.mcu.externaltools.gnu-tools-for-stm32.10.3-2021.10.linux64_1.0.200.202301161003/tools/bin/../lib/gcc/arm-none-eabi/10.3.1/../../../../arm-none-eabi/lib/thumb/v7e-m+fp/hard/crt0.o
LOAD ./Core/Server/Src/Entities/bell_settings.o
LOAD ./Core/Server/Src/Entities/edit_file_request.o
LOAD ./Core/Server/Src/Entities/edit_schedule.o
LOAD ./Core/Server/Src/Entities/empty.o
LOAD ./Core/Server/Src/Entities/file_entity.o
LOAD ./Core/Server/Src/Entities/schedule.o
LOAD ./Core/Server/Src/Entities/sync_time.o
LOAD ./Core/Server/Src/Entities/two_bells.o
LOAD ./Core/Server/Src/Handlers/bell_settings_handlers.o
LOAD ./Core/Server/Src/Handlers/file_handlers.o
LOAD ./Core/Server/Src/Handlers/schedule_handlers.o
LOAD ./Core/Server/Src/Handlers/sync_time_handler.o
LOAD ./Core/Server/Src/buffer.o
LOAD ./Core/Server/Src/esp.o
LOAD ./Core/Server/Src/list.o
LOAD ./Core/Server/Src/packet.o
LOAD ./Core/Server/Src/packet_handler.o
LOAD ./Core/Server/Src/parse_at.o
LOAD ./Core/Server/Src/serialize_utils.o
LOAD ./Core/Server/Src/server.o
LOAD ./Core/Server/Src/server_endpoints.o
LOAD ./Core/Server/Src/state_machine.o
LOAD ./Core/Src/alarm.o
LOAD ./Core/Src/ds3231.o
LOAD ./Core/Src/fatfs_sd.o
LOAD ./Core/Src/main.o
LOAD ./Core/Src/midi.o
LOAD ./Core/Src/stm32f4xx_hal_msp.o
LOAD ./Core/Src/stm32f4xx_it.o
LOAD ./Core/Src/syscalls.o
LOAD ./Core/Src/sysmem.o
LOAD ./Core/Src/system_stm32f4xx.o
LOAD ./Core/Startup/startup_stm32f407vgtx.o
LOAD ./Drivers/STM32F4xx_HAL_Driver/Src/stm32f4xx_hal.o
LOAD ./Drivers/STM32F4xx_HAL_Driver/Src/stm32f4xx_hal_cortex.o
LOAD ./Drivers/STM32F4xx_HAL_Driver/Src/stm32f4xx_hal_dma.o
LOAD ./Drivers/STM32F4xx_HAL_Driver/Src/stm32f4xx_hal_dma_ex.o
LOAD ./Drivers/STM32F4xx_HAL_Driver/Src/stm32f4xx_hal_exti.o
LOAD ./Drivers/STM32F4xx_HAL_Driver/Src/stm32f4xx_hal_flash.o
LOAD ./Drivers/STM32F4xx_HAL_Driver/Src/stm32f4xx_hal_flash_ex.o
LOAD ./Drivers/STM32F4xx_HAL_Driver/Src/stm32f4xx_hal_flash_ramfunc.o
LOAD ./Drivers/STM32F4xx_HAL_Driver/Src/stm32f4xx_hal_gpio.o
LOAD ./Drivers/STM32F4xx_HAL_Driver/Src/stm32f4xx_hal_i2c.o
LOAD ./Drivers/STM32F4xx_HAL_Driver/Src/stm32f4xx_hal_i2c_ex.o
LOAD ./Drivers/STM32F4xx_HAL_Driver/Src/stm32f4xx_hal_pwr.o
LOAD ./Drivers/STM32F4xx_HAL_Driver/Src/stm32f4xx_hal_pwr_ex.o
LOAD ./Drivers/STM32F4xx_HAL_Driver/Src/stm32f4xx_hal_rcc.o
LOAD ./Drivers/STM32F4xx_HAL_Driver/Src/stm32f4xx_hal_rcc_ex.o
LOAD ./Drivers/STM32F4xx_HAL_Driver/Src/stm32f4xx_hal_spi.o
LOAD ./Drivers/STM32F4xx_HAL_Driver/Src/stm32f4xx_hal_tim.o
LOAD ./Drivers/STM32F4xx_HAL_Driver/Src/stm32f4xx_hal_tim_ex.o
LOAD ./Drivers/STM32F4xx_HAL_Driver/Src/stm32f4xx_hal_uart.o
LOAD ./FATFS/App/fatfs.o
LOAD ./FATFS/Target/user_diskio.o
LOAD ./Middlewares/Third_Party/FatFs/src/diskio.o
LOAD ./Middlewares/Third_Party/FatFs/src/ff.o
LOAD ./Middlewares/Third_Party/FatFs/src/ff_gen_drv.o
LOAD ./Middlewares/Third_Party/FatFs/src/option/ccsbcs.o
LOAD ./Middlewares/Third_Party/FatFs/src/option/syscall.o
START GROUP
LOAD /opt/st/stm32cubeide_1.12.0/plugins/com.st.stm32cube.ide.mcu.externaltools.gnu-tools-for-stm32.10.3-2021.10.linux64_1.0.200.202301161003/tools/bin/../lib/gcc/arm-none-eabi/10.3.1/../../../../arm-none-eabi/lib/thumb/v7e-m+fp/hard/libc_nano.a
LOAD /opt/st/stm32cubeide_1.12.0/plugins/com.st.stm32cube.ide.mcu.externaltools.gnu-tools-for-stm32.10.3-2021.10.linux64_1.0.200.202301161003/tools/bin/../lib/gcc/arm-none-eabi/10.3.1/../../../../arm-none-eabi/lib/thumb/v7e-m+fp/hard/libm.a
END GROUP
START GROUP
LOAD /opt/st/stm32cubeide_1.12.0/plugins/com.st.stm32cube.ide.mcu.externaltools.gnu-tools-for-stm32.10.3-2021.10.linux64_1.0.200.202301161003/tools/bin/../lib/gcc/arm-none-eabi/10.3.1/thumb/v7e-m+fp/hard/libgcc.a
LOAD /opt/st/stm32cubeide_1.12.0/plugins/com.st.stm32cube.ide.mcu.externaltools.gnu-tools-for-stm32.10.3-2021.10.linux64_1.0.200.202301161003/tools/bin/../lib/gcc/arm-none-eabi/10.3.1/../../../../arm-none-eabi/lib/thumb/v7e-m+fp/hard/libc_nano.a
END GROUP
START GROUP
LOAD /opt/st/stm32cubeide_1.12.0/plugins/com.st.stm32cube.ide.mcu.externaltools.gnu-tools-for-stm32.10.3-2021.10.linux64_1.0.200.202301161003/tools/bin/../lib/gcc/arm-none-eabi/10.3.1/thumb/v7e-m+fp/hard/libgcc.a
LOAD /opt/st/stm32cubeide_1.12.0/plugins/com.st.stm32cube.ide.mcu.externaltools.gnu-tools-for-stm32.10.3-2021.10.linux64_1.0.200.202301161003/tools/bin/../lib/gcc/arm-none-eabi/10.3.1/../../../../arm-none-eabi/lib/thumb/v7e-m+fp/hard/libc_nano.a
LOAD /opt/st/stm32cubeide_1.12.0/plugins/com.st.stm32cube.ide.mcu.externaltools.gnu-tools-for-stm32.10.3-2021.10.linux64_1.0.200.202301161003/tools/bin/../lib/gcc/arm-none-eabi/10.3.1/../../../../arm-none-eabi/lib/thumb/v7e-m+fp/hard/libnosys.a
END GROUP
START GROUP
LOAD /opt/st/stm32cubeide_1.12.0/plugins/com.st.stm32cube.ide.mcu.externaltools.gnu-tools-for-stm32.10.3-2021.10.linux64_1.0.200.202301161003/tools/bin/../lib/gcc/arm-none-eabi/10.3.1/thumb/v7e-m+fp/hard/libgcc.a
LOAD /opt/st/stm32cubeide_1.12.0/plugins/com.st.stm32cube.ide.mcu.externaltools.gnu-tools-for-stm32.10.3-2021.10.linux64_1.0.200.202301161003/tools/bin/../lib/gcc/arm-none-eabi/10.3.1/../../../../arm-none-eabi/lib/thumb/v7e-m+fp/hard/libc_nano.a
LOAD /opt/st/stm32cubeide_1.12.0/plugins/com.st.stm32cube.ide.mcu.externaltools.gnu-tools-for-stm32.10.3-2021.10.linux64_1.0.200.202301161003/tools/bin/../lib/gcc/arm-none-eabi/10.3.1/../../../../arm-none-eabi/lib/thumb/v7e-m+fp/hard/libnosys.a
END GROUP
LOAD /opt/st/stm32cubeide_1.12.0/plugins/com.st.stm32cube.ide.mcu.externaltools.gnu-tools-for-stm32.10.3-2021.10.linux64_1.0.200.202301161003/tools/bin/../lib/gcc/arm-none-eabi/10.3.1/thumb/v7e-m+fp/hard/crtend.o
LOAD /opt/st/stm32cubeide_1.12.0/plugins/com.st.stm32cube.ide.mcu.externaltools.gnu-tools-for-stm32.10.3-2021.10.linux64_1.0.200.202301161003/tools/bin/../lib/gcc/arm-none-eabi/10.3.1/thumb/v7e-m+fp/hard/crtn.o
                0x0000000020020000                _estack = (ORIGIN (RAM) + LENGTH (RAM))
                0x0000000000000200                _Min_Heap_Size = 0x200
                0x0000000000000400                _Min_Stack_Size = 0x400

.isr_vector     0x0000000008000000      0x188
                0x0000000008000000                . = ALIGN (0x4)
 *(.isr_vector)
 .isr_vector    0x0000000008000000      0x188 ./Core/Startup/startup_stm32f407vgtx.o
                0x0000000008000000                g_pfnVectors
                0x0000000008000188                . = ALIGN (0x4)

.text           0x0000000008000190     0xbc20
                0x0000000008000190                . = ALIGN (0x4)
 *(.text)
 .text          0x0000000008000190       0x40 /opt/st/stm32cubeide_1.12.0/plugins/com.st.stm32cube.ide.mcu.externaltools.gnu-tools-for-stm32.10.3-2021.10.linux64_1.0.200.202301161003/tools/bin/../lib/gcc/arm-none-eabi/10.3.1/thumb/v7e-m+fp/hard/crtbegin.o
 .text          0x00000000080001d0       0x14 /opt/st/stm32cubeide_1.12.0/plugins/com.st.stm32cube.ide.mcu.externaltools.gnu-tools-for-stm32.10.3-2021.10.linux64_1.0.200.202301161003/tools/bin/../lib/gcc/arm-none-eabi/10.3.1/../../../../arm-none-eabi/lib/thumb/v7e-m+fp/hard/libc_nano.a(lib_a-strcmp.o)
                0x00000000080001d0                strcmp
 .text          0x00000000080001e4       0x10 /opt/st/stm32cubeide_1.12.0/plugins/com.st.stm32cube.ide.mcu.externaltools.gnu-tools-for-stm32.10.3-2021.10.linux64_1.0.200.202301161003/tools/bin/../lib/gcc/arm-none-eabi/10.3.1/../../../../arm-none-eabi/lib/thumb/v7e-m+fp/hard/libc_nano.a(lib_a-strlen.o)
                0x00000000080001e4                strlen
 *fill*         0x00000000080001f4        0xc 
 .text          0x0000000008000200       0xa0 /opt/st/stm32cubeide_1.12.0/plugins/com.st.stm32cube.ide.mcu.externaltools.gnu-tools-for-stm32.10.3-2021.10.linux64_1.0.200.202301161003/tools/bin/../lib/gcc/arm-none-eabi/10.3.1/../../../../arm-none-eabi/lib/thumb/v7e-m+fp/hard/libc_nano.a(lib_a-memchr.o)
                0x0000000008000200                memchr
 .text          0x00000000080002a0       0x30 /opt/st/stm32cubeide_1.12.0/plugins/com.st.stm32cube.ide.mcu.externaltools.gnu-tools-for-stm32.10.3-2021.10.linux64_1.0.200.202301161003/tools/bin/../lib/gcc/arm-none-eabi/10.3.1/thumb/v7e-m+fp/hard/libgcc.a(_aeabi_uldivmod.o)
                0x00000000080002a0                __aeabi_uldivmod
 .text          0x00000000080002d0      0x2d0 /opt/st/stm32cubeide_1.12.0/plugins/com.st.stm32cube.ide.mcu.externaltools.gnu-tools-for-stm32.10.3-2021.10.linux64_1.0.200.202301161003/tools/bin/../lib/gcc/arm-none-eabi/10.3.1/thumb/v7e-m+fp/hard/libgcc.a(_udivmoddi4.o)
                0x00000000080002d0                __udivmoddi4
 .text          0x00000000080005a0        0x4 /opt/st/stm32cubeide_1.12.0/plugins/com.st.stm32cube.ide.mcu.externaltools.gnu-tools-for-stm32.10.3-2021.10.linux64_1.0.200.202301161003/tools/bin/../lib/gcc/arm-none-eabi/10.3.1/thumb/v7e-m+fp/hard/libgcc.a(_dvmd_tls.o)
                0x00000000080005a0                __aeabi_ldiv0
                0x00000000080005a0                __aeabi_idiv0
 *(.text*)
 .text.transmit_string_at
                0x00000000080005a4       0x22 ./Core/Server/Src/esp.o
                0x00000000080005a4                transmit_string_at
 *fill*         0x00000000080005c6        0x2 
 .text.transmit_at
                0x00000000080005c8       0x38 ./Core/Server/Src/esp.o
                0x00000000080005c8                transmit_at
 .text.receive_at_answer
                0x0000000008000600       0x50 ./Core/Server/Src/esp.o
                0x0000000008000600                receive_at_answer
 .text.transmit_to_client
                0x0000000008000650       0xcc ./Core/Server/Src/esp.o
                0x0000000008000650                transmit_to_client
 .text.get_next_list
                0x000000000800071c       0x58 ./Core/Server/Src/list.o
                0x000000000800071c                get_next_list
 .text.free_list
                0x0000000008000774       0x1c ./Core/Server/Src/list.o
                0x0000000008000774                free_list
 .text.list_add
                0x0000000008000790       0x22 ./Core/Server/Src/list.o
                0x0000000008000790                list_add
 .text.list_list_copy_to
                0x00000000080007b2       0x24 ./Core/Server/Src/list.o
                0x00000000080007b2                list_list_copy_to
 .text.list_copy_to
                0x00000000080007d6       0x5a ./Core/Server/Src/list.o
                0x00000000080007d6                list_copy_to
 .text.free_packet
                0x0000000008000830       0x22 ./Core/Server/Src/packet.o
                0x0000000008000830                free_packet
 *fill*         0x0000000008000852        0x2 
 .text.get_packet_bytes
                0x0000000008000854       0x68 ./Core/Server/Src/packet_handler.o
                0x0000000008000854                get_packet_bytes
 .text.parse_send_data
                0x00000000080008bc       0x40 ./Core/Server/Src/parse_at.o
                0x00000000080008bc                parse_send_data
 .text.parse_ok
                0x00000000080008fc       0x3c ./Core/Server/Src/parse_at.o
                0x00000000080008fc                parse_ok
 .text.parse_connect
                0x0000000008000938       0x70 ./Core/Server/Src/parse_at.o
                0x0000000008000938                parse_connect
 .text.parse_disconnect
                0x00000000080009a8       0x70 ./Core/Server/Src/parse_at.o
                0x00000000080009a8                parse_disconnect
 .text.parse_data
                0x0000000008000a18       0x8c ./Core/Server/Src/parse_at.o
                0x0000000008000a18                parse_data
 .text.reset_command_meta
                0x0000000008000aa4       0x34 ./Core/Server/Src/parse_at.o
                0x0000000008000aa4                reset_command_meta
 .text.parse    0x0000000008000ad8       0x9a ./Core/Server/Src/parse_at.o
                0x0000000008000ad8                parse
 .text.serialize_uint
                0x0000000008000b72       0x4c ./Core/Server/Src/serialize_utils.o
                0x0000000008000b72                serialize_uint
 .text.serialize_uint32
                0x0000000008000bbe       0x20 ./Core/Server/Src/serialize_utils.o
                0x0000000008000bbe                serialize_uint32
 .text.serialize_uint8
                0x0000000008000bde       0x20 ./Core/Server/Src/serialize_utils.o
                0x0000000008000bde                serialize_uint8
 .text.serialize_concat_helper
                0x0000000008000bfe       0x40 ./Core/Server/Src/serialize_utils.o
                0x0000000008000bfe                serialize_concat_helper
 *fill*         0x0000000008000c3e        0x2 
 .text.get_endpoint_meta
                0x0000000008000c40       0x58 ./Core/Server/Src/server_endpoints.o
                0x0000000008000c40                get_endpoint_meta
 .text.start_receive
                0x0000000008000c98       0x20 ./Core/Server/Src/state_machine.o
                0x0000000008000c98                start_receive
 .text.HAL_UARTEx_RxEventCallback
                0x0000000008000cb8       0x3c ./Core/Server/Src/state_machine.o
                0x0000000008000cb8                HAL_UARTEx_RxEventCallback
 .text.send_command_by_endpoint_meta_data
                0x0000000008000cf4       0x5a ./Core/Server/Src/state_machine.o
                0x0000000008000cf4                send_command_by_endpoint_meta_data
 *fill*         0x0000000008000d4e        0x2 
 .text.send_command
                0x0000000008000d50       0x40 ./Core/Server/Src/state_machine.o
                0x0000000008000d50                send_command
 .text.checkAlarmsNonBlocking
                0x0000000008000d90       0xc4 ./Core/Src/alarm.o
                0x0000000008000d90                checkAlarmsNonBlocking
 .text.processAlarm
                0x0000000008000e54       0x20 ./Core/Src/alarm.o
                0x0000000008000e54                processAlarm
 .text.should_send_time
                0x0000000008000e74       0x88 ./Core/Src/ds3231.o
                0x0000000008000e74                should_send_time
 .text.bcdToDec
                0x0000000008000efc       0x30 ./Core/Src/ds3231.o
                0x0000000008000efc                bcdToDec
 .text.DS3231_Get_Time
                0x0000000008000f2c       0xa0 ./Core/Src/ds3231.o
                0x0000000008000f2c                DS3231_Get_Time
 .text.SELECT   0x0000000008000fcc       0x20 ./Core/Src/fatfs_sd.o
 .text.DESELECT
                0x0000000008000fec       0x20 ./Core/Src/fatfs_sd.o
 .text.SPI_TxByte
                0x000000000800100c       0x34 ./Core/Src/fatfs_sd.o
 .text.SPI_TxBuffer
                0x0000000008001040       0x34 ./Core/Src/fatfs_sd.o
 .text.SPI_RxByte
                0x0000000008001074       0x38 ./Core/Src/fatfs_sd.o
 .text.SPI_RxBytePtr
                0x00000000080010ac       0x1c ./Core/Src/fatfs_sd.o
 .text.SD_ReadyWait
                0x00000000080010c8       0x34 ./Core/Src/fatfs_sd.o
 .text.SD_PowerOn
                0x00000000080010fc       0x84 ./Core/Src/fatfs_sd.o
 .text.SD_PowerOff
                0x0000000008001180       0x18 ./Core/Src/fatfs_sd.o
 .text.SD_CheckPower
                0x0000000008001198       0x18 ./Core/Src/fatfs_sd.o
 .text.SD_RxDataBlock
                0x00000000080011b0       0x60 ./Core/Src/fatfs_sd.o
 .text.SD_TxDataBlock
                0x0000000008001210       0x86 ./Core/Src/fatfs_sd.o
 .text.SD_SendCmd
                0x0000000008001296       0xa8 ./Core/Src/fatfs_sd.o
 *fill*         0x000000000800133e        0x2 
 .text.SD_disk_initialize
                0x0000000008001340      0x1d8 ./Core/Src/fatfs_sd.o
                0x0000000008001340                SD_disk_initialize
 .text.SD_disk_status
                0x0000000008001518       0x2c ./Core/Src/fatfs_sd.o
                0x0000000008001518                SD_disk_status
 .text.SD_disk_read
                0x0000000008001544       0xd4 ./Core/Src/fatfs_sd.o
                0x0000000008001544                SD_disk_read
 .text.SD_disk_write
                0x0000000008001618      0x108 ./Core/Src/fatfs_sd.o
                0x0000000008001618                SD_disk_write
 .text.SD_disk_ioctl
                0x0000000008001720      0x258 ./Core/Src/fatfs_sd.o
                0x0000000008001720                SD_disk_ioctl
 .text.shift_reg_init
                0x0000000008001978       0x28 ./Core/Src/main.o
                0x0000000008001978                shift_reg_init
 .text.put_val_to_shift_reg
                0x00000000080019a0       0x6c ./Core/Src/main.o
                0x00000000080019a0                put_val_to_shift_reg
 .text.clear_shift_reg
                0x0000000008001a0c       0x38 ./Core/Src/main.o
                0x0000000008001a0c                clear_shift_reg
 .text.HAL_TIM_PeriodElapsedCallback
                0x0000000008001a44       0x44 ./Core/Src/main.o
                0x0000000008001a44                HAL_TIM_PeriodElapsedCallback
 .text.send_uart
                0x0000000008001a88       0x30 ./Core/Src/main.o
                0x0000000008001a88                send_uart
 .text.send_time
                0x0000000008001ab8       0x54 ./Core/Src/main.o
                0x0000000008001ab8                send_time
 .text.main     0x0000000008001b0c       0xa4 ./Core/Src/main.o
                0x0000000008001b0c                main
 .text.SystemClock_Config
                0x0000000008001bb0       0xd4 ./Core/Src/main.o
                0x0000000008001bb0                SystemClock_Config
 .text.MX_I2C1_Init
                0x0000000008001c84       0x5c ./Core/Src/main.o
 .text.MX_SPI3_Init
                0x0000000008001ce0       0x6c ./Core/Src/main.o
 .text.MX_TIM2_Init
                0x0000000008001d4c       0x98 ./Core/Src/main.o
 .text.MX_TIM3_Init
                0x0000000008001de4       0x9c ./Core/Src/main.o
 .text.MX_UART4_Init
                0x0000000008001e80       0x54 ./Core/Src/main.o
 .text.MX_USART3_UART_Init
                0x0000000008001ed4       0x54 ./Core/Src/main.o
 .text.MX_GPIO_Init
                0x0000000008001f28      0x138 ./Core/Src/main.o
 .text.Error_Handler
                0x0000000008002060        0xa ./Core/Src/main.o
                0x0000000008002060                Error_Handler
 *fill*         0x000000000800206a        0x2 
 .text.play_midi
                0x000000000800206c      0x1e4 ./Core/Src/midi.o
                0x000000000800206c                play_midi
 .text.process_midi_event
                0x0000000008002250      0x170 ./Core/Src/midi.o
                0x0000000008002250                process_midi_event
 .text.swap16   0x00000000080023c0       0x2a ./Core/Src/midi.o
                0x00000000080023c0                swap16
 *fill*         0x00000000080023ea        0x2 
 .text.read_midi_header
                0x00000000080023ec       0xa4 ./Core/Src/midi.o
                0x00000000080023ec                read_midi_header
 .text.parse_midi
                0x0000000008002490      0x254 ./Core/Src/midi.o
                0x0000000008002490                parse_midi
 .text.apply_note_timing_modifications
                0x00000000080026e4      0x198 ./Core/Src/midi.o
                0x00000000080026e4                apply_note_timing_modifications
 .text.compare_events_by_time
                0x000000000800287c       0x28 ./Core/Src/midi.o
                0x000000000800287c                compare_events_by_time
 .text.events_post_proccessing
                0x00000000080028a4       0x78 ./Core/Src/midi.o
                0x00000000080028a4                events_post_proccessing
 .text.count_ticks
                0x000000000800291c       0xbc ./Core/Src/midi.o
                0x000000000800291c                count_ticks
 .text.HAL_MspInit
                0x00000000080029d8       0x50 ./Core/Src/stm32f4xx_hal_msp.o
                0x00000000080029d8                HAL_MspInit
 .text.HAL_I2C_MspInit
                0x0000000008002a28       0x90 ./Core/Src/stm32f4xx_hal_msp.o
                0x0000000008002a28                HAL_I2C_MspInit
 .text.HAL_SPI_MspInit
                0x0000000008002ab8       0x90 ./Core/Src/stm32f4xx_hal_msp.o
                0x0000000008002ab8                HAL_SPI_MspInit
 .text.HAL_TIM_Base_MspInit
                0x0000000008002b48       0x88 ./Core/Src/stm32f4xx_hal_msp.o
                0x0000000008002b48                HAL_TIM_Base_MspInit
 .text.HAL_UART_MspInit
                0x0000000008002bd0      0x10c ./Core/Src/stm32f4xx_hal_msp.o
                0x0000000008002bd0                HAL_UART_MspInit
 .text.NMI_Handler
                0x0000000008002cdc        0x6 ./Core/Src/stm32f4xx_it.o
                0x0000000008002cdc                NMI_Handler
 .text.HardFault_Handler
                0x0000000008002ce2        0x6 ./Core/Src/stm32f4xx_it.o
                0x0000000008002ce2                HardFault_Handler
 .text.MemManage_Handler
                0x0000000008002ce8        0x6 ./Core/Src/stm32f4xx_it.o
                0x0000000008002ce8                MemManage_Handler
 .text.BusFault_Handler
                0x0000000008002cee        0x6 ./Core/Src/stm32f4xx_it.o
                0x0000000008002cee                BusFault_Handler
 .text.UsageFault_Handler
                0x0000000008002cf4        0x6 ./Core/Src/stm32f4xx_it.o
                0x0000000008002cf4                UsageFault_Handler
 .text.SVC_Handler
                0x0000000008002cfa        0xe ./Core/Src/stm32f4xx_it.o
                0x0000000008002cfa                SVC_Handler
 .text.DebugMon_Handler
                0x0000000008002d08        0xe ./Core/Src/stm32f4xx_it.o
                0x0000000008002d08                DebugMon_Handler
 .text.PendSV_Handler
                0x0000000008002d16        0xe ./Core/Src/stm32f4xx_it.o
                0x0000000008002d16                PendSV_Handler
 .text.SysTick_Handler
                0x0000000008002d24        0xc ./Core/Src/stm32f4xx_it.o
                0x0000000008002d24                SysTick_Handler
 .text.TIM2_IRQHandler
                0x0000000008002d30       0x14 ./Core/Src/stm32f4xx_it.o
                0x0000000008002d30                TIM2_IRQHandler
 .text.TIM3_IRQHandler
                0x0000000008002d44       0x14 ./Core/Src/stm32f4xx_it.o
                0x0000000008002d44                TIM3_IRQHandler
 .text.USART3_IRQHandler
                0x0000000008002d58       0x14 ./Core/Src/stm32f4xx_it.o
                0x0000000008002d58                USART3_IRQHandler
 .text._read    0x0000000008002d6c       0x3a ./Core/Src/syscalls.o
                0x0000000008002d6c                _read
 .text._write   0x0000000008002da6       0x38 ./Core/Src/syscalls.o
                0x0000000008002da6                _write
 .text._close   0x0000000008002dde       0x18 ./Core/Src/syscalls.o
                0x0000000008002dde                _close
 .text._fstat   0x0000000008002df6       0x20 ./Core/Src/syscalls.o
                0x0000000008002df6                _fstat
 .text._isatty  0x0000000008002e16       0x16 ./Core/Src/syscalls.o
                0x0000000008002e16                _isatty
 .text._lseek   0x0000000008002e2c       0x1a ./Core/Src/syscalls.o
                0x0000000008002e2c                _lseek
 *fill*         0x0000000008002e46        0x2 
 .text._sbrk    0x0000000008002e48       0x6c ./Core/Src/sysmem.o
                0x0000000008002e48                _sbrk
 .text.SystemInit
                0x0000000008002eb4       0x24 ./Core/Src/system_stm32f4xx.o
                0x0000000008002eb4                SystemInit
 .text.Reset_Handler
                0x0000000008002ed8       0x50 ./Core/Startup/startup_stm32f407vgtx.o
                0x0000000008002ed8                Reset_Handler
 .text.Default_Handler
                0x0000000008002f28        0x2 ./Core/Startup/startup_stm32f407vgtx.o
                0x0000000008002f28                RTC_Alarm_IRQHandler
                0x0000000008002f28                HASH_RNG_IRQHandler
                0x0000000008002f28                EXTI2_IRQHandler
                0x0000000008002f28                TIM8_CC_IRQHandler
                0x0000000008002f28                TIM1_CC_IRQHandler
                0x0000000008002f28                DMA2_Stream5_IRQHandler
                0x0000000008002f28                DMA1_Stream5_IRQHandler
                0x0000000008002f28                PVD_IRQHandler
                0x0000000008002f28                SDIO_IRQHandler
                0x0000000008002f28                TAMP_STAMP_IRQHandler
                0x0000000008002f28                CAN2_RX1_IRQHandler
                0x0000000008002f28                EXTI3_IRQHandler
                0x0000000008002f28                TIM8_TRG_COM_TIM14_IRQHandler
                0x0000000008002f28                TIM1_UP_TIM10_IRQHandler
                0x0000000008002f28                TIM8_UP_TIM13_IRQHandler
                0x0000000008002f28                I2C3_ER_IRQHandler
                0x0000000008002f28                EXTI0_IRQHandler
                0x0000000008002f28                I2C2_EV_IRQHandler
                0x0000000008002f28                DMA1_Stream2_IRQHandler
                0x0000000008002f28                CAN1_RX0_IRQHandler
                0x0000000008002f28                FPU_IRQHandler
                0x0000000008002f28                OTG_HS_WKUP_IRQHandler
                0x0000000008002f28                CAN2_SCE_IRQHandler
                0x0000000008002f28                DMA2_Stream2_IRQHandler
                0x0000000008002f28                SPI1_IRQHandler
                0x0000000008002f28                TIM6_DAC_IRQHandler
                0x0000000008002f28                TIM1_BRK_TIM9_IRQHandler
                0x0000000008002f28                DCMI_IRQHandler
                0x0000000008002f28                CAN2_RX0_IRQHandler
                0x0000000008002f28                DMA2_Stream3_IRQHandler
                0x0000000008002f28                USART6_IRQHandler
                0x0000000008002f28                CAN1_RX1_IRQHandler
                0x0000000008002f28                UART5_IRQHandler
                0x0000000008002f28                DMA2_Stream0_IRQHandler
                0x0000000008002f28                TIM4_IRQHandler
                0x0000000008002f28                I2C1_EV_IRQHandler
                0x0000000008002f28                DMA1_Stream6_IRQHandler
                0x0000000008002f28                DMA1_Stream1_IRQHandler
                0x0000000008002f28                UART4_IRQHandler
                0x0000000008002f28                RCC_IRQHandler
                0x0000000008002f28                TIM8_BRK_TIM12_IRQHandler
                0x0000000008002f28                Default_Handler
                0x0000000008002f28                EXTI15_10_IRQHandler
                0x0000000008002f28                ADC_IRQHandler
                0x0000000008002f28                DMA1_Stream7_IRQHandler
                0x0000000008002f28                TIM7_IRQHandler
                0x0000000008002f28                CAN2_TX_IRQHandler
                0x0000000008002f28                TIM5_IRQHandler
                0x0000000008002f28                DMA2_Stream7_IRQHandler
                0x0000000008002f28                I2C3_EV_IRQHandler
                0x0000000008002f28                EXTI9_5_IRQHandler
                0x0000000008002f28                RTC_WKUP_IRQHandler
                0x0000000008002f28                ETH_WKUP_IRQHandler
                0x0000000008002f28                SPI2_IRQHandler
                0x0000000008002f28                OTG_HS_EP1_IN_IRQHandler
                0x0000000008002f28                DMA1_Stream0_IRQHandler
                0x0000000008002f28                CAN1_TX_IRQHandler
                0x0000000008002f28                EXTI4_IRQHandler
                0x0000000008002f28                FSMC_IRQHandler
                0x0000000008002f28                ETH_IRQHandler
                0x0000000008002f28                OTG_HS_EP1_OUT_IRQHandler
                0x0000000008002f28                WWDG_IRQHandler
                0x0000000008002f28                OTG_FS_WKUP_IRQHandler
                0x0000000008002f28                TIM1_TRG_COM_TIM11_IRQHandler
                0x0000000008002f28                OTG_HS_IRQHandler
                0x0000000008002f28                EXTI1_IRQHandler
                0x0000000008002f28                USART2_IRQHandler
                0x0000000008002f28                I2C2_ER_IRQHandler
                0x0000000008002f28                DMA2_Stream1_IRQHandler
                0x0000000008002f28                CAN1_SCE_IRQHandler
                0x0000000008002f28                FLASH_IRQHandler
                0x0000000008002f28                DMA2_Stream4_IRQHandler
                0x0000000008002f28                USART1_IRQHandler
                0x0000000008002f28                OTG_FS_IRQHandler
                0x0000000008002f28                SPI3_IRQHandler
                0x0000000008002f28                DMA1_Stream4_IRQHandler
                0x0000000008002f28                I2C1_ER_IRQHandler
                0x0000000008002f28                DMA2_Stream6_IRQHandler
                0x0000000008002f28                DMA1_Stream3_IRQHandler
 *fill*         0x0000000008002f2a        0x2 
 .text.HAL_Init
                0x0000000008002f2c       0x44 ./Drivers/STM32F4xx_HAL_Driver/Src/stm32f4xx_hal.o
                0x0000000008002f2c                HAL_Init
 .text.HAL_InitTick
                0x0000000008002f70       0x60 ./Drivers/STM32F4xx_HAL_Driver/Src/stm32f4xx_hal.o
                0x0000000008002f70                HAL_InitTick
 .text.HAL_IncTick
                0x0000000008002fd0       0x28 ./Drivers/STM32F4xx_HAL_Driver/Src/stm32f4xx_hal.o
                0x0000000008002fd0                HAL_IncTick
 .text.HAL_GetTick
                0x0000000008002ff8       0x18 ./Drivers/STM32F4xx_HAL_Driver/Src/stm32f4xx_hal.o
                0x0000000008002ff8                HAL_GetTick
 .text.HAL_Delay
                0x0000000008003010       0x48 ./Drivers/STM32F4xx_HAL_Driver/Src/stm32f4xx_hal.o
                0x0000000008003010                HAL_Delay
 .text.__NVIC_SetPriorityGrouping
                0x0000000008003058       0x48 ./Drivers/STM32F4xx_HAL_Driver/Src/stm32f4xx_hal_cortex.o
 .text.__NVIC_GetPriorityGrouping
                0x00000000080030a0       0x1c ./Drivers/STM32F4xx_HAL_Driver/Src/stm32f4xx_hal_cortex.o
 .text.__NVIC_EnableIRQ
                0x00000000080030bc       0x3c ./Drivers/STM32F4xx_HAL_Driver/Src/stm32f4xx_hal_cortex.o
 .text.__NVIC_SetPriority
                0x00000000080030f8       0x54 ./Drivers/STM32F4xx_HAL_Driver/Src/stm32f4xx_hal_cortex.o
 .text.NVIC_EncodePriority
                0x000000000800314c       0x66 ./Drivers/STM32F4xx_HAL_Driver/Src/stm32f4xx_hal_cortex.o
 *fill*         0x00000000080031b2        0x2 
 .text.SysTick_Config
                0x00000000080031b4       0x44 ./Drivers/STM32F4xx_HAL_Driver/Src/stm32f4xx_hal_cortex.o
 .text.HAL_NVIC_SetPriorityGrouping
                0x00000000080031f8       0x16 ./Drivers/STM32F4xx_HAL_Driver/Src/stm32f4xx_hal_cortex.o
                0x00000000080031f8                HAL_NVIC_SetPriorityGrouping
 .text.HAL_NVIC_SetPriority
                0x000000000800320e       0x38 ./Drivers/STM32F4xx_HAL_Driver/Src/stm32f4xx_hal_cortex.o
                0x000000000800320e                HAL_NVIC_SetPriority
 .text.HAL_NVIC_EnableIRQ
                0x0000000008003246       0x1c ./Drivers/STM32F4xx_HAL_Driver/Src/stm32f4xx_hal_cortex.o
                0x0000000008003246                HAL_NVIC_EnableIRQ
 .text.HAL_SYSTICK_Config
                0x0000000008003262       0x18 ./Drivers/STM32F4xx_HAL_Driver/Src/stm32f4xx_hal_cortex.o
                0x0000000008003262                HAL_SYSTICK_Config
 .text.HAL_DMA_Abort
                0x000000000800327a       0xe0 ./Drivers/STM32F4xx_HAL_Driver/Src/stm32f4xx_hal_dma.o
                0x000000000800327a                HAL_DMA_Abort
 .text.HAL_DMA_Abort_IT
                0x000000000800335a       0x44 ./Drivers/STM32F4xx_HAL_Driver/Src/stm32f4xx_hal_dma.o
                0x000000000800335a                HAL_DMA_Abort_IT
 *fill*         0x000000000800339e        0x2 
 .text.HAL_GPIO_Init
                0x00000000080033a0      0x338 ./Drivers/STM32F4xx_HAL_Driver/Src/stm32f4xx_hal_gpio.o
                0x00000000080033a0                HAL_GPIO_Init
 .text.HAL_GPIO_WritePin
                0x00000000080036d8       0x32 ./Drivers/STM32F4xx_HAL_Driver/Src/stm32f4xx_hal_gpio.o
                0x00000000080036d8                HAL_GPIO_WritePin
 *fill*         0x000000000800370a        0x2 
 .text.HAL_I2C_Init
                0x000000000800370c      0x288 ./Drivers/STM32F4xx_HAL_Driver/Src/stm32f4xx_hal_i2c.o
                0x000000000800370c                HAL_I2C_Init
 .text.HAL_I2C_Mem_Read
                0x0000000008003994      0x44c ./Drivers/STM32F4xx_HAL_Driver/Src/stm32f4xx_hal_i2c.o
                0x0000000008003994                HAL_I2C_Mem_Read
 .text.I2C_RequestMemoryRead
                0x0000000008003de0      0x1d0 ./Drivers/STM32F4xx_HAL_Driver/Src/stm32f4xx_hal_i2c.o
 .text.I2C_WaitOnFlagUntilTimeout
                0x0000000008003fb0       0xae ./Drivers/STM32F4xx_HAL_Driver/Src/stm32f4xx_hal_i2c.o
 .text.I2C_WaitOnMasterAddressFlagUntilTimeout
                0x000000000800405e       0xfe ./Drivers/STM32F4xx_HAL_Driver/Src/stm32f4xx_hal_i2c.o
 .text.I2C_WaitOnTXEFlagUntilTimeout
                0x000000000800415c       0x82 ./Drivers/STM32F4xx_HAL_Driver/Src/stm32f4xx_hal_i2c.o
 .text.I2C_WaitOnRXNEFlagUntilTimeout
                0x00000000080041de       0xac ./Drivers/STM32F4xx_HAL_Driver/Src/stm32f4xx_hal_i2c.o
 .text.I2C_IsAcknowledgeFailed
                0x000000000800428a       0x5e ./Drivers/STM32F4xx_HAL_Driver/Src/stm32f4xx_hal_i2c.o
 .text.HAL_RCC_OscConfig
                0x00000000080042e8      0x4f0 ./Drivers/STM32F4xx_HAL_Driver/Src/stm32f4xx_hal_rcc.o
                0x00000000080042e8                HAL_RCC_OscConfig
 .text.HAL_RCC_ClockConfig
                0x00000000080047d8      0x1cc ./Drivers/STM32F4xx_HAL_Driver/Src/stm32f4xx_hal_rcc.o
                0x00000000080047d8                HAL_RCC_ClockConfig
 .text.HAL_RCC_GetSysClockFreq
                0x00000000080049a4      0x20c ./Drivers/STM32F4xx_HAL_Driver/Src/stm32f4xx_hal_rcc.o
                0x00000000080049a4                HAL_RCC_GetSysClockFreq
 .text.HAL_RCC_GetHCLKFreq
                0x0000000008004bb0       0x18 ./Drivers/STM32F4xx_HAL_Driver/Src/stm32f4xx_hal_rcc.o
                0x0000000008004bb0                HAL_RCC_GetHCLKFreq
 .text.HAL_RCC_GetPCLK1Freq
                0x0000000008004bc8       0x28 ./Drivers/STM32F4xx_HAL_Driver/Src/stm32f4xx_hal_rcc.o
                0x0000000008004bc8                HAL_RCC_GetPCLK1Freq
 .text.HAL_RCC_GetPCLK2Freq
                0x0000000008004bf0       0x28 ./Drivers/STM32F4xx_HAL_Driver/Src/stm32f4xx_hal_rcc.o
                0x0000000008004bf0                HAL_RCC_GetPCLK2Freq
 .text.HAL_SPI_Init
                0x0000000008004c18      0x112 ./Drivers/STM32F4xx_HAL_Driver/Src/stm32f4xx_hal_spi.o
                0x0000000008004c18                HAL_SPI_Init
 .text.HAL_SPI_Transmit
                0x0000000008004d2a      0x278 ./Drivers/STM32F4xx_HAL_Driver/Src/stm32f4xx_hal_spi.o
                0x0000000008004d2a                HAL_SPI_Transmit
 .text.HAL_SPI_TransmitReceive
                0x0000000008004fa2      0x344 ./Drivers/STM32F4xx_HAL_Driver/Src/stm32f4xx_hal_spi.o
                0x0000000008004fa2                HAL_SPI_TransmitReceive
 *fill*         0x00000000080052e6        0x2 
 .text.SPI_WaitFlagStateUntilTimeout
                0x00000000080052e8      0x110 ./Drivers/STM32F4xx_HAL_Driver/Src/stm32f4xx_hal_spi.o
 .text.SPI_EndRxTxTransaction
                0x00000000080053f8       0x84 ./Drivers/STM32F4xx_HAL_Driver/Src/stm32f4xx_hal_spi.o
 .text.HAL_TIM_Base_Init
                0x000000000800547c       0x9e ./Drivers/STM32F4xx_HAL_Driver/Src/stm32f4xx_hal_tim.o
                0x000000000800547c                HAL_TIM_Base_Init
 *fill*         0x000000000800551a        0x2 
 .text.HAL_TIM_Base_Start_IT
                0x000000000800551c       0xe0 ./Drivers/STM32F4xx_HAL_Driver/Src/stm32f4xx_hal_tim.o
                0x000000000800551c                HAL_TIM_Base_Start_IT
 .text.HAL_TIM_Base_Stop_IT
                0x00000000080055fc       0x5e ./Drivers/STM32F4xx_HAL_Driver/Src/stm32f4xx_hal_tim.o
                0x00000000080055fc                HAL_TIM_Base_Stop_IT
 .text.HAL_TIM_IRQHandler
                0x000000000800565a      0x210 ./Drivers/STM32F4xx_HAL_Driver/Src/stm32f4xx_hal_tim.o
                0x000000000800565a                HAL_TIM_IRQHandler
 .text.HAL_TIM_ConfigClockSource
                0x000000000800586a      0x18e ./Drivers/STM32F4xx_HAL_Driver/Src/stm32f4xx_hal_tim.o
                0x000000000800586a                HAL_TIM_ConfigClockSource
 .text.HAL_TIM_OC_DelayElapsedCallback
                0x00000000080059f8       0x14 ./Drivers/STM32F4xx_HAL_Driver/Src/stm32f4xx_hal_tim.o
                0x00000000080059f8                HAL_TIM_OC_DelayElapsedCallback
 .text.HAL_TIM_IC_CaptureCallback
                0x0000000008005a0c       0x14 ./Drivers/STM32F4xx_HAL_Driver/Src/stm32f4xx_hal_tim.o
                0x0000000008005a0c                HAL_TIM_IC_CaptureCallback
 .text.HAL_TIM_PWM_PulseFinishedCallback
                0x0000000008005a20       0x14 ./Drivers/STM32F4xx_HAL_Driver/Src/stm32f4xx_hal_tim.o
                0x0000000008005a20                HAL_TIM_PWM_PulseFinishedCallback
 .text.HAL_TIM_TriggerCallback
                0x0000000008005a34       0x14 ./Drivers/STM32F4xx_HAL_Driver/Src/stm32f4xx_hal_tim.o
                0x0000000008005a34                HAL_TIM_TriggerCallback
 .text.TIM_Base_SetConfig
                0x0000000008005a48      0x140 ./Drivers/STM32F4xx_HAL_Driver/Src/stm32f4xx_hal_tim.o
                0x0000000008005a48                TIM_Base_SetConfig
 .text.TIM_TI1_ConfigInputStage
                0x0000000008005b88       0x5e ./Drivers/STM32F4xx_HAL_Driver/Src/stm32f4xx_hal_tim.o
 .text.TIM_TI2_ConfigInputStage
                0x0000000008005be6       0x60 ./Drivers/STM32F4xx_HAL_Driver/Src/stm32f4xx_hal_tim.o
 .text.TIM_ITRx_SetConfig
                0x0000000008005c46       0x36 ./Drivers/STM32F4xx_HAL_Driver/Src/stm32f4xx_hal_tim.o
 .text.TIM_ETR_SetConfig
                0x0000000008005c7c       0x40 ./Drivers/STM32F4xx_HAL_Driver/Src/stm32f4xx_hal_tim.o
                0x0000000008005c7c                TIM_ETR_SetConfig
 .text.HAL_TIMEx_MasterConfigSynchronization
                0x0000000008005cbc       0xf8 ./Drivers/STM32F4xx_HAL_Driver/Src/stm32f4xx_hal_tim_ex.o
                0x0000000008005cbc                HAL_TIMEx_MasterConfigSynchronization
 .text.HAL_TIMEx_CommutCallback
                0x0000000008005db4       0x14 ./Drivers/STM32F4xx_HAL_Driver/Src/stm32f4xx_hal_tim_ex.o
                0x0000000008005db4                HAL_TIMEx_CommutCallback
 .text.HAL_TIMEx_BreakCallback
                0x0000000008005dc8       0x14 ./Drivers/STM32F4xx_HAL_Driver/Src/stm32f4xx_hal_tim_ex.o
                0x0000000008005dc8                HAL_TIMEx_BreakCallback
 .text.HAL_UART_Init
                0x0000000008005ddc       0x9a ./Drivers/STM32F4xx_HAL_Driver/Src/stm32f4xx_hal_uart.o
                0x0000000008005ddc                HAL_UART_Init
 .text.HAL_UART_Transmit
                0x0000000008005e76      0x124 ./Drivers/STM32F4xx_HAL_Driver/Src/stm32f4xx_hal_uart.o
                0x0000000008005e76                HAL_UART_Transmit
 .text.HAL_UART_Receive
                0x0000000008005f9a      0x144 ./Drivers/STM32F4xx_HAL_Driver/Src/stm32f4xx_hal_uart.o
                0x0000000008005f9a                HAL_UART_Receive
 .text.HAL_UARTEx_ReceiveToIdle_IT
                0x00000000080060de       0xca ./Drivers/STM32F4xx_HAL_Driver/Src/stm32f4xx_hal_uart.o
                0x00000000080060de                HAL_UARTEx_ReceiveToIdle_IT
 .text.HAL_UART_IRQHandler
                0x00000000080061a8      0x51c ./Drivers/STM32F4xx_HAL_Driver/Src/stm32f4xx_hal_uart.o
                0x00000000080061a8                HAL_UART_IRQHandler
 .text.HAL_UART_TxCpltCallback
                0x00000000080066c4       0x14 ./Drivers/STM32F4xx_HAL_Driver/Src/stm32f4xx_hal_uart.o
                0x00000000080066c4                HAL_UART_TxCpltCallback
 .text.HAL_UART_RxCpltCallback
                0x00000000080066d8       0x14 ./Drivers/STM32F4xx_HAL_Driver/Src/stm32f4xx_hal_uart.o
                0x00000000080066d8                HAL_UART_RxCpltCallback
 .text.HAL_UART_ErrorCallback
                0x00000000080066ec       0x14 ./Drivers/STM32F4xx_HAL_Driver/Src/stm32f4xx_hal_uart.o
                0x00000000080066ec                HAL_UART_ErrorCallback
 .text.UART_WaitOnFlagUntilTimeout
                0x0000000008006700       0xdc ./Drivers/STM32F4xx_HAL_Driver/Src/stm32f4xx_hal_uart.o
 .text.UART_Start_Receive_IT
                0x00000000080067dc       0x7c ./Drivers/STM32F4xx_HAL_Driver/Src/stm32f4xx_hal_uart.o
                0x00000000080067dc                UART_Start_Receive_IT
 .text.UART_EndRxTransfer
                0x0000000008006858       0xc6 ./Drivers/STM32F4xx_HAL_Driver/Src/stm32f4xx_hal_uart.o
 .text.UART_DMAAbortOnError
                0x000000000800691e       0x28 ./Drivers/STM32F4xx_HAL_Driver/Src/stm32f4xx_hal_uart.o
 .text.UART_Transmit_IT
                0x0000000008006946       0xa0 ./Drivers/STM32F4xx_HAL_Driver/Src/stm32f4xx_hal_uart.o
 .text.UART_EndTransmit_IT
                0x00000000080069e6       0x30 ./Drivers/STM32F4xx_HAL_Driver/Src/stm32f4xx_hal_uart.o
 .text.UART_Receive_IT
                0x0000000008006a16      0x176 ./Drivers/STM32F4xx_HAL_Driver/Src/stm32f4xx_hal_uart.o
 .text.UART_SetConfig
                0x0000000008006b8c      0x4e8 ./Drivers/STM32F4xx_HAL_Driver/Src/stm32f4xx_hal_uart.o
 .text.MX_FATFS_Init
                0x0000000008007074       0x24 ./FATFS/App/fatfs.o
                0x0000000008007074                MX_FATFS_Init
 .text.get_fattime
                0x0000000008007098       0x10 ./FATFS/App/fatfs.o
                0x0000000008007098                get_fattime
 .text.USER_initialize
                0x00000000080070a8       0x1e ./FATFS/Target/user_diskio.o
                0x00000000080070a8                USER_initialize
 .text.USER_status
                0x00000000080070c6       0x1e ./FATFS/Target/user_diskio.o
                0x00000000080070c6                USER_status
 .text.USER_read
                0x00000000080070e4       0x28 ./FATFS/Target/user_diskio.o
                0x00000000080070e4                USER_read
 .text.USER_write
                0x000000000800710c       0x28 ./FATFS/Target/user_diskio.o
                0x000000000800710c                USER_write
 .text.USER_ioctl
                0x0000000008007134       0x28 ./FATFS/Target/user_diskio.o
                0x0000000008007134                USER_ioctl
 .text.disk_status
                0x000000000800715c       0x34 ./Middlewares/Third_Party/FatFs/src/diskio.o
                0x000000000800715c                disk_status
 .text.disk_initialize
                0x0000000008007190       0x4c ./Middlewares/Third_Party/FatFs/src/diskio.o
                0x0000000008007190                disk_initialize
 .text.disk_read
                0x00000000080071dc       0x40 ./Middlewares/Third_Party/FatFs/src/diskio.o
                0x00000000080071dc                disk_read
 .text.disk_write
                0x000000000800721c       0x40 ./Middlewares/Third_Party/FatFs/src/diskio.o
                0x000000000800721c                disk_write
 .text.disk_ioctl
                0x000000000800725c       0x3c ./Middlewares/Third_Party/FatFs/src/diskio.o
                0x000000000800725c                disk_ioctl
 .text.ld_word  0x0000000008007298       0x30 ./Middlewares/Third_Party/FatFs/src/ff.o
 .text.ld_dword
                0x00000000080072c8       0x46 ./Middlewares/Third_Party/FatFs/src/ff.o
 .text.st_word  0x000000000800730e       0x36 ./Middlewares/Third_Party/FatFs/src/ff.o
 .text.st_dword
                0x0000000008007344       0x58 ./Middlewares/Third_Party/FatFs/src/ff.o
 .text.mem_cpy  0x000000000800739c       0x42 ./Middlewares/Third_Party/FatFs/src/ff.o
 .text.mem_set  0x00000000080073de       0x36 ./Middlewares/Third_Party/FatFs/src/ff.o
 .text.mem_cmp  0x0000000008007414       0x4e ./Middlewares/Third_Party/FatFs/src/ff.o
 .text.chk_chr  0x0000000008007462       0x36 ./Middlewares/Third_Party/FatFs/src/ff.o
 .text.chk_lock
                0x0000000008007498       0xb8 ./Middlewares/Third_Party/FatFs/src/ff.o
 .text.enq_lock
                0x0000000008007550       0x44 ./Middlewares/Third_Party/FatFs/src/ff.o
 .text.inc_lock
                0x0000000008007594      0x11c ./Middlewares/Third_Party/FatFs/src/ff.o
 .text.dec_lock
                0x00000000080076b0       0x78 ./Middlewares/Third_Party/FatFs/src/ff.o
 .text.clear_lock
                0x0000000008007728       0x48 ./Middlewares/Third_Party/FatFs/src/ff.o
 .text.sync_window
                0x0000000008007770       0x88 ./Middlewares/Third_Party/FatFs/src/ff.o
 .text.move_window
                0x00000000080077f8       0x5a ./Middlewares/Third_Party/FatFs/src/ff.o
 *fill*         0x0000000008007852        0x2 
 .text.sync_fs  0x0000000008007854       0xe0 ./Middlewares/Third_Party/FatFs/src/ff.o
 .text.clust2sect
                0x0000000008007934       0x3e ./Middlewares/Third_Party/FatFs/src/ff.o
 .text.get_fat  0x0000000008007972      0x1a8 ./Middlewares/Third_Party/FatFs/src/ff.o
 .text.put_fat  0x0000000008007b1a      0x238 ./Middlewares/Third_Party/FatFs/src/ff.o
 .text.remove_chain
                0x0000000008007d52       0xca ./Middlewares/Third_Party/FatFs/src/ff.o
 .text.create_chain
                0x0000000008007e1c      0x130 ./Middlewares/Third_Party/FatFs/src/ff.o
 .text.clmt_clust
                0x0000000008007f4c       0x70 ./Middlewares/Third_Party/FatFs/src/ff.o
 .text.dir_sdi  0x0000000008007fbc      0x112 ./Middlewares/Third_Party/FatFs/src/ff.o
 .text.dir_next
                0x00000000080080ce      0x1ac ./Middlewares/Third_Party/FatFs/src/ff.o
 .text.dir_alloc
                0x000000000800827a       0x8e ./Middlewares/Third_Party/FatFs/src/ff.o
 .text.ld_clust
                0x0000000008008308       0x3e ./Middlewares/Third_Party/FatFs/src/ff.o
 .text.st_clust
                0x0000000008008346       0x40 ./Middlewares/Third_Party/FatFs/src/ff.o
 *fill*         0x0000000008008386        0x2 
 .text.cmp_lfn  0x0000000008008388       0xe0 ./Middlewares/Third_Party/FatFs/src/ff.o
 .text.put_lfn  0x0000000008008468       0xd0 ./Middlewares/Third_Party/FatFs/src/ff.o
 .text.gen_numname
                0x0000000008008538      0x11c ./Middlewares/Third_Party/FatFs/src/ff.o
 .text.sum_sfn  0x0000000008008654       0x42 ./Middlewares/Third_Party/FatFs/src/ff.o
 .text.dir_find
                0x0000000008008696      0x180 ./Middlewares/Third_Party/FatFs/src/ff.o
 *fill*         0x0000000008008816        0x2 
 .text.dir_register
                0x0000000008008818      0x1f0 ./Middlewares/Third_Party/FatFs/src/ff.o
 .text.create_name
                0x0000000008008a08      0x370 ./Middlewares/Third_Party/FatFs/src/ff.o
 .text.follow_path
                0x0000000008008d78       0xec ./Middlewares/Third_Party/FatFs/src/ff.o
 .text.get_ldnumber
                0x0000000008008e64       0x88 ./Middlewares/Third_Party/FatFs/src/ff.o
 .text.check_fs
                0x0000000008008eec       0xac ./Middlewares/Third_Party/FatFs/src/ff.o
 .text.find_volume
                0x0000000008008f98      0x50c ./Middlewares/Third_Party/FatFs/src/ff.o
 .text.validate
                0x00000000080094a4       0x6a ./Middlewares/Third_Party/FatFs/src/ff.o
 *fill*         0x000000000800950e        0x2 
 .text.f_mount  0x0000000008009510       0x8c ./Middlewares/Third_Party/FatFs/src/ff.o
                0x0000000008009510                f_mount
 .text.f_open   0x000000000800959c      0x398 ./Middlewares/Third_Party/FatFs/src/ff.o
                0x000000000800959c                f_open
 .text.f_read   0x0000000008009934      0x2be ./Middlewares/Third_Party/FatFs/src/ff.o
                0x0000000008009934                f_read
 .text.f_sync   0x0000000008009bf2       0xfc ./Middlewares/Third_Party/FatFs/src/ff.o
                0x0000000008009bf2                f_sync
 .text.f_close  0x0000000008009cee       0x54 ./Middlewares/Third_Party/FatFs/src/ff.o
                0x0000000008009cee                f_close
 *fill*         0x0000000008009d42        0x2 
 .text.FATFS_LinkDriverEx
                0x0000000008009d44       0x98 ./Middlewares/Third_Party/FatFs/src/ff_gen_drv.o
                0x0000000008009d44                FATFS_LinkDriverEx
 .text.FATFS_LinkDriver
                0x0000000008009ddc       0x1e ./Middlewares/Third_Party/FatFs/src/ff_gen_drv.o
                0x0000000008009ddc                FATFS_LinkDriver
 *fill*         0x0000000008009dfa        0x2 
 .text.ff_convert
                0x0000000008009dfc       0x78 ./Middlewares/Third_Party/FatFs/src/option/ccsbcs.o
                0x0000000008009dfc                ff_convert
 .text.ff_wtoupper
                0x0000000008009e74      0x114 ./Middlewares/Third_Party/FatFs/src/option/ccsbcs.o
                0x0000000008009e74                ff_wtoupper
 .text.__errno  0x0000000008009f88        0xc /opt/st/stm32cubeide_1.12.0/plugins/com.st.stm32cube.ide.mcu.externaltools.gnu-tools-for-stm32.10.3-2021.10.linux64_1.0.200.202301161003/tools/bin/../lib/gcc/arm-none-eabi/10.3.1/../../../../arm-none-eabi/lib/thumb/v7e-m+fp/hard/libc_nano.a(lib_a-errno.o)
                0x0000000008009f88                __errno
 .text.__libc_init_array
                0x0000000008009f94       0x48 /opt/st/stm32cubeide_1.12.0/plugins/com.st.stm32cube.ide.mcu.externaltools.gnu-tools-for-stm32.10.3-2021.10.linux64_1.0.200.202301161003/tools/bin/../lib/gcc/arm-none-eabi/10.3.1/../../../../arm-none-eabi/lib/thumb/v7e-m+fp/hard/libc_nano.a(lib_a-init.o)
                0x0000000008009f94                __libc_init_array
 .text.memcmp   0x0000000008009fdc       0x20 /opt/st/stm32cubeide_1.12.0/plugins/com.st.stm32cube.ide.mcu.externaltools.gnu-tools-for-stm32.10.3-2021.10.linux64_1.0.200.202301161003/tools/bin/../lib/gcc/arm-none-eabi/10.3.1/../../../../arm-none-eabi/lib/thumb/v7e-m+fp/hard/libc_nano.a(lib_a-memcmp.o)
                0x0000000008009fdc                memcmp
 .text.memcpy   0x0000000008009ffc       0x1c /opt/st/stm32cubeide_1.12.0/plugins/com.st.stm32cube.ide.mcu.externaltools.gnu-tools-for-stm32.10.3-2021.10.linux64_1.0.200.202301161003/tools/bin/../lib/gcc/arm-none-eabi/10.3.1/../../../../arm-none-eabi/lib/thumb/v7e-m+fp/hard/libc_nano.a(lib_a-memcpy-stub.o)
                0x0000000008009ffc                memcpy
 .text.memset   0x000000000800a018       0x10 /opt/st/stm32cubeide_1.12.0/plugins/com.st.stm32cube.ide.mcu.externaltools.gnu-tools-for-stm32.10.3-2021.10.linux64_1.0.200.202301161003/tools/bin/../lib/gcc/arm-none-eabi/10.3.1/../../../../arm-none-eabi/lib/thumb/v7e-m+fp/hard/libc_nano.a(lib_a-memset.o)
                0x000000000800a018                memset
 .text._free_r  0x000000000800a028       0x98 /opt/st/stm32cubeide_1.12.0/plugins/com.st.stm32cube.ide.mcu.externaltools.gnu-tools-for-stm32.10.3-2021.10.linux64_1.0.200.202301161003/tools/bin/../lib/gcc/arm-none-eabi/10.3.1/../../../../arm-none-eabi/lib/thumb/v7e-m+fp/hard/libc_nano.a(lib_a-nano-freer.o)
                0x000000000800a028                _free_r
 .text.sbrk_aligned
                0x000000000800a0c0       0x40 /opt/st/stm32cubeide_1.12.0/plugins/com.st.stm32cube.ide.mcu.externaltools.gnu-tools-for-stm32.10.3-2021.10.linux64_1.0.200.202301161003/tools/bin/../lib/gcc/arm-none-eabi/10.3.1/../../../../arm-none-eabi/lib/thumb/v7e-m+fp/hard/libc_nano.a(lib_a-nano-mallocr.o)
 .text._malloc_r
                0x000000000800a100       0xe8 /opt/st/stm32cubeide_1.12.0/plugins/com.st.stm32cube.ide.mcu.externaltools.gnu-tools-for-stm32.10.3-2021.10.linux64_1.0.200.202301161003/tools/bin/../lib/gcc/arm-none-eabi/10.3.1/../../../../arm-none-eabi/lib/thumb/v7e-m+fp/hard/libc_nano.a(lib_a-nano-mallocr.o)
                0x000000000800a100                _malloc_r
 .text._puts_r  0x000000000800a1e8       0xdc /opt/st/stm32cubeide_1.12.0/plugins/com.st.stm32cube.ide.mcu.externaltools.gnu-tools-for-stm32.10.3-2021.10.linux64_1.0.200.202301161003/tools/bin/../lib/gcc/arm-none-eabi/10.3.1/../../../../arm-none-eabi/lib/thumb/v7e-m+fp/hard/libc_nano.a(lib_a-puts.o)
                0x000000000800a1e8                _puts_r
 .text.puts     0x000000000800a2c4       0x10 /opt/st/stm32cubeide_1.12.0/plugins/com.st.stm32cube.ide.mcu.externaltools.gnu-tools-for-stm32.10.3-2021.10.linux64_1.0.200.202301161003/tools/bin/../lib/gcc/arm-none-eabi/10.3.1/../../../../arm-none-eabi/lib/thumb/v7e-m+fp/hard/libc_nano.a(lib_a-puts.o)
                0x000000000800a2c4                puts
 .text.swapfunc
                0x000000000800a2d4       0x32 /opt/st/stm32cubeide_1.12.0/plugins/com.st.stm32cube.ide.mcu.externaltools.gnu-tools-for-stm32.10.3-2021.10.linux64_1.0.200.202301161003/tools/bin/../lib/gcc/arm-none-eabi/10.3.1/../../../../arm-none-eabi/lib/thumb/v7e-m+fp/hard/libc_nano.a(lib_a-qsort.o)
 .text.med3.constprop.0
                0x000000000800a306       0x3e /opt/st/stm32cubeide_1.12.0/plugins/com.st.stm32cube.ide.mcu.externaltools.gnu-tools-for-stm32.10.3-2021.10.linux64_1.0.200.202301161003/tools/bin/../lib/gcc/arm-none-eabi/10.3.1/../../../../arm-none-eabi/lib/thumb/v7e-m+fp/hard/libc_nano.a(lib_a-qsort.o)
 .text.qsort    0x000000000800a344      0x2a0 /opt/st/stm32cubeide_1.12.0/plugins/com.st.stm32cube.ide.mcu.externaltools.gnu-tools-for-stm32.10.3-2021.10.linux64_1.0.200.202301161003/tools/bin/../lib/gcc/arm-none-eabi/10.3.1/../../../../arm-none-eabi/lib/thumb/v7e-m+fp/hard/libc_nano.a(lib_a-qsort.o)
                0x000000000800a344                qsort
 .text._sbrk_r  0x000000000800a5e4       0x20 /opt/st/stm32cubeide_1.12.0/plugins/com.st.stm32cube.ide.mcu.externaltools.gnu-tools-for-stm32.10.3-2021.10.linux64_1.0.200.202301161003/tools/bin/../lib/gcc/arm-none-eabi/10.3.1/../../../../arm-none-eabi/lib/thumb/v7e-m+fp/hard/libc_nano.a(lib_a-sbrkr.o)
                0x000000000800a5e4                _sbrk_r
 .text.sprintf  0x000000000800a604       0x40 /opt/st/stm32cubeide_1.12.0/plugins/com.st.stm32cube.ide.mcu.externaltools.gnu-tools-for-stm32.10.3-2021.10.linux64_1.0.200.202301161003/tools/bin/../lib/gcc/arm-none-eabi/10.3.1/../../../../arm-none-eabi/lib/thumb/v7e-m+fp/hard/libc_nano.a(lib_a-sprintf.o)
                0x000000000800a604                sprintf
                0x000000000800a604                siprintf
 .text.sscanf   0x000000000800a644       0x58 /opt/st/stm32cubeide_1.12.0/plugins/com.st.stm32cube.ide.mcu.externaltools.gnu-tools-for-stm32.10.3-2021.10.linux64_1.0.200.202301161003/tools/bin/../lib/gcc/arm-none-eabi/10.3.1/../../../../arm-none-eabi/lib/thumb/v7e-m+fp/hard/libc_nano.a(lib_a-sscanf.o)
                0x000000000800a644                sscanf
                0x000000000800a644                siscanf
 .text.__sread  0x000000000800a69c       0x22 /opt/st/stm32cubeide_1.12.0/plugins/com.st.stm32cube.ide.mcu.externaltools.gnu-tools-for-stm32.10.3-2021.10.linux64_1.0.200.202301161003/tools/bin/../lib/gcc/arm-none-eabi/10.3.1/../../../../arm-none-eabi/lib/thumb/v7e-m+fp/hard/libc_nano.a(lib_a-stdio.o)
                0x000000000800a69c                __sread
 .text.__seofread
                0x000000000800a6be        0x4 /opt/st/stm32cubeide_1.12.0/plugins/com.st.stm32cube.ide.mcu.externaltools.gnu-tools-for-stm32.10.3-2021.10.linux64_1.0.200.202301161003/tools/bin/../lib/gcc/arm-none-eabi/10.3.1/../../../../arm-none-eabi/lib/thumb/v7e-m+fp/hard/libc_nano.a(lib_a-stdio.o)
                0x000000000800a6be                __seofread
 .text.__swrite
                0x000000000800a6c2       0x38 /opt/st/stm32cubeide_1.12.0/plugins/com.st.stm32cube.ide.mcu.externaltools.gnu-tools-for-stm32.10.3-2021.10.linux64_1.0.200.202301161003/tools/bin/../lib/gcc/arm-none-eabi/10.3.1/../../../../arm-none-eabi/lib/thumb/v7e-m+fp/hard/libc_nano.a(lib_a-stdio.o)
                0x000000000800a6c2                __swrite
 .text.__sseek  0x000000000800a6fa       0x24 /opt/st/stm32cubeide_1.12.0/plugins/com.st.stm32cube.ide.mcu.externaltools.gnu-tools-for-stm32.10.3-2021.10.linux64_1.0.200.202301161003/tools/bin/../lib/gcc/arm-none-eabi/10.3.1/../../../../arm-none-eabi/lib/thumb/v7e-m+fp/hard/libc_nano.a(lib_a-stdio.o)
                0x000000000800a6fa                __sseek
 .text.__sclose
                0x000000000800a71e        0x8 /opt/st/stm32cubeide_1.12.0/plugins/com.st.stm32cube.ide.mcu.externaltools.gnu-tools-for-stm32.10.3-2021.10.linux64_1.0.200.202301161003/tools/bin/../lib/gcc/arm-none-eabi/10.3.1/../../../../arm-none-eabi/lib/thumb/v7e-m+fp/hard/libc_nano.a(lib_a-stdio.o)
                0x000000000800a71e                __sclose
 .text.strncmp  0x000000000800a726       0x28 /opt/st/stm32cubeide_1.12.0/plugins/com.st.stm32cube.ide.mcu.externaltools.gnu-tools-for-stm32.10.3-2021.10.linux64_1.0.200.202301161003/tools/bin/../lib/gcc/arm-none-eabi/10.3.1/../../../../arm-none-eabi/lib/thumb/v7e-m+fp/hard/libc_nano.a(lib_a-strncmp.o)
                0x000000000800a726                strncmp
 *fill*         0x000000000800a74e        0x2 
 .text.__swbuf_r
                0x000000000800a750       0xa4 /opt/st/stm32cubeide_1.12.0/plugins/com.st.stm32cube.ide.mcu.externaltools.gnu-tools-for-stm32.10.3-2021.10.linux64_1.0.200.202301161003/tools/bin/../lib/gcc/arm-none-eabi/10.3.1/../../../../arm-none-eabi/lib/thumb/v7e-m+fp/hard/libc_nano.a(lib_a-wbuf.o)
                0x000000000800a750                __swbuf_r
 .text._write_r
                0x000000000800a7f4       0x24 /opt/st/stm32cubeide_1.12.0/plugins/com.st.stm32cube.ide.mcu.externaltools.gnu-tools-for-stm32.10.3-2021.10.linux64_1.0.200.202301161003/tools/bin/../lib/gcc/arm-none-eabi/10.3.1/../../../../arm-none-eabi/lib/thumb/v7e-m+fp/hard/libc_nano.a(lib_a-writer.o)
                0x000000000800a7f4                _write_r
 .text.__swsetup_r
                0x000000000800a818       0xdc /opt/st/stm32cubeide_1.12.0/plugins/com.st.stm32cube.ide.mcu.externaltools.gnu-tools-for-stm32.10.3-2021.10.linux64_1.0.200.202301161003/tools/bin/../lib/gcc/arm-none-eabi/10.3.1/../../../../arm-none-eabi/lib/thumb/v7e-m+fp/hard/libc_nano.a(lib_a-wsetup.o)
                0x000000000800a818                __swsetup_r
 .text._close_r
                0x000000000800a8f4       0x20 /opt/st/stm32cubeide_1.12.0/plugins/com.st.stm32cube.ide.mcu.externaltools.gnu-tools-for-stm32.10.3-2021.10.linux64_1.0.200.202301161003/tools/bin/../lib/gcc/arm-none-eabi/10.3.1/../../../../arm-none-eabi/lib/thumb/v7e-m+fp/hard/libc_nano.a(lib_a-closer.o)
                0x000000000800a8f4                _close_r
 .text.__sflush_r
                0x000000000800a914      0x10c /opt/st/stm32cubeide_1.12.0/plugins/com.st.stm32cube.ide.mcu.externaltools.gnu-tools-for-stm32.10.3-2021.10.linux64_1.0.200.202301161003/tools/bin/../lib/gcc/arm-none-eabi/10.3.1/../../../../arm-none-eabi/lib/thumb/v7e-m+fp/hard/libc_nano.a(lib_a-fflush.o)
                0x000000000800a914                __sflush_r
 .text._fflush_r
                0x000000000800aa20       0x78 /opt/st/stm32cubeide_1.12.0/plugins/com.st.stm32cube.ide.mcu.externaltools.gnu-tools-for-stm32.10.3-2021.10.linux64_1.0.200.202301161003/tools/bin/../lib/gcc/arm-none-eabi/10.3.1/../../../../arm-none-eabi/lib/thumb/v7e-m+fp/hard/libc_nano.a(lib_a-fflush.o)
                0x000000000800aa20                _fflush_r
 .text.std      0x000000000800aa98       0x48 /opt/st/stm32cubeide_1.12.0/plugins/com.st.stm32cube.ide.mcu.externaltools.gnu-tools-for-stm32.10.3-2021.10.linux64_1.0.200.202301161003/tools/bin/../lib/gcc/arm-none-eabi/10.3.1/../../../../arm-none-eabi/lib/thumb/v7e-m+fp/hard/libc_nano.a(lib_a-findfp.o)
 .text._cleanup_r
                0x000000000800aae0        0xc /opt/st/stm32cubeide_1.12.0/plugins/com.st.stm32cube.ide.mcu.externaltools.gnu-tools-for-stm32.10.3-2021.10.linux64_1.0.200.202301161003/tools/bin/../lib/gcc/arm-none-eabi/10.3.1/../../../../arm-none-eabi/lib/thumb/v7e-m+fp/hard/libc_nano.a(lib_a-findfp.o)
                0x000000000800aae0                _cleanup_r
 .text.__sfmoreglue
                0x000000000800aaec       0x2c /opt/st/stm32cubeide_1.12.0/plugins/com.st.stm32cube.ide.mcu.externaltools.gnu-tools-for-stm32.10.3-2021.10.linux64_1.0.200.202301161003/tools/bin/../lib/gcc/arm-none-eabi/10.3.1/../../../../arm-none-eabi/lib/thumb/v7e-m+fp/hard/libc_nano.a(lib_a-findfp.o)
                0x000000000800aaec                __sfmoreglue
 .text.__sfp_lock_acquire
                0x000000000800ab18        0xc /opt/st/stm32cubeide_1.12.0/plugins/com.st.stm32cube.ide.mcu.externaltools.gnu-tools-for-stm32.10.3-2021.10.linux64_1.0.200.202301161003/tools/bin/../lib/gcc/arm-none-eabi/10.3.1/../../../../arm-none-eabi/lib/thumb/v7e-m+fp/hard/libc_nano.a(lib_a-findfp.o)
                0x000000000800ab18                __sfp_lock_acquire
 .text.__sfp_lock_release
                0x000000000800ab24        0xc /opt/st/stm32cubeide_1.12.0/plugins/com.st.stm32cube.ide.mcu.externaltools.gnu-tools-for-stm32.10.3-2021.10.linux64_1.0.200.202301161003/tools/bin/../lib/gcc/arm-none-eabi/10.3.1/../../../../arm-none-eabi/lib/thumb/v7e-m+fp/hard/libc_nano.a(lib_a-findfp.o)
                0x000000000800ab24                __sfp_lock_release
 .text.__sinit_lock_acquire
                0x000000000800ab30        0xc /opt/st/stm32cubeide_1.12.0/plugins/com.st.stm32cube.ide.mcu.externaltools.gnu-tools-for-stm32.10.3-2021.10.linux64_1.0.200.202301161003/tools/bin/../lib/gcc/arm-none-eabi/10.3.1/../../../../arm-none-eabi/lib/thumb/v7e-m+fp/hard/libc_nano.a(lib_a-findfp.o)
                0x000000000800ab30                __sinit_lock_acquire
 .text.__sinit_lock_release
                0x000000000800ab3c        0xc /opt/st/stm32cubeide_1.12.0/plugins/com.st.stm32cube.ide.mcu.externaltools.gnu-tools-for-stm32.10.3-2021.10.linux64_1.0.200.202301161003/tools/bin/../lib/gcc/arm-none-eabi/10.3.1/../../../../arm-none-eabi/lib/thumb/v7e-m+fp/hard/libc_nano.a(lib_a-findfp.o)
                0x000000000800ab3c                __sinit_lock_release
 .text.__sinit  0x000000000800ab48       0x70 /opt/st/stm32cubeide_1.12.0/plugins/com.st.stm32cube.ide.mcu.externaltools.gnu-tools-for-stm32.10.3-2021.10.linux64_1.0.200.202301161003/tools/bin/../lib/gcc/arm-none-eabi/10.3.1/../../../../arm-none-eabi/lib/thumb/v7e-m+fp/hard/libc_nano.a(lib_a-findfp.o)
                0x000000000800ab48                __sinit
 .text.__sfp    0x000000000800abb8       0x8c /opt/st/stm32cubeide_1.12.0/plugins/com.st.stm32cube.ide.mcu.externaltools.gnu-tools-for-stm32.10.3-2021.10.linux64_1.0.200.202301161003/tools/bin/../lib/gcc/arm-none-eabi/10.3.1/../../../../arm-none-eabi/lib/thumb/v7e-m+fp/hard/libc_nano.a(lib_a-findfp.o)
                0x000000000800abb8                __sfp
 .text._fwalk_reent
                0x000000000800ac44       0x3e /opt/st/stm32cubeide_1.12.0/plugins/com.st.stm32cube.ide.mcu.externaltools.gnu-tools-for-stm32.10.3-2021.10.linux64_1.0.200.202301161003/tools/bin/../lib/gcc/arm-none-eabi/10.3.1/../../../../arm-none-eabi/lib/thumb/v7e-m+fp/hard/libc_nano.a(lib_a-fwalk.o)
                0x000000000800ac44                _fwalk_reent
 .text.__retarget_lock_init_recursive
                0x000000000800ac82        0x2 /opt/st/stm32cubeide_1.12.0/plugins/com.st.stm32cube.ide.mcu.externaltools.gnu-tools-for-stm32.10.3-2021.10.linux64_1.0.200.202301161003/tools/bin/../lib/gcc/arm-none-eabi/10.3.1/../../../../arm-none-eabi/lib/thumb/v7e-m+fp/hard/libc_nano.a(lib_a-lock.o)
                0x000000000800ac82                __retarget_lock_init_recursive
 .text.__retarget_lock_acquire_recursive
                0x000000000800ac84        0x2 /opt/st/stm32cubeide_1.12.0/plugins/com.st.stm32cube.ide.mcu.externaltools.gnu-tools-for-stm32.10.3-2021.10.linux64_1.0.200.202301161003/tools/bin/../lib/gcc/arm-none-eabi/10.3.1/../../../../arm-none-eabi/lib/thumb/v7e-m+fp/hard/libc_nano.a(lib_a-lock.o)
                0x000000000800ac84                __retarget_lock_acquire_recursive
 .text.__retarget_lock_release_recursive
                0x000000000800ac86        0x2 /opt/st/stm32cubeide_1.12.0/plugins/com.st.stm32cube.ide.mcu.externaltools.gnu-tools-for-stm32.10.3-2021.10.linux64_1.0.200.202301161003/tools/bin/../lib/gcc/arm-none-eabi/10.3.1/../../../../arm-none-eabi/lib/thumb/v7e-m+fp/hard/libc_nano.a(lib_a-lock.o)
                0x000000000800ac86                __retarget_lock_release_recursive
 .text._lseek_r
                0x000000000800ac88       0x24 /opt/st/stm32cubeide_1.12.0/plugins/com.st.stm32cube.ide.mcu.externaltools.gnu-tools-for-stm32.10.3-2021.10.linux64_1.0.200.202301161003/tools/bin/../lib/gcc/arm-none-eabi/10.3.1/../../../../arm-none-eabi/lib/thumb/v7e-m+fp/hard/libc_nano.a(lib_a-lseekr.o)
                0x000000000800ac88                _lseek_r
 .text.__swhatbuf_r
                0x000000000800acac       0x4a /opt/st/stm32cubeide_1.12.0/plugins/com.st.stm32cube.ide.mcu.externaltools.gnu-tools-for-stm32.10.3-2021.10.linux64_1.0.200.202301161003/tools/bin/../lib/gcc/arm-none-eabi/10.3.1/../../../../arm-none-eabi/lib/thumb/v7e-m+fp/hard/libc_nano.a(lib_a-makebuf.o)
                0x000000000800acac                __swhatbuf_r
 *fill*         0x000000000800acf6        0x2 
 .text.__smakebuf_r
                0x000000000800acf8       0x80 /opt/st/stm32cubeide_1.12.0/plugins/com.st.stm32cube.ide.mcu.externaltools.gnu-tools-for-stm32.10.3-2021.10.linux64_1.0.200.202301161003/tools/bin/../lib/gcc/arm-none-eabi/10.3.1/../../../../arm-none-eabi/lib/thumb/v7e-m+fp/hard/libc_nano.a(lib_a-makebuf.o)
                0x000000000800acf8                __smakebuf_r
 .text.__malloc_lock
                0x000000000800ad78        0xc /opt/st/stm32cubeide_1.12.0/plugins/com.st.stm32cube.ide.mcu.externaltools.gnu-tools-for-stm32.10.3-2021.10.linux64_1.0.200.202301161003/tools/bin/../lib/gcc/arm-none-eabi/10.3.1/../../../../arm-none-eabi/lib/thumb/v7e-m+fp/hard/libc_nano.a(lib_a-mlock.o)
                0x000000000800ad78                __malloc_lock
 .text.__malloc_unlock
                0x000000000800ad84        0xc /opt/st/stm32cubeide_1.12.0/plugins/com.st.stm32cube.ide.mcu.externaltools.gnu-tools-for-stm32.10.3-2021.10.linux64_1.0.200.202301161003/tools/bin/../lib/gcc/arm-none-eabi/10.3.1/../../../../arm-none-eabi/lib/thumb/v7e-m+fp/hard/libc_nano.a(lib_a-mlock.o)
                0x000000000800ad84                __malloc_unlock
 .text.__ssputs_r
                0x000000000800ad90       0xb6 /opt/st/stm32cubeide_1.12.0/plugins/com.st.stm32cube.ide.mcu.externaltools.gnu-tools-for-stm32.10.3-2021.10.linux64_1.0.200.202301161003/tools/bin/../lib/gcc/arm-none-eabi/10.3.1/../../../../arm-none-eabi/lib/thumb/v7e-m+fp/hard/libc_nano.a(lib_a-nano-svfprintf.o)
                0x000000000800ad90                __ssputs_r
 *fill*         0x000000000800ae46        0x2 
 .text._svfprintf_r
                0x000000000800ae48      0x200 /opt/st/stm32cubeide_1.12.0/plugins/com.st.stm32cube.ide.mcu.externaltools.gnu-tools-for-stm32.10.3-2021.10.linux64_1.0.200.202301161003/tools/bin/../lib/gcc/arm-none-eabi/10.3.1/../../../../arm-none-eabi/lib/thumb/v7e-m+fp/hard/libc_nano.a(lib_a-nano-svfprintf.o)
                0x000000000800ae48                _svfprintf_r
                0x000000000800ae48                _svfiprintf_r
 .text._sungetc_r
                0x000000000800b048       0x7a /opt/st/stm32cubeide_1.12.0/plugins/com.st.stm32cube.ide.mcu.externaltools.gnu-tools-for-stm32.10.3-2021.10.linux64_1.0.200.202301161003/tools/bin/../lib/gcc/arm-none-eabi/10.3.1/../../../../arm-none-eabi/lib/thumb/v7e-m+fp/hard/libc_nano.a(lib_a-nano-svfscanf.o)
                0x000000000800b048                _sungetc_r
 .text.__ssrefill_r
                0x000000000800b0c2       0x3a /opt/st/stm32cubeide_1.12.0/plugins/com.st.stm32cube.ide.mcu.externaltools.gnu-tools-for-stm32.10.3-2021.10.linux64_1.0.200.202301161003/tools/bin/../lib/gcc/arm-none-eabi/10.3.1/../../../../arm-none-eabi/lib/thumb/v7e-m+fp/hard/libc_nano.a(lib_a-nano-svfscanf.o)
                0x000000000800b0c2                __ssrefill_r
 .text.__ssvfscanf_r
                0x000000000800b0fc      0x2f0 /opt/st/stm32cubeide_1.12.0/plugins/com.st.stm32cube.ide.mcu.externaltools.gnu-tools-for-stm32.10.3-2021.10.linux64_1.0.200.202301161003/tools/bin/../lib/gcc/arm-none-eabi/10.3.1/../../../../arm-none-eabi/lib/thumb/v7e-m+fp/hard/libc_nano.a(lib_a-nano-svfscanf.o)
                0x000000000800b0fc                __ssvfscanf_r
                0x000000000800b0fc                __ssvfiscanf_r
 .text._printf_common
                0x000000000800b3ec       0xda /opt/st/stm32cubeide_1.12.0/plugins/com.st.stm32cube.ide.mcu.externaltools.gnu-tools-for-stm32.10.3-2021.10.linux64_1.0.200.202301161003/tools/bin/../lib/gcc/arm-none-eabi/10.3.1/../../../../arm-none-eabi/lib/thumb/v7e-m+fp/hard/libc_nano.a(lib_a-nano-vfprintf_i.o)
                0x000000000800b3ec                _printf_common
 *fill*         0x000000000800b4c6        0x2 
 .text._printf_i
                0x000000000800b4c8      0x24c /opt/st/stm32cubeide_1.12.0/plugins/com.st.stm32cube.ide.mcu.externaltools.gnu-tools-for-stm32.10.3-2021.10.linux64_1.0.200.202301161003/tools/bin/../lib/gcc/arm-none-eabi/10.3.1/../../../../arm-none-eabi/lib/thumb/v7e-m+fp/hard/libc_nano.a(lib_a-nano-vfprintf_i.o)
                0x000000000800b4c8                _printf_i
 .text._scanf_chars
                0x000000000800b714       0xb4 /opt/st/stm32cubeide_1.12.0/plugins/com.st.stm32cube.ide.mcu.externaltools.gnu-tools-for-stm32.10.3-2021.10.linux64_1.0.200.202301161003/tools/bin/../lib/gcc/arm-none-eabi/10.3.1/../../../../arm-none-eabi/lib/thumb/v7e-m+fp/hard/libc_nano.a(lib_a-nano-vfscanf_i.o)
                0x000000000800b714                _scanf_chars
 .text._scanf_i
                0x000000000800b7c8      0x1f0 /opt/st/stm32cubeide_1.12.0/plugins/com.st.stm32cube.ide.mcu.externaltools.gnu-tools-for-stm32.10.3-2021.10.linux64_1.0.200.202301161003/tools/bin/../lib/gcc/arm-none-eabi/10.3.1/../../../../arm-none-eabi/lib/thumb/v7e-m+fp/hard/libc_nano.a(lib_a-nano-vfscanf_i.o)
                0x000000000800b7c8                _scanf_i
 .text._read_r  0x000000000800b9b8       0x24 /opt/st/stm32cubeide_1.12.0/plugins/com.st.stm32cube.ide.mcu.externaltools.gnu-tools-for-stm32.10.3-2021.10.linux64_1.0.200.202301161003/tools/bin/../lib/gcc/arm-none-eabi/10.3.1/../../../../arm-none-eabi/lib/thumb/v7e-m+fp/hard/libc_nano.a(lib_a-readr.o)
                0x000000000800b9b8                _read_r
 .text.__sccl   0x000000000800b9dc       0x70 /opt/st/stm32cubeide_1.12.0/plugins/com.st.stm32cube.ide.mcu.externaltools.gnu-tools-for-stm32.10.3-2021.10.linux64_1.0.200.202301161003/tools/bin/../lib/gcc/arm-none-eabi/10.3.1/../../../../arm-none-eabi/lib/thumb/v7e-m+fp/hard/libc_nano.a(lib_a-sccl.o)
                0x000000000800b9dc                __sccl
 .text._strtol_l.constprop.0
                0x000000000800ba4c      0x104 /opt/st/stm32cubeide_1.12.0/plugins/com.st.stm32cube.ide.mcu.externaltools.gnu-tools-for-stm32.10.3-2021.10.linux64_1.0.200.202301161003/tools/bin/../lib/gcc/arm-none-eabi/10.3.1/../../../../arm-none-eabi/lib/thumb/v7e-m+fp/hard/libc_nano.a(lib_a-strtol.o)
 .text._strtol_r
                0x000000000800bb50        0x4 /opt/st/stm32cubeide_1.12.0/plugins/com.st.stm32cube.ide.mcu.externaltools.gnu-tools-for-stm32.10.3-2021.10.linux64_1.0.200.202301161003/tools/bin/../lib/gcc/arm-none-eabi/10.3.1/../../../../arm-none-eabi/lib/thumb/v7e-m+fp/hard/libc_nano.a(lib_a-strtol.o)
                0x000000000800bb50                _strtol_r
 .text._strtoul_l.constprop.0
                0x000000000800bb54       0xe4 /opt/st/stm32cubeide_1.12.0/plugins/com.st.stm32cube.ide.mcu.externaltools.gnu-tools-for-stm32.10.3-2021.10.linux64_1.0.200.202301161003/tools/bin/../lib/gcc/arm-none-eabi/10.3.1/../../../../arm-none-eabi/lib/thumb/v7e-m+fp/hard/libc_nano.a(lib_a-strtoul.o)
 .text._strtoul_r
                0x000000000800bc38        0x4 /opt/st/stm32cubeide_1.12.0/plugins/com.st.stm32cube.ide.mcu.externaltools.gnu-tools-for-stm32.10.3-2021.10.linux64_1.0.200.202301161003/tools/bin/../lib/gcc/arm-none-eabi/10.3.1/../../../../arm-none-eabi/lib/thumb/v7e-m+fp/hard/libc_nano.a(lib_a-strtoul.o)
                0x000000000800bc38                _strtoul_r
 .text.__submore
                0x000000000800bc3c       0x74 /opt/st/stm32cubeide_1.12.0/plugins/com.st.stm32cube.ide.mcu.externaltools.gnu-tools-for-stm32.10.3-2021.10.linux64_1.0.200.202301161003/tools/bin/../lib/gcc/arm-none-eabi/10.3.1/../../../../arm-none-eabi/lib/thumb/v7e-m+fp/hard/libc_nano.a(lib_a-ungetc.o)
                0x000000000800bc3c                __submore
 .text._fstat_r
                0x000000000800bcb0       0x24 /opt/st/stm32cubeide_1.12.0/plugins/com.st.stm32cube.ide.mcu.externaltools.gnu-tools-for-stm32.10.3-2021.10.linux64_1.0.200.202301161003/tools/bin/../lib/gcc/arm-none-eabi/10.3.1/../../../../arm-none-eabi/lib/thumb/v7e-m+fp/hard/libc_nano.a(lib_a-fstatr.o)
                0x000000000800bcb0                _fstat_r
 .text._isatty_r
                0x000000000800bcd4       0x20 /opt/st/stm32cubeide_1.12.0/plugins/com.st.stm32cube.ide.mcu.externaltools.gnu-tools-for-stm32.10.3-2021.10.linux64_1.0.200.202301161003/tools/bin/../lib/gcc/arm-none-eabi/10.3.1/../../../../arm-none-eabi/lib/thumb/v7e-m+fp/hard/libc_nano.a(lib_a-isattyr.o)
                0x000000000800bcd4                _isatty_r
 .text.memmove  0x000000000800bcf4       0x34 /opt/st/stm32cubeide_1.12.0/plugins/com.st.stm32cube.ide.mcu.externaltools.gnu-tools-for-stm32.10.3-2021.10.linux64_1.0.200.202301161003/tools/bin/../lib/gcc/arm-none-eabi/10.3.1/../../../../arm-none-eabi/lib/thumb/v7e-m+fp/hard/libc_nano.a(lib_a-memmove.o)
                0x000000000800bcf4                memmove
 .text._realloc_r
                0x000000000800bd28       0x5e /opt/st/stm32cubeide_1.12.0/plugins/com.st.stm32cube.ide.mcu.externaltools.gnu-tools-for-stm32.10.3-2021.10.linux64_1.0.200.202301161003/tools/bin/../lib/gcc/arm-none-eabi/10.3.1/../../../../arm-none-eabi/lib/thumb/v7e-m+fp/hard/libc_nano.a(lib_a-nano-reallocr.o)
                0x000000000800bd28                _realloc_r
 .text._malloc_usable_size_r
                0x000000000800bd86       0x10 /opt/st/stm32cubeide_1.12.0/plugins/com.st.stm32cube.ide.mcu.externaltools.gnu-tools-for-stm32.10.3-2021.10.linux64_1.0.200.202301161003/tools/bin/../lib/gcc/arm-none-eabi/10.3.1/../../../../arm-none-eabi/lib/thumb/v7e-m+fp/hard/libc_nano.a(lib_a-nano-msizer.o)
                0x000000000800bd86                _malloc_usable_size_r
 *(.glue_7)
 .glue_7        0x000000000800bd96        0x0 linker stubs
 *(.glue_7t)
 .glue_7t       0x000000000800bd96        0x0 linker stubs
 *(.eh_frame)
 *fill*         0x000000000800bd96        0x2 
 .eh_frame      0x000000000800bd98        0x0 /opt/st/stm32cubeide_1.12.0/plugins/com.st.stm32cube.ide.mcu.externaltools.gnu-tools-for-stm32.10.3-2021.10.linux64_1.0.200.202301161003/tools/bin/../lib/gcc/arm-none-eabi/10.3.1/thumb/v7e-m+fp/hard/crtbegin.o
 *(.init)
 .init          0x000000000800bd98        0x4 /opt/st/stm32cubeide_1.12.0/plugins/com.st.stm32cube.ide.mcu.externaltools.gnu-tools-for-stm32.10.3-2021.10.linux64_1.0.200.202301161003/tools/bin/../lib/gcc/arm-none-eabi/10.3.1/thumb/v7e-m+fp/hard/crti.o
                0x000000000800bd98                _init
 .init          0x000000000800bd9c        0x8 /opt/st/stm32cubeide_1.12.0/plugins/com.st.stm32cube.ide.mcu.externaltools.gnu-tools-for-stm32.10.3-2021.10.linux64_1.0.200.202301161003/tools/bin/../lib/gcc/arm-none-eabi/10.3.1/thumb/v7e-m+fp/hard/crtn.o
 *(.fini)
 .fini          0x000000000800bda4        0x4 /opt/st/stm32cubeide_1.12.0/plugins/com.st.stm32cube.ide.mcu.externaltools.gnu-tools-for-stm32.10.3-2021.10.linux64_1.0.200.202301161003/tools/bin/../lib/gcc/arm-none-eabi/10.3.1/thumb/v7e-m+fp/hard/crti.o
                0x000000000800bda4                _fini
 .fini          0x000000000800bda8        0x8 /opt/st/stm32cubeide_1.12.0/plugins/com.st.stm32cube.ide.mcu.externaltools.gnu-tools-for-stm32.10.3-2021.10.linux64_1.0.200.202301161003/tools/bin/../lib/gcc/arm-none-eabi/10.3.1/thumb/v7e-m+fp/hard/crtn.o
                0x000000000800bdb0                . = ALIGN (0x4)
                0x000000000800bdb0                _etext = .

.vfp11_veneer   0x000000000800bdb0        0x0
 .vfp11_veneer  0x000000000800bdb0        0x0 linker stubs

.v4_bx          0x000000000800bdb0        0x0
 .v4_bx         0x000000000800bdb0        0x0 linker stubs

.iplt           0x000000000800bdb0        0x0
 .iplt          0x000000000800bdb0        0x0 /opt/st/stm32cubeide_1.12.0/plugins/com.st.stm32cube.ide.mcu.externaltools.gnu-tools-for-stm32.10.3-2021.10.linux64_1.0.200.202301161003/tools/bin/../lib/gcc/arm-none-eabi/10.3.1/thumb/v7e-m+fp/hard/crtbegin.o

.rodata         0x000000000800bdb0      0xdbc
                0x000000000800bdb0                . = ALIGN (0x4)
 *(.rodata)
 .rodata        0x000000000800bdb0       0xdb ./Core/Server/Src/esp.o
 *fill*         0x000000000800be8b        0x1 
 .rodata        0x000000000800be8c       0x36 ./Core/Server/Src/parse_at.o
 *fill*         0x000000000800bec2        0x2 
 .rodata        0x000000000800bec4       0xc7 ./Core/Src/main.o
 *fill*         0x000000000800bf8b        0x1 
 .rodata        0x000000000800bf8c      0x57f ./Core/Src/midi.o
 *fill*         0x000000000800c50b        0x1 
 .rodata        0x000000000800c50c       0x48 ./Middlewares/Third_Party/FatFs/src/ff.o
 .rodata        0x000000000800c554        0xc /opt/st/stm32cubeide_1.12.0/plugins/com.st.stm32cube.ide.mcu.externaltools.gnu-tools-for-stm32.10.3-2021.10.linux64_1.0.200.202301161003/tools/bin/../lib/gcc/arm-none-eabi/10.3.1/../../../../arm-none-eabi/lib/thumb/v7e-m+fp/hard/libc_nano.a(lib_a-nano-vfscanf_i.o)
 *(.rodata*)
 .rodata.AHBPrescTable
                0x000000000800c560       0x10 ./Core/Src/system_stm32f4xx.o
                0x000000000800c560                AHBPrescTable
 .rodata.APBPrescTable
                0x000000000800c570        0x8 ./Core/Src/system_stm32f4xx.o
                0x000000000800c570                APBPrescTable
 .rodata.ExCvt  0x000000000800c578       0x80 ./Middlewares/Third_Party/FatFs/src/ff.o
 .rodata.LfnOfs
                0x000000000800c5f8        0xd ./Middlewares/Third_Party/FatFs/src/ff.o
 *fill*         0x000000000800c605        0x3 
 .rodata.Tbl    0x000000000800c608      0x100 ./Middlewares/Third_Party/FatFs/src/option/ccsbcs.o
 .rodata.cvt1.1
                0x000000000800c708      0x1f2 ./Middlewares/Third_Party/FatFs/src/option/ccsbcs.o
 *fill*         0x000000000800c8fa        0x2 
 .rodata.cvt2.0
                0x000000000800c8fc       0xbc ./Middlewares/Third_Party/FatFs/src/option/ccsbcs.o
 .rodata._global_impure_ptr
                0x000000000800c9b8        0x4 /opt/st/stm32cubeide_1.12.0/plugins/com.st.stm32cube.ide.mcu.externaltools.gnu-tools-for-stm32.10.3-2021.10.linux64_1.0.200.202301161003/tools/bin/../lib/gcc/arm-none-eabi/10.3.1/../../../../arm-none-eabi/lib/thumb/v7e-m+fp/hard/libc_nano.a(lib_a-impure.o)
                0x000000000800c9b8                _global_impure_ptr
 .rodata.__sf_fake_stderr
                0x000000000800c9bc       0x20 /opt/st/stm32cubeide_1.12.0/plugins/com.st.stm32cube.ide.mcu.externaltools.gnu-tools-for-stm32.10.3-2021.10.linux64_1.0.200.202301161003/tools/bin/../lib/gcc/arm-none-eabi/10.3.1/../../../../arm-none-eabi/lib/thumb/v7e-m+fp/hard/libc_nano.a(lib_a-findfp.o)
                0x000000000800c9bc                __sf_fake_stderr
 .rodata.__sf_fake_stdin
                0x000000000800c9dc       0x20 /opt/st/stm32cubeide_1.12.0/plugins/com.st.stm32cube.ide.mcu.externaltools.gnu-tools-for-stm32.10.3-2021.10.linux64_1.0.200.202301161003/tools/bin/../lib/gcc/arm-none-eabi/10.3.1/../../../../arm-none-eabi/lib/thumb/v7e-m+fp/hard/libc_nano.a(lib_a-findfp.o)
                0x000000000800c9dc                __sf_fake_stdin
 .rodata.__sf_fake_stdout
                0x000000000800c9fc       0x20 /opt/st/stm32cubeide_1.12.0/plugins/com.st.stm32cube.ide.mcu.externaltools.gnu-tools-for-stm32.10.3-2021.10.linux64_1.0.200.202301161003/tools/bin/../lib/gcc/arm-none-eabi/10.3.1/../../../../arm-none-eabi/lib/thumb/v7e-m+fp/hard/libc_nano.a(lib_a-findfp.o)
                0x000000000800c9fc                __sf_fake_stdout
 .rodata._svfprintf_r.str1.1
                0x000000000800ca1c       0x11 /opt/st/stm32cubeide_1.12.0/plugins/com.st.stm32cube.ide.mcu.externaltools.gnu-tools-for-stm32.10.3-2021.10.linux64_1.0.200.202301161003/tools/bin/../lib/gcc/arm-none-eabi/10.3.1/../../../../arm-none-eabi/lib/thumb/v7e-m+fp/hard/libc_nano.a(lib_a-nano-svfprintf.o)
 .rodata.__ssvfscanf_r.str1.1
                0x000000000800ca2d        0x4 /opt/st/stm32cubeide_1.12.0/plugins/com.st.stm32cube.ide.mcu.externaltools.gnu-tools-for-stm32.10.3-2021.10.linux64_1.0.200.202301161003/tools/bin/../lib/gcc/arm-none-eabi/10.3.1/../../../../arm-none-eabi/lib/thumb/v7e-m+fp/hard/libc_nano.a(lib_a-nano-svfscanf.o)
 .rodata._printf_i.str1.1
                0x000000000800ca2d       0x22 /opt/st/stm32cubeide_1.12.0/plugins/com.st.stm32cube.ide.mcu.externaltools.gnu-tools-for-stm32.10.3-2021.10.linux64_1.0.200.202301161003/tools/bin/../lib/gcc/arm-none-eabi/10.3.1/../../../../arm-none-eabi/lib/thumb/v7e-m+fp/hard/libc_nano.a(lib_a-nano-vfprintf_i.o)
 .rodata.str1.1
                0x000000000800ca4f        0x9 /opt/st/stm32cubeide_1.12.0/plugins/com.st.stm32cube.ide.mcu.externaltools.gnu-tools-for-stm32.10.3-2021.10.linux64_1.0.200.202301161003/tools/bin/../lib/gcc/arm-none-eabi/10.3.1/../../../../arm-none-eabi/lib/thumb/v7e-m+fp/hard/libc_nano.a(lib_a-nano-vfscanf_i.o)
 .rodata._scanf_i.str1.1
                0x000000000800ca58       0x12 /opt/st/stm32cubeide_1.12.0/plugins/com.st.stm32cube.ide.mcu.externaltools.gnu-tools-for-stm32.10.3-2021.10.linux64_1.0.200.202301161003/tools/bin/../lib/gcc/arm-none-eabi/10.3.1/../../../../arm-none-eabi/lib/thumb/v7e-m+fp/hard/libc_nano.a(lib_a-nano-vfscanf_i.o)
 .rodata._ctype_
                0x000000000800ca6a      0x101 /opt/st/stm32cubeide_1.12.0/plugins/com.st.stm32cube.ide.mcu.externaltools.gnu-tools-for-stm32.10.3-2021.10.linux64_1.0.200.202301161003/tools/bin/../lib/gcc/arm-none-eabi/10.3.1/../../../../arm-none-eabi/lib/thumb/v7e-m+fp/hard/libc_nano.a(lib_a-ctype_.o)
                0x000000000800ca6a                _ctype_
                0x000000000800cb6c                . = ALIGN (0x4)
 *fill*         0x000000000800cb6b        0x1 

.ARM.extab      0x000000000800cb6c        0x0
                0x000000000800cb6c                . = ALIGN (0x4)
 *(.ARM.extab* .gnu.linkonce.armextab.*)
                0x000000000800cb6c                . = ALIGN (0x4)

.ARM            0x000000000800cb6c        0x8
                0x000000000800cb6c                . = ALIGN (0x4)
                0x000000000800cb6c                __exidx_start = .
 *(.ARM.exidx*)
 .ARM.exidx     0x000000000800cb6c        0x8 /opt/st/stm32cubeide_1.12.0/plugins/com.st.stm32cube.ide.mcu.externaltools.gnu-tools-for-stm32.10.3-2021.10.linux64_1.0.200.202301161003/tools/bin/../lib/gcc/arm-none-eabi/10.3.1/thumb/v7e-m+fp/hard/libgcc.a(_udivmoddi4.o)
                0x000000000800cb74                __exidx_end = .
                0x000000000800cb74                . = ALIGN (0x4)

.rel.dyn        0x000000000800cb74        0x0
 .rel.iplt      0x000000000800cb74        0x0 /opt/st/stm32cubeide_1.12.0/plugins/com.st.stm32cube.ide.mcu.externaltools.gnu-tools-for-stm32.10.3-2021.10.linux64_1.0.200.202301161003/tools/bin/../lib/gcc/arm-none-eabi/10.3.1/thumb/v7e-m+fp/hard/crtbegin.o

.preinit_array  0x000000000800cb74        0x0
                0x000000000800cb74                . = ALIGN (0x4)
                0x000000000800cb74                PROVIDE (__preinit_array_start = .)
 *(.preinit_array*)
                0x000000000800cb74                PROVIDE (__preinit_array_end = .)
                0x000000000800cb74                . = ALIGN (0x4)

.init_array     0x000000000800cb74        0x4
                0x000000000800cb74                . = ALIGN (0x4)
                0x000000000800cb74                PROVIDE (__init_array_start = .)
 *(SORT_BY_NAME(.init_array.*))
 *(.init_array*)
 .init_array    0x000000000800cb74        0x4 /opt/st/stm32cubeide_1.12.0/plugins/com.st.stm32cube.ide.mcu.externaltools.gnu-tools-for-stm32.10.3-2021.10.linux64_1.0.200.202301161003/tools/bin/../lib/gcc/arm-none-eabi/10.3.1/thumb/v7e-m+fp/hard/crtbegin.o
                0x000000000800cb78                PROVIDE (__init_array_end = .)
                0x000000000800cb78                . = ALIGN (0x4)

.fini_array     0x000000000800cb78        0x4
                0x000000000800cb78                . = ALIGN (0x4)
                [!provide]                        PROVIDE (__fini_array_start = .)
 *(SORT_BY_NAME(.fini_array.*))
 *(.fini_array*)
 .fini_array    0x000000000800cb78        0x4 /opt/st/stm32cubeide_1.12.0/plugins/com.st.stm32cube.ide.mcu.externaltools.gnu-tools-for-stm32.10.3-2021.10.linux64_1.0.200.202301161003/tools/bin/../lib/gcc/arm-none-eabi/10.3.1/thumb/v7e-m+fp/hard/crtbegin.o
                [!provide]                        PROVIDE (__fini_array_end = .)
                0x000000000800cb7c                . = ALIGN (0x4)
                0x000000000800cb7c                _sidata = LOADADDR (.data)

.data           0x0000000020000000      0x108 load address 0x000000000800cb7c
                0x0000000020000000                . = ALIGN (0x4)
                0x0000000020000000                _sdata = .
 *(.data)
 *(.data*)
 .data.Stat     0x0000000020000000        0x1 ./Core/Src/fatfs_sd.o
 *fill*         0x0000000020000001        0x3 
 .data.delays   0x0000000020000004       0x40 ./Core/Src/midi.o
                0x0000000020000004                delays
 .data.signals  0x0000000020000044       0x40 ./Core/Src/midi.o
                0x0000000020000044                signals
 .data.SystemCoreClock
                0x0000000020000084        0x4 ./Core/Src/system_stm32f4xx.o
                0x0000000020000084                SystemCoreClock
 .data.uwTickPrio
                0x0000000020000088        0x4 ./Drivers/STM32F4xx_HAL_Driver/Src/stm32f4xx_hal.o
                0x0000000020000088                uwTickPrio
 .data.uwTickFreq
                0x000000002000008c        0x1 ./Drivers/STM32F4xx_HAL_Driver/Src/stm32f4xx_hal.o
                0x000000002000008c                uwTickFreq
 *fill*         0x000000002000008d        0x3 
 .data.USER_Driver
                0x0000000020000090       0x14 ./FATFS/Target/user_diskio.o
                0x0000000020000090                USER_Driver
 .data._impure_ptr
                0x00000000200000a4        0x4 /opt/st/stm32cubeide_1.12.0/plugins/com.st.stm32cube.ide.mcu.externaltools.gnu-tools-for-stm32.10.3-2021.10.linux64_1.0.200.202301161003/tools/bin/../lib/gcc/arm-none-eabi/10.3.1/../../../../arm-none-eabi/lib/thumb/v7e-m+fp/hard/libc_nano.a(lib_a-impure.o)
                0x00000000200000a4                _impure_ptr
 .data.impure_data
                0x00000000200000a8       0x60 /opt/st/stm32cubeide_1.12.0/plugins/com.st.stm32cube.ide.mcu.externaltools.gnu-tools-for-stm32.10.3-2021.10.linux64_1.0.200.202301161003/tools/bin/../lib/gcc/arm-none-eabi/10.3.1/../../../../arm-none-eabi/lib/thumb/v7e-m+fp/hard/libc_nano.a(lib_a-impure.o)
 *(.RamFunc)
 *(.RamFunc*)
                0x0000000020000108                . = ALIGN (0x4)
                0x0000000020000108                _edata = .
                0x000000000800cc84                _siccmram = LOADADDR (.ccmram)

.igot.plt       0x0000000020000108        0x0 load address 0x000000000800cc84
 .igot.plt      0x0000000020000108        0x0 /opt/st/stm32cubeide_1.12.0/plugins/com.st.stm32cube.ide.mcu.externaltools.gnu-tools-for-stm32.10.3-2021.10.linux64_1.0.200.202301161003/tools/bin/../lib/gcc/arm-none-eabi/10.3.1/thumb/v7e-m+fp/hard/crtbegin.o

.ccmram         0x0000000010000000        0x0 load address 0x000000000800cc84
                0x0000000010000000                . = ALIGN (0x4)
                0x0000000010000000                _sccmram = .
 *(.ccmram)
 *(.ccmram*)
                0x0000000010000000                . = ALIGN (0x4)
                0x0000000010000000                _eccmram = .
                0x0000000010000000                . = ALIGN (0x4)

.bss            0x0000000020000108    0x17590
                0x0000000020000108                _sbss = .
                0x0000000020000108                __bss_start__ = _sbss
 *(.bss)
 .bss           0x0000000020000108       0x1c /opt/st/stm32cubeide_1.12.0/plugins/com.st.stm32cube.ide.mcu.externaltools.gnu-tools-for-stm32.10.3-2021.10.linux64_1.0.200.202301161003/tools/bin/../lib/gcc/arm-none-eabi/10.3.1/thumb/v7e-m+fp/hard/crtbegin.o
 *(.bss*)
 .bss.lists     0x0000000020000124    0x130b0 ./Core/Server/Src/list.o
                0x0000000020000124                lists
 .bss.next_list
                0x00000000200131d4        0x1 ./Core/Server/Src/list.o
                0x00000000200131d4                next_list
 *fill*         0x00000000200131d5        0x3 
 .bss.endpoints
                0x00000000200131d8      0x208 ./Core/Server/Src/server_endpoints.o
                0x00000000200131d8                endpoints
 .bss.buf_rx    0x00000000200133e0      0x810 ./Core/Server/Src/state_machine.o
                0x00000000200133e0                buf_rx
 .bss.meta      0x0000000020013bf0        0x8 ./Core/Server/Src/state_machine.o
                0x0000000020013bf0                meta
 .bss.currentState
                0x0000000020013bf8        0x1 ./Core/Server/Src/state_machine.o
                0x0000000020013bf8                currentState
 *fill*         0x0000000020013bf9        0x3 
 .bss.alarmSchedule
                0x0000000020013bfc      0xe10 ./Core/Src/alarm.o
                0x0000000020013bfc                alarmSchedule
 .bss.currentAlarmCount
                0x0000000020014a0c        0x2 ./Core/Src/alarm.o
                0x0000000020014a0c                currentAlarmCount
 .bss.alarmTriggered
                0x0000000020014a0e        0x1 ./Core/Src/alarm.o
                0x0000000020014a0e                alarmTriggered
 *fill*         0x0000000020014a0f        0x1 
 .bss.lastCheckTick.0
                0x0000000020014a10        0x4 ./Core/Src/alarm.o
 .bss.time      0x0000000020014a14        0x7 ./Core/Src/ds3231.o
                0x0000000020014a14                time
 *fill*         0x0000000020014a1b        0x1 
 .bss.get_time  0x0000000020014a1c        0x7 ./Core/Src/ds3231.o
                0x0000000020014a1c                get_time
 *fill*         0x0000000020014a23        0x1 
 .bss.prev_sent_time
                0x0000000020014a24        0x7 ./Core/Src/ds3231.o
                0x0000000020014a24                prev_sent_time
 .bss.CardType  0x0000000020014a2b        0x1 ./Core/Src/fatfs_sd.o
 .bss.PowerFlag
                0x0000000020014a2c        0x1 ./Core/Src/fatfs_sd.o
 *fill*         0x0000000020014a2d        0x3 
 .bss.hi2c1     0x0000000020014a30       0x54 ./Core/Src/main.o
                0x0000000020014a30                hi2c1
 .bss.hspi3     0x0000000020014a84       0x58 ./Core/Src/main.o
                0x0000000020014a84                hspi3
 .bss.htim2     0x0000000020014adc       0x48 ./Core/Src/main.o
                0x0000000020014adc                htim2
 .bss.htim3     0x0000000020014b24       0x48 ./Core/Src/main.o
                0x0000000020014b24                htim3
 .bss.huart4    0x0000000020014b6c       0x44 ./Core/Src/main.o
                0x0000000020014b6c                huart4
 .bss.huart3    0x0000000020014bb0       0x44 ./Core/Src/main.o
                0x0000000020014bb0                huart3
 .bss.fs        0x0000000020014bf4     0x1038 ./Core/Src/main.o
                0x0000000020014bf4                fs
 .bss.fresult   0x0000000020015c2c        0x1 ./Core/Src/main.o
                0x0000000020015c2c                fresult
 *fill*         0x0000000020015c2d        0x3 
 .bss.playback_ctx
                0x0000000020015c30       0x14 ./Core/Src/main.o
                0x0000000020015c30                playback_ctx
 .bss.consoleOutput
                0x0000000020015c44       0x80 ./Core/Src/midi.o
                0x0000000020015c44                consoleOutput
 .bss.metadata  0x0000000020015cc4        0xc ./Core/Src/midi.o
                0x0000000020015cc4                metadata
 .bss.midiEvents.0
                0x0000000020015cd0     0x1770 ./Core/Src/midi.o
 .bss.Timer1    0x0000000020017440        0x1 ./Core/Src/stm32f4xx_it.o
                0x0000000020017440                Timer1
 .bss.Timer2    0x0000000020017441        0x1 ./Core/Src/stm32f4xx_it.o
                0x0000000020017441                Timer2
 *fill*         0x0000000020017442        0x2 
 .bss.__sbrk_heap_end
                0x0000000020017444        0x4 ./Core/Src/sysmem.o
 .bss.uwTick    0x0000000020017448        0x4 ./Drivers/STM32F4xx_HAL_Driver/Src/stm32f4xx_hal.o
                0x0000000020017448                uwTick
 .bss.retUSER   0x000000002001744c        0x1 ./FATFS/App/fatfs.o
                0x000000002001744c                retUSER
 *fill*         0x000000002001744d        0x3 
 .bss.USERPath  0x0000000020017450        0x4 ./FATFS/App/fatfs.o
                0x0000000020017450                USERPath