../Core/Server/Src/state_machine.c:8:6:start_receive	16	static
../Core/Server/Src/state_machine.c:12:6:HAL_UARTEx_RxEventCallback	16	static
../Core/Server/Src/state_machine.c:41:6:handle_command	16	static
../Core/Server/Src/state_machine.c:54:5:arr_to_string	32	static
../Core/Server/Src/state_machine.c:68:6:client_connect	40	static
../Core/Server/Src/state_machine.c:75:6:client_disconnect	40	static
../Core/Server/Src/state_machine.c:85:6:init_state_machine	8	static
../Core/Server/Src/state_machine.c:90:6:handle_data	24	static
../Core/Server/Src/state_machine.c:98:6:send_command_by_endpoint_meta_data	40	static
../Core/Server/Src/state_machine.c:110:6:handle_packet	592	static
../Core/Server/Src/state_machine.c:136:6:send_command	24	static
