../Core/Src/main.c:80:6:shift_reg_init	8	static
../Core/Src/main.c:85:6:put_val_to_shift_reg	24	static
../Core/Src/main.c:98:6:clear_shift_reg	8	static
../Core/Src/main.c:123:6:send_uart	24	static
../Core/Src/main.c:129:5:bufsize	24	static
../Core/Src/main.c:135:6:bufclear	16	static
../Core/Src/main.c:143:6:get_sd_dirs	520	static
../Core/Src/main.c:184:6:test_midi_play	6544	static
../Core/Src/main.c:321:9:writeFlash	40	static
../Core/Src/main.c:372:6:readFlash	32	static
../Core/Src/main.c:388:5:main	8	static
../Core/Src/main.c:450:6:SystemClock_Config	88	static
../Core/Src/main.c:496:13:MX_SPI3_Init	8	static
../Core/Src/main.c:534:13:MX_TIM2_Init	32	static
../Core/Src/main.c:579:13:MX_UART4_Init	8	static
../Core/Src/main.c:612:13:MX_GPIO_Init	48	static
../Core/Src/main.c:666:6:Error_Handler	4	static,ignoring_inline_asm
