../Core/Src/main.c:81:6:shift_reg_init	8	static
../Core/Src/main.c:86:6:put_val_to_shift_reg	24	static
../Core/Src/main.c:99:6:clear_shift_reg	8	static
../Core/Src/main.c:118:6:HAL_TIM_PeriodElapsedCallback	16	static
../Core/Src/main.c:136:6:send_uart	24	static
../Core/Src/main.c:141:5:bufsize	24	static
../Core/Src/main.c:147:6:bufclear	16	static
../Core/Src/main.c:155:6:get_sd_dirs	520	static
../Core/Src/main.c:195:6:send_time	16	static
../Core/Src/main.c:215:5:main	80	static
../Core/Src/main.c:298:6:SystemClock_Config	88	static
../Core/Src/main.c:344:13:MX_I2C1_Init	8	static
../Core/Src/main.c:378:13:MX_SPI3_Init	8	static
../Core/Src/main.c:416:13:MX_TIM2_Init	32	static
../Core/Src/main.c:461:13:MX_TIM3_Init	32	static
../Core/Src/main.c:506:13:MX_UART4_Init	8	static
../Core/Src/main.c:539:13:MX_USART3_UART_Init	8	static
../Core/Src/main.c:572:13:MX_GPIO_Init	48	static
../Core/Src/main.c:627:6:Error_Handler	4	static,ignoring_inline_asm
